Component: ARM Compiler 5.06 update 6 (build 750) Tool: armlink [4d35ed]

==============================================================================

Section Cross References

    main.o(.text) refers to oled.o(.text) for OLED_Clear
    main.o(.text) refers to usart.o(.text) for USART_SendString
    main.o(.text) refers to mystr.o(.text) for mstrchr
    main.o(.text) refers to light.o(.text) for Light_String
    main.o(.text) refers to motor.o(.text) for motor_ctl
    main.o(.text) refers to tasks.o(.text) for vTaskDelay
    main.o(.text) refers to key.o(.text) for KEY_Scan
    main.o(.text) refers to port.o(.text) for vPortEnterCritical
    main.o(.text) refers to misc.o(.text) for NVIC_PriorityGroupConfig
    main.o(.text) refers to delay.o(.text) for delay_init
    main.o(.text) refers to timer.o(.text) for TIM3_Int_Init
    main.o(.text) refers to main.o(.data) for sta_str
    main.o(.text) refers to motor.o(.data) for motor_sta
    main.o(.text) refers to light.o(.data) for rgb
    main.o(.text) refers to usart.o(.bss) for u2rx
    main.o(.data) refers to main.o(.conststring) for .conststring
    system_stm32f10x.o(.text) refers to system_stm32f10x.o(.data) for SystemCoreClock
    light.o(.text) refers to stm32f10x_tim.o(.text) for TIM_SetCompare1
    light.o(.text) refers to timer.o(.text) for TIM4_PWM_Init
    light.o(.text) refers to mystr.o(.text) for hex2int
    light.o(.text) refers to light.o(.data) for rgb
    timer.o(.text) refers to stm32f10x_rcc.o(.text) for RCC_APB1PeriphClockCmd
    timer.o(.text) refers to stm32f10x_tim.o(.text) for TIM_TimeBaseInit
    timer.o(.text) refers to misc.o(.text) for NVIC_Init
    timer.o(.text) refers to stm32f10x_gpio.o(.text) for GPIO_PinRemapConfig
    timer.o(.text) refers to timer.o(.data) for timeout
    timer.o(.text) refers to usart.o(.bss) for u2rx
    key.o(.text) refers to stm32f10x_rcc.o(.text) for RCC_APB2PeriphClockCmd
    key.o(.text) refers to stm32f10x_gpio.o(.text) for GPIO_Init
    key.o(.text) refers to delay.o(.text) for delay_ms
    key.o(.text) refers to key.o(.data) for key_up
    motor.o(.text) refers to stm32f10x_rcc.o(.text) for RCC_APB2PeriphClockCmd
    motor.o(.text) refers to stm32f10x_gpio.o(.text) for GPIO_Init
    motor.o(.text) refers to delay.o(.text) for delay_ms
    motor.o(.text) refers to mystr.o(.text) for mstrcmp
    motor.o(.text) refers to motor.o(.constdata) for phase
    motor.o(.text) refers to motor.o(.data) for motor_speed
    oled.o(.text) refers to stm32f10x_rcc.o(.text) for RCC_APB2PeriphClockCmd
    oled.o(.text) refers to stm32f10x_gpio.o(.text) for GPIO_Init
    oled.o(.text) refers to delay.o(.text) for delay_us
    oled.o(.text) refers to oled.o(.bss) for OLED_GRAM
    oled.o(.text) refers to oled.o(.constdata) for asc2_1206
    delay.o(.text) refers to tasks.o(.text) for xTaskGetSchedulerState
    delay.o(.text) refers to port.o(.text) for xPortSysTickHandler
    delay.o(.text) refers to misc.o(.text) for SysTick_CLKSourceConfig
    delay.o(.text) refers to system_stm32f10x.o(.data) for SystemCoreClock
    delay.o(.text) refers to delay.o(.data) for fac_us
    usart.o(.text) refers (Special) to use_no_semi_2.o(.text) for __use_no_semihosting
    usart.o(.text) refers to stm32f10x_rcc.o(.text) for RCC_APB2PeriphClockCmd
    usart.o(.text) refers to stm32f10x_gpio.o(.text) for GPIO_Init
    usart.o(.text) refers to misc.o(.text) for NVIC_Init
    usart.o(.text) refers to stm32f10x_usart.o(.text) for USART_Init
    usart.o(.text) refers to usart.o(.bss) for u1rx
    usart.o(.text) refers to timer.o(.data) for timeout
    usart.o(.bss) refers (Special) to use_no_semi_2.o(.text) for __use_no_semihosting
    usart.o(.data) refers (Special) to use_no_semi_2.o(.text) for __use_no_semihosting
    startup_stm32f10x_hd.o(STACK) refers (Special) to heapauxi.o(.text) for __use_two_region_memory
    startup_stm32f10x_hd.o(HEAP) refers (Special) to heapauxi.o(.text) for __use_two_region_memory
    startup_stm32f10x_hd.o(RESET) refers (Special) to heapauxi.o(.text) for __use_two_region_memory
    startup_stm32f10x_hd.o(RESET) refers to startup_stm32f10x_hd.o(STACK) for __initial_sp
    startup_stm32f10x_hd.o(RESET) refers to startup_stm32f10x_hd.o(.text) for Reset_Handler
    startup_stm32f10x_hd.o(RESET) refers to stm32f10x_it.o(.text) for NMI_Handler
    startup_stm32f10x_hd.o(RESET) refers to port.o(.emb_text) for SVC_Handler
    startup_stm32f10x_hd.o(RESET) refers to delay.o(.text) for SysTick_Handler
    startup_stm32f10x_hd.o(RESET) refers to timer.o(.text) for TIM3_IRQHandler
    startup_stm32f10x_hd.o(RESET) refers to usart.o(.text) for USART1_IRQHandler
    startup_stm32f10x_hd.o(.text) refers (Special) to heapauxi.o(.text) for __use_two_region_memory
    startup_stm32f10x_hd.o(.text) refers to system_stm32f10x.o(.text) for SystemInit
    startup_stm32f10x_hd.o(.text) refers to __main.o(!!!main) for __main
    startup_stm32f10x_hd.o(.text) refers to startup_stm32f10x_hd.o(HEAP) for Heap_Mem
[...]
    .ARM.Collect$$rtentry$$00000000          0x080001c8   Section        0  __rtentry.o(.ARM.Collect$$rtentry$$00000000)
    .ARM.Collect$$rtentry$$00000002          0x080001c8   Section        0  __rtentry2.o(.ARM.Collect$$rtentry$$00000002)
    .ARM.Collect$$rtentry$$00000004          0x080001c8   Section        6  __rtentry4.o(.ARM.Collect$$rtentry$$00000004)
    .ARM.Collect$$rtentry$$00000009          0x080001ce   Section        0  __rtentry2.o(.ARM.Collect$$rtentry$$00000009)
    .ARM.Collect$$rtentry$$0000000A          0x080001ce   Section        4  __rtentry2.o(.ARM.Collect$$rtentry$$0000000A)
    .ARM.Collect$$rtentry$$0000000C          0x080001d2   Section        0  __rtentry2.o(.ARM.Collect$$rtentry$$0000000C)
    .ARM.Collect$$rtentry$$0000000D          0x080001d2   Section        8  __rtentry2.o(.ARM.Collect$$rtentry$$0000000D)
    .ARM.Collect$$rtexit$$00000000           0x080001da   Section        2  rtexit.o(.ARM.Collect$$rtexit$$00000000)
    .ARM.Collect$$rtexit$$00000002           0x080001dc   Section        0  rtexit2.o(.ARM.Collect$$rtexit$$00000002)
    .ARM.Collect$$rtexit$$00000003           0x080001dc   Section        4  rtexit2.o(.ARM.Collect$$rtexit$$00000003)
    .ARM.Collect$$rtexit$$00000004           0x080001e0   Section        6  rtexit2.o(.ARM.Collect$$rtexit$$00000004)
    .emb_text                                0x080001e8   Section      150  port.o(.emb_text)
    .text                                    0x08000280   Section        0  main.o(.text)
    .text                                    0x080005c4   Section        0  stm32f10x_it.o(.text)
    .text                                    0x080005d8   Section        0  system_stm32f10x.o(.text)
    SetSysClockTo72                          0x080005d9   Thumb Code   214  system_stm32f10x.o(.text)
    SetSysClock                              0x080006af   Thumb Code     8  system_stm32f10x.o(.text)
    .text                                    0x080007b8   Section        0  mystr.o(.text)
    .text                                    0x08000828   Section        0  light.o(.text)
    .text                                    0x08000990   Section        0  timer.o(.text)
    .text                                    0x08000ae0   Section        0  key.o(.text)
    .text                                    0x08000bb8   Section        0  motor.o(.text)
    .text                                    0x08000ccc   Section        0  oled.o(.text)
    .text                                    0x08001384   Section        0  delay.o(.text)
    .text                                    0x08001488   Section        0  usart.o(.text)
    .text                                    0x080016b4   Section       64  startup_stm32f10x_hd.o(.text)
    .text                                    0x080016f4   Section        0  misc.o(.text)
    .text                                    0x080017d0   Section        0  stm32f10x_gpio.o(.text)
    .text                                    0x08001b2c   Section        0  stm32f10x_rcc.o(.text)
    .text                                    0x08001ed0   Section        0  stm32f10x_usart.o(.text)
    .text                                    0x080022d8   Section        0  stm32f10x_tim.o(.text)
    TI4_Config                               0x0800277f   Thumb Code   130  stm32f10x_tim.o(.text)
    TI3_Config                               0x08002813   Thumb Code   122  stm32f10x_tim.o(.text)
    TI2_Config                               0x080028a7   Thumb Code   130  stm32f10x_tim.o(.text)
    TI1_Config                               0x0800293b   Thumb Code   108  stm32f10x_tim.o(.text)
    .text                                    0x080030f2   Section        0  list.o(.text)
    .text                                    0x08003188   Section        0  queue.o(.text)
    prvInitialiseNewQueue                    0x08003211   Thumb Code    46  queue.o(.text)
    prvCopyDataToQueue                       0x0800328d   Thumb Code   124  queue.o(.text)
    prvNotifyQueueSetContainer               0x08003309   Thumb Code   124  queue.o(.text)
    prvUnlockQueue                           0x08003385   Thumb Code   146  queue.o(.text)
    prvIsQueueFull                           0x08003417   Thumb Code    30  queue.o(.text)
    prvInitialiseMutex                       0x080035fd   Thumb Code    28  queue.o(.text)
    prvIsQueueEmpty                          0x0800367d   Thumb Code    26  queue.o(.text)
    prvCopyDataFromQueue                     0x08003697   Thumb Code    42  queue.o(.text)
    .text                                    0x08003e94   Section        0  tasks.o(.text)
    prvInitialiseTaskLists                   0x08003e95   Thumb Code    70  tasks.o(.text)
    prvAddNewTaskToReadyList                 0x08003edb   Thumb Code   156  tasks.o(.text)
    prvInitialiseNewTask                     0x08003f77   Thumb Code   170  tasks.o(.text)
    prvResetNextTaskUnblockTime              0x08004081   Thumb Code    42  tasks.o(.text)
    prvDeleteTCB                             0x080040ab   Thumb Code    18  tasks.o(.text)
    prvAddCurrentTaskToDelayedList           0x080043df   Thumb Code   124  tasks.o(.text)
    prvTaskIsTaskSuspended                   0x0800489f   Thumb Code    76  tasks.o(.text)
    prvCheckTasksWaitingTermination          0x080049fd   Thumb Code    86  tasks.o(.text)
    prvIdleTask                              0x08004a53   Thumb Code    32  tasks.o(.text)
    prvTaskCheckFreeStackSpace               0x08004b91   Thumb Code    22  tasks.o(.text)
    prvListTasksWithinSingleList             0x08004c19   Thumb Code   106  tasks.o(.text)
    prvWriteNameToBuffer                     0x08005143   Thumb Code    42  tasks.o(.text)
    .text                                    0x080056b4   Section        0  timers.o(.text)
    prvInsertTimerInActiveList               0x080056b5   Thumb Code    80  timers.o(.text)
    prvSwitchTimerLists                      0x0800577b   Thumb Code   140  timers.o(.text)
    prvSampleTimeNow                         0x08005807   Thumb Code    40  timers.o(.text)
    prvProcessReceivedCommands               0x0800582f   Thumb Code   254  timers.o(.text)
    prvProcessExpiredTimer                   0x0800592d   Thumb Code    84  timers.o(.text)
    prvProcessTimerOrBlockTask               0x08005981   Thumb Code   102  timers.o(.text)
    prvGetNextExpireTime                     0x080059e7   Thumb Code    36  timers.o(.text)
    prvTimerTask                             0x08005a0b   Thumb Code    26  timers.o(.text)
    prvCheckForValidListAndQueue             0x08005a25   Thumb Code    72  timers.o(.text)
    prvInitialiseNewTimer                    0x08005aa5   Thumb Code   166  timers.o(.text)
    .text                                    0x08005cf4   Section        0  port.o(.text)
    prvTaskExitError                         0x08005cf5   Thumb Code    48  port.o(.text)
    .text                                    0x08005f60   Section        0  heap_4.o(.text)
    prvInsertBlockIntoFreeList               0x08005f61   Thumb Code    96  heap_4.o(.text)
    prvHeapInit                              0x08005fc1   Thumb Code    98  heap_4.o(.text)
    .text                                    0x08006200   Section        2  use_no_semi_2.o(.text)
    .text                                    0x08006204   Section        0  noretval__2printf.o(.text)
    .text                                    0x0800621c   Section        0  noretval__2sprintf.o(.text)
    .text                                    0x08006244   Section        0  __printf.o(.text)
    .text                                    0x080062ac   Section        0  _printf_str.o(.text)
    .text                                    0x08006300   Section        0  _printf_dec.o(.text)
    .text                                    0x08006378   Section        0  strcpy.o(.text)
    .text                                    0x080063c0   Section        0  strlen.o(.text)
    .text                                    0x080063fe   Section      138  rt_memcpy_v6.o(.text)
    .text                                    0x08006488   Section       16  aeabi_memset.o(.text)
    .text                                    0x08006498   Section        0  heapauxi.o(.text)
    .text                                    0x0800649e   Section        2  use_no_semi.o(.text)
    .text                                    0x080064a0   Section        0  _printf_intcommon.o(.text)
    .text                                    0x08006554   Section        0  _printf_char_common.o(.text)
    _printf_input_char                       0x08006555   Thumb Code    10  _printf_char_common.o(.text)
    .text                                    0x08006584   Section        0  _sputc.o(.text)
    .text                                    0x0800658e   Section        0  _printf_char.o(.text)
    .text                                    0x080065bc   Section        0  _printf_char_file.o(.text)
    .text                                    0x080065e0   Section      100  rt_memcpy_w.o(.text)
    .text                                    0x08006644   Section       68  rt_memclr.o(.text)
    .text                                    0x08006688   Section        0  ferror.o(.text)
    .text                                    0x08006690   Section       78  rt_memclr_w.o(.text)
    .text                                    0x080066de   Section       74  sys_stackheap_outer.o(.text)
    .text                                    0x08006728   Section        0  exit.o(.text)
    .text                                    0x0800673c   Section        8  libspace.o(.text)
    .constdata                               0x08006744   Section        4  motor.o(.constdata)
    .constdata                               0x08006748   Section     8152  oled.o(.constdata)
    .conststring                             0x08008720   Section       21  main.o(.conststring)
    .data                                    0x20000000   Section       32  main.o(.data)
    .data                                    0x20000020   Section       20  system_stm32f10x.o(.data)
    .data                                    0x20000034   Section        3  light.o(.data)
    .data                                    0x20000037   Section        1  timer.o(.data)
    .data                                    0x20000038   Section        1  key.o(.data)
    key_up                                   0x20000038   Data           1  key.o(.data)
    .data                                    0x20000039   Section        2  motor.o(.data)
    .data                                    0x2000003c   Section        4  delay.o(.data)
    fac_us                                   0x2000003c   Data           1  delay.o(.data)
    fac_ms                                   0x2000003e   Data           2  delay.o(.data)
    .data                                    0x20000040   Section        4  usart.o(.data)
    .data                                    0x20000044   Section       20  stm32f10x_rcc.o(.data)
    APBAHBPrescTable                         0x20000044   Data          16  stm32f10x_rcc.o(.data)
    ADCPrescTable                            0x20000054   Data           4  stm32f10x_rcc.o(.data)
    .data                                    0x20000058   Section       60  tasks.o(.data)
    pxDelayedTaskList                        0x2000005c   Data           4  tasks.o(.data)
    pxOverflowDelayedTaskList                0x20000060   Data           4  tasks.o(.data)
    uxDeletedTasksWaitingCleanUp             0x20000064   Data           4  tasks.o(.data)
    uxCurrentNumberOfTasks                   0x20000068   Data           4  tasks.o(.data)
    xTickCount                               0x2000006c   Data           4  tasks.o(.data)
    uxTopReadyPriority                       0x20000070   Data           4  tasks.o(.data)
    xSchedulerRunning                        0x20000074   Data           4  tasks.o(.data)
    uxPendedTicks                            0x20000078   Data           4  tasks.o(.data)
    xYieldPending                            0x2000007c   Data           4  tasks.o(.data)
    xNumOfOverflows                          0x20000080   Data           4  tasks.o(.data)
    uxTaskNumber                             0x20000084   Data           4  tasks.o(.data)
    xNextTaskUnblockTime                     0x20000088   Data           4  tasks.o(.data)
    xIdleTaskHandle                          0x2000008c   Data           4  tasks.o(.data)
    uxSchedulerSuspended                     0x20000090   Data           4  tasks.o(.data)
    .data                                    0x20000094   Section       20  timers.o(.data)
    pxCurrentTimerList                       0x20000094   Data           4  timers.o(.data)
    pxOverflowTimerList                      0x20000098   Data           4  timers.o(.data)
    xTimerQueue                              0x2000009c   Data           4  timers.o(.data)
    xTimerTaskHandle                         0x200000a0   Data           4  timers.o(.data)
    xLastTime                                0x200000a4   Data           4  timers.o(.data)
    .data                                    0x200000a8   Section       12  port.o(.data)
    uxCriticalNesting                        0x200000a8   Data           4  port.o(.data)
    ucMaxSysCallPriority                     0x200000ac   Data           1  port.o(.data)
    ulMaxPRIGROUPValue                       0x200000b0   Data           4  port.o(.data)
    .data                                    0x200000b4   Section       24  heap_4.o(.data)
    xStart                                   0x200000b4   Data           8  heap_4.o(.data)
    pxEnd                                    0x200000bc   Data           4  heap_4.o(.data)
    xFreeBytesRemaining                      0x200000c0   Data           4  heap_4.o(.data)
    xMinimumEverFreeBytesRemaining           0x200000c4   Data           4  heap_4.o(.data)
    xBlockAllocatedBit                       0x200000c8   Data           4  heap_4.o(.data)
    .bss                                     0x200000cc   Section     1024  oled.o(.bss)
    .bss                                     0x200004cc   Section      260  usart.o(.bss)
    .bss                                     0x200005d0   Section       64  queue.o(.bss)
    .bss                                     0x20000610   Section      740  tasks.o(.bss)
    pxReadyTasksLists                        0x20000610   Data         640  tasks.o(.bss)
    xDelayedTaskList1                        0x20000890   Data          20  tasks.o(.bss)
    xDelayedTaskList2                        0x200008a4   Data          20  tasks.o(.bss)
    xPendingReadyList                        0x200008b8   Data          20  tasks.o(.bss)
    xTasksWaitingTermination                 0x200008cc   Data          20  tasks.o(.bss)
    xSuspendedTaskList                       0x200008e0   Data          20  tasks.o(.bss)
    .bss                                     0x200008f4   Section       40  timers.o(.bss)
    xActiveTimerList1                        0x200008f4   Data          20  timers.o(.bss)
    xActiveTimerList2                        0x20000908   Data          20  timers.o(.bss)
    .bss                                     0x2000091c   Section    20480  heap_4.o(.bss)
    ucHeap                                   0x2000091c   Data       20480  heap_4.o(.bss)
    .bss                                     0x2000591c   Section       96  libspace.o(.bss)
    HEAP                                     0x20005980   Section      512  startup_stm32f10x_hd.o(HEAP)
    Heap_Mem                                 0x20005980   Data         512  startup_stm32f10x_hd.o(HEAP)
    STACK                                    0x20005b80   Section     1024  startup_stm32f10x_hd.o(STACK)
    Stack_Mem                                0x20005b80   Data        1024  startup_stm32f10x_hd.o(STACK)
    __initial_sp                             0x20005f80   Data           0  startup_stm32f10x_hd.o(STACK)

    Global Symbols

    Symbol Name                              Value     Ov Type        Size  Object(Section)

    BuildAttributes$$THM_ISAv4$P$D$K$B$S$PE$A:L22UL41UL21$X:L11$S22US41US21$IEEE1$IW$USESV6$~STKCKD$USESV7$~SHL$OSPACE$ROPI$EBA8$UX$STANDARDLIB$REQ8$PRES8$EABIv2 0x00000000   Number         0  anon$$obj.o ABSOLUTE
    __ARM_use_no_argv                        0x00000000   Number         0  main.o ABSOLUTE
    __ARM_exceptions_init                     - Undefined Weak Reference
    __alloca_initialize                       - Undefined Weak Reference
    __arm_preinit_                            - Undefined Weak Reference
    __cpp_initialize__aeabi_                  - Undefined Weak Reference
    __cxa_finalize                            - Undefined Weak Reference
    __rt_locale                               - Undefined Weak Reference
    __sigvec_lookup                           - Undefined Weak Reference
    _atexit_init                              - Undefined Weak Reference
    _call_atexit_fns                          - Undefined Weak Reference
    _clock_init                               - Undefined Weak Reference
    _fp_trap_init                             - Undefined Weak Reference
    _fp_trap_shutdown                         - Undefined Weak Reference
    _get_lc_collate                           - Undefined Weak Reference
    _get_lc_ctype                             - Undefined Weak Reference
    _get_lc_monetary                          - Undefined Weak Reference
    _get_lc_numeric                           - Undefined Weak Reference
    _get_lc_time                              - Undefined Weak Reference
    _getenv_init                              - Undefined Weak Reference
    _handle_redirection                       - Undefined Weak Reference
    _init_alloc                               - Undefined Weak Reference
    _init_user_alloc                          - Undefined Weak Reference
    _initio                                   - Undefined Weak Reference
    _mutex_acquire                            - Undefined Weak Reference
    _mutex_release                            - Undefined Weak Reference
    _printf_mbtowc                            - Undefined Weak Reference
    _printf_post_padding                      - Undefined Weak Reference
    _printf_pre_padding                       - Undefined Weak Reference
    _printf_truncate_signed                   - Undefined Weak Reference
    _printf_truncate_unsigned                 - Undefined Weak Reference
    _rand_init                                - Undefined Weak Reference
    _signal_finish                            - Undefined Weak Reference
    _signal_init                              - Undefined Weak Reference
    _terminate_alloc                          - Undefined Weak Reference
    _terminate_user_alloc                     - Undefined Weak Reference
    _terminateio                              - Undefined Weak Reference
    __Vectors_Size                           0x00000130   Number         0  startup_stm32f10x_hd.o ABSOLUTE
    __Vectors                                0x08000000   Data           4  startup_stm32f10x_hd.o(RESET)
    __Vectors_End                            0x08000130   Data           0  startup_stm32f10x_hd.o(RESET)
    __main                                   0x08000131   Thumb Code     8  __main.o(!!!main)
    __scatterload                            0x08000139   Thumb Code     0  __scatter.o(!!!scatter)
    __scatterload_rt2                        0x08000139   Thumb Code    44  __scatter.o(!!!scatter)
    __scatterload_rt2_thumb_only             0x08000139   Thumb Code     0  __scatter.o(!!!scatter)
    __scatterload_null                       0x08000147   Thumb Code     0  __scatter.o(!!!scatter)
    __scatterload_copy                       0x0800016d   Thumb Code    26  __scatter_copy.o(!!handler_copy)
    __scatterload_zeroinit                   0x08000189   Thumb Code    28  __scatter_zi.o(!!handler_zi)
    _printf_d                                0x080001a5   Thumb Code     0  _printf_d.o(.ARM.Collect$$_printf_percent$$00000009)
    _printf_percent                          0x080001a5   Thumb Code     0  _printf_percent.o(.ARM.Collect$$_printf_percent$$00000000)
    _printf_u                                0x080001ab   Thumb Code     0  _printf_u.o(.ARM.Collect$$_printf_percent$$0000000A)
    _printf_c                                0x080001b1   Thumb Code     0  _printf_c.o(.ARM.Collect$$_printf_percent$$00000013)
    _printf_s                                0x080001b7   Thumb Code     0  _printf_s.o(.ARM.Collect$$_printf_percent$$00000014)
    _printf_percent_end                      0x080001bd   Thumb Code     0  _printf_percent_end.o(.ARM.Collect$$_printf_percent$$00000017)
    __rt_lib_init                            0x080001c1   Thumb Code     0  libinit.o(.ARM.Collect$$libinit$$00000000)
    __rt_lib_init_alloca_1                   0x080001c3   Thumb Code     0  libinit2.o(.ARM.Collect$$libinit$$0000002E)
    __rt_lib_init_argv_1                     0x080001c3   Thumb Code     0  libinit2.o(.ARM.Collect$$libinit$$0000002C)
    __rt_lib_init_atexit_1                   0x080001c3   Thumb Code     0  libinit2.o(.ARM.Collect$$libinit$$0000001B)
    __rt_lib_init_clock_1                    0x080001c3   Thumb Code     0  libinit2.o(.ARM.Collect$$libinit$$00000021)
    __rt_lib_init_cpp_1                      0x080001c3   Thumb Code     0  libinit2.o(.ARM.Collect$$libinit$$00000032)
    __rt_lib_init_exceptions_1               0x080001c3   Thumb Code     0  libinit2.o(.ARM.Collect$$libinit$$00000030)
    __rt_lib_init_fp_1                       0x080001c3   Thumb Code     0  libinit2.o(.ARM.Collect$$libinit$$00000002)
    __rt_lib_init_fp_trap_1                  0x080001c3   Thumb Code     0  libinit2.o(.ARM.Collect$$libinit$$0000001F)
    __rt_lib_init_getenv_1                   0x080001c3   Thumb Code     0  libinit2.o(.ARM.Collect$$libinit$$00000023)
    __rt_lib_init_heap_1                     0x080001c3   Thumb Code     0  libinit2.o(.ARM.Collect$$libinit$$0000000A)
    __rt_lib_init_lc_collate_1               0x080001c3   Thumb Code     0  libinit2.o(.ARM.Collect$$libinit$$00000011)
    __rt_lib_init_lc_ctype_1                 0x080001c3   Thumb Code     0  libinit2.o(.ARM.Collect$$libinit$$00000013)
    __rt_lib_init_lc_monetary_1              0x080001c3   Thumb Code     0  libinit2.o(.ARM.Collect$$libinit$$00000015)
    __rt_lib_init_lc_numeric_1               0x080001c3   Thumb Code     0  libinit2.o(.ARM.Collect$$libinit$$00000017)
    __rt_lib_init_lc_time_1                  0x080001c3   Thumb Code     0  libinit2.o(.ARM.Collect$$libinit$$00000019)
    __rt_lib_init_preinit_1                  0x080001c3   Thumb Code     0  libinit2.o(.ARM.Collect$$libinit$$00000004)
    __rt_lib_init_rand_1                     0x080001c3   Thumb Code     0  libinit2.o(.ARM.Collect$$libinit$$0000000E)
    __rt_lib_init_return                     0x080001c3   Thumb Code     0  libinit2.o(.ARM.Collect$$libinit$$00000033)
    __rt_lib_init_signal_1                   0x080001c3   Thumb Code     0  libinit2.o(.ARM.Collect$$libinit$$0000001D)
    __rt_lib_init_stdio_1                    0x080001c3   Thumb Code     0  libinit2.o(.ARM.Collect$$libinit$$00000025)
    __rt_lib_init_user_alloc_1               0x080001c3   Thumb Code     0  libinit2.o(.ARM.Collect$$libinit$$0000000C)
    __rt_lib_shutdown                        0x080001c5   Thumb Code     0  libshutdown.o(.ARM.Collect$$libshutdown$$00000000)
    __rt_lib_shutdown_cpp_1                  0x080001c7   Thumb Code     0  libshutdown2.o(.ARM.Collect$$libshutdown$$00000002)
    __rt_lib_shutdown_fp_trap_1              0x080001c7   Thumb Code     0  libshutdown2.o(.ARM.Collect$$libshutdown$$00000007)
    __rt_lib_shutdown_heap_1                 0x080001c7   Thumb Code     0  libshutdown2.o(.ARM.Collect$$libshutdown$$0000000F)
    __rt_lib_shutdown_return                 0x080001c7   Thumb Code     0  libshutdown2.o(.ARM.Collect$$libshutdown$$00000010)
    __rt_lib_shutdown_signal_1               0x080001c7   Thumb Code     0  libshutdown2.o(.ARM.Collect$$libshutdown$$0000000A)
    __rt_lib_shutdown_stdio_1                0x080001c7   Thumb Code     0  libshutdown2.o(.ARM.Collect$$libshutdown$$00000004)
    __rt_lib_shutdown_user_alloc_1           0x080001c7   Thumb Code     0  libshutdown2.o(.ARM.Collect$$libshutdown$$0000000C)
    __rt_entry                               0x080001c9   Thumb Code     0  __rtentry.o(.ARM.Collect$$rtentry$$00000000)
    __rt_entry_presh_1                       0x080001c9   Thumb Code     0  __rtentry2.o(.ARM.Collect$$rtentry$$00000002)
    __rt_entry_sh                            0x080001c9   Thumb Code     0  __rtentry4.o(.ARM.Collect$$rtentry$$00000004)
    __rt_entry_li                            0x080001cf   Thumb Code     0  __rtentry2.o(.ARM.Collect$$rtentry$$0000000A)
    __rt_entry_postsh_1                      0x080001cf   Thumb Code     0  __rtentry2.o(.ARM.Collect$$rtentry$$00000009)
    __rt_entry_main                          0x080001d3   Thumb Code     0  __rtentry2.o(.ARM.Collect$$rtentry$$0000000D)
    __rt_entry_postli_1                      0x080001d3   Thumb Code     0  __rtentry2.o(.ARM.Collect$$rtentry$$0000000C)
    __rt_exit                                0x080001db   Thumb Code     0  rtexit.o(.ARM.Collect$$rtexit$$00000000)
    __rt_exit_ls                             0x080001dd   Thumb Code     0  rtexit2.o(.ARM.Collect$$rtexit$$00000003)
    __rt_exit_prels_1                        0x080001dd   Thumb Code     0  rtexit2.o(.ARM.Collect$$rtexit$$00000002)
    __rt_exit_exit                           0x080001e1   Thumb Code     0  rtexit2.o(.ARM.Collect$$rtexit$$00000004)
    SVC_Handler                              0x080001e9   Thumb Code    32  port.o(.emb_text)
    __asm___6_port_c_39a90d8d__prvStartFirstTask 0x0800020d   Thumb Code    28  port.o(.emb_text)
    PendSV_Handler                           0x0800022d   Thumb Code    72  port.o(.emb_text)
    vPortGetIPSR                             0x08000279   Thumb Code     6  port.o(.emb_text)
    draw_ui                                  0x08000281   Thumb Code    50  main.o(.text)
    show_ui                                  0x080002b3   Thumb Code   126  main.o(.text)
    uart2_task                               0x08000331   Thumb Code    72  main.o(.text)
    uart1_task                               0x08000379   Thumb Code    34  main.o(.text)
    motor_task                               0x0800039b   Thumb Code    48  main.o(.text)
    key_task                                 0x080003cb   Thumb Code    68  main.o(.text)
    start_task                               0x0800040f   Thumb Code   110  main.o(.text)
    main                                     0x0800047d   Thumb Code    92  main.o(.text)
    connect                                  0x080004d9   Thumb Code    28  main.o(.text)
    NMI_Handler                              0x080005c5   Thumb Code     2  stm32f10x_it.o(.text)
    HardFault_Handler                        0x080005c7   Thumb Code     4  stm32f10x_it.o(.text)
    MemManage_Handler                        0x080005cb   Thumb Code     4  stm32f10x_it.o(.text)
    BusFault_Handler                         0x080005cf   Thumb Code     4  stm32f10x_it.o(.text)
    UsageFault_Handler                       0x080005d3   Thumb Code     4  stm32f10x_it.o(.text)
    DebugMon_Handler                         0x080005d7   Thumb Code     2  stm32f10x_it.o(.text)
    SystemInit                               0x080006b7   Thumb Code    78  system_stm32f10x.o(.text)
    SystemCoreClockUpdate                    0x08000705   Thumb Code   142  system_stm32f10x.o(.text)
    mstrclr                                  0x080007b9   Thumb Code    16  mystr.o(.text)
    mstrchr                                  0x080007c9   Thumb Code    26  mystr.o(.text)
    mstrcmp                                  0x080007e3   Thumb Code    28  mystr.o(.text)
    hex2int                                  0x080007ff   Thumb Code    42  mystr.o(.text)
    Light_RGB                                0x08000829   Thumb Code    34  light.o(.text)
    Light_Init                               0x0800084b   Thumb Code    16  light.o(.text)
    Set_RGB                                  0x0800085b   Thumb Code    10  light.o(.text)
    Light_Char                               0x08000865   Thumb Code   166  light.o(.text)
    Light_String                             0x0800090b   Thumb Code   124  light.o(.text)
    TIM3_Int_Init                            0x08000991   Thumb Code    90  timer.o(.text)
    TIM3_IRQHandler                          0x080009eb   Thumb Code    60  timer.o(.text)
    TIM4_PWM_Init                            0x08000a27   Thumb Code   164  timer.o(.text)
    KEY_Init                                 0x08000ae1   Thumb Code    52  key.o(.text)
    KEY_Scan                                 0x08000b15   Thumb Code   150  key.o(.text)
    motor_cmd                                0x08000bb9   Thumb Code    40  motor.o(.text)
    Motor_Init                               0x08000be1   Thumb Code    46  motor.o(.text)
    motor_cw                                 0x08000c0f   Thumb Code    32  motor.o(.text)
    motor_ccw                                0x08000c2f   Thumb Code    32  motor.o(.text)
    motor_stop                               0x08000c4f   Thumb Code    18  motor.o(.text)
    motor_ctl                                0x08000c61   Thumb Code    64  motor.o(.text)
    IIC_Init                                 0x08000ccd   Thumb Code    46  oled.o(.text)
    IIC_Start                                0x08000cfb   Thumb Code    66  oled.o(.text)
    IIC_Stop                                 0x08000d3d   Thumb Code    62  oled.o(.text)
    IIC_Wait_Ack                             0x08000d7b   Thumb Code    86  oled.o(.text)
    IIC_Ack                                  0x08000dd1   Thumb Code    66  oled.o(.text)
    IIC_NAck                                 0x08000e13   Thumb Code    66  oled.o(.text)
    IIC_Send_Byte                            0x08000e55   Thumb Code   104  oled.o(.text)
    IIC_Read_Byte                            0x08000ebd   Thumb Code    98  oled.o(.text)
    OLED_WR_Cmd                              0x08000f1f   Thumb Code    44  oled.o(.text)
    OLED_WR_Data                             0x08000f4b   Thumb Code    44  oled.o(.text)
    OLED_Init                                0x08000f77   Thumb Code   188  oled.o(.text)
    OLED_Refresh_Gram                        0x08001033   Thumb Code    62  oled.o(.text)
    OLED_Display_On                          0x08001071   Thumb Code    22  oled.o(.text)
    OLED_Display_Off                         0x08001087   Thumb Code    22  oled.o(.text)
    OLED_Clear                               0x0800109d   Thumb Code    60  oled.o(.text)
    OLED_SetPos                              0x080010d9   Thumb Code    48  oled.o(.text)
    OLED_DrawPoint                           0x08001109   Thumb Code   100  oled.o(.text)
    OLED_ShowChar                            0x0800116d   Thumb Code   254  oled.o(.text)
    mypow                                    0x0800126b   Thumb Code    22  oled.o(.text)
    OLED_ShowNum                             0x08001281   Thumb Code   148  oled.o(.text)
    OLED_ShowString                          0x08001315   Thumb Code    94  oled.o(.text)
    SysTick_Handler                          0x08001385   Thumb Code    16  delay.o(.text)
    delay_init                               0x08001395   Thumb Code    74  delay.o(.text)
    delay_us                                 0x080013df   Thumb Code    68  delay.o(.text)
    delay_ms                                 0x08001423   Thumb Code    60  delay.o(.text)
    delay_xms                                0x0800145f   Thumb Code    24  delay.o(.text)
    _sys_exit                                0x08001489   Thumb Code     6  usart.o(.text)
    fputc                                    0x0800148f   Thumb Code    24  usart.o(.text)
    USART1_Init                              0x080014a7   Thumb Code   152  usart.o(.text)
    USART2_Init                              0x0800153f   Thumb Code   154  usart.o(.text)
    rx_clr                                   0x080015d9   Thumb Code     8  usart.o(.text)
    USART_SendString                         0x080015e1   Thumb Code    46  usart.o(.text)
    USART1_IRQHandler                        0x0800160f   Thumb Code    86  usart.o(.text)
    USART2_IRQHandler                        0x08001665   Thumb Code    54  usart.o(.text)
    Reset_Handler                            0x080016b5   Thumb Code     8  startup_stm32f10x_hd.o(.text)
    ADC1_2_IRQHandler                        0x080016cf   Thumb Code     0  startup_stm32f10x_hd.o(.text)
    ADC3_IRQHandler                          0x080016cf   Thumb Code     0  startup_stm32f10x_hd.o(.text)
    CAN1_RX1_IRQHandler                      0x080016cf   Thumb Code     0  startup_stm32f10x_hd.o(.text)
    CAN1_SCE_IRQHandler                      0x080016cf   Thumb Code     0  startup_stm32f10x_hd.o(.text)
    DMA1_Channel1_IRQHandler                 0x080016cf   Thumb Code     0  startup_stm32f10x_hd.o(.text)
    DMA1_Channel2_IRQHandler                 0x080016cf   Thumb Code     0  startup_stm32f10x_hd.o(.text)
    DMA1_Channel3_IRQHandler                 0x080016cf   Thumb Code     0  startup_stm32f10x_hd.o(.text)
    DMA1_Channel4_IRQHandler                 0x080016cf   Thumb Code     0  startup_stm32f10x_hd.o(.text)
    DMA1_Channel5_IRQHandler                 0x080016cf   Thumb Code     0  startup_stm32f10x_hd.o(.text)
    DMA1_Channel6_IRQHandler                 0x080016cf   Thumb Code     0  startup_stm32f10x_hd.o(.text)
    DMA1_Channel7_IRQHandler                 0x080016cf   Thumb Code     0  startup_stm32f10x_hd.o(.text)
    DMA2_Channel1_IRQHandler                 0x080016cf   Thumb Code     0  startup_stm32f10x_hd.o(.text)
    DMA2_Channel2_IRQHandler                 0x080016cf   Thumb Code     0  startup_stm32f10x_hd.o(.text)
    DMA2_Channel3_IRQHandler                 0x080016cf   Thumb Code     0  startup_stm32f10x_hd.o(.text)
    DMA2_Channel4_5_IRQHandler               0x080016cf   Thumb Code     0  startup_stm32f10x_hd.o(.text)
    EXTI0_IRQHandler                         0x080016cf   Thumb Code     0  startup_stm32f10x_hd.o(.text)
    EXTI15_10_IRQHandler                     0x080016cf   Thumb Code     0  startup_stm32f10x_hd.o(.text)
    EXTI1_IRQHandler                         0x080016cf   Thumb Code     0  startup_stm32f10x_hd.o(.text)
    EXTI2_IRQHandler                         0x080016cf   Thumb Code     0  startup_stm32f10x_hd.o(.text)
    EXTI3_IRQHandler                         0x080016cf   Thumb Code     0  startup_stm32f10x_hd.o(.text)
    EXTI4_IRQHandler                         0x080016cf   Thumb Code     0  startup_stm32f10x_hd.o(.text)
    EXTI9_5_IRQHandler                       0x080016cf   Thumb Code     0  startup_stm32f10x_hd.o(.text)
    FLASH_IRQHandler                         0x080016cf   Thumb Code     0  startup_stm32f10x_hd.o(.text)
    FSMC_IRQHandler                          0x080016cf   Thumb Code     0  startup_stm32f10x_hd.o(.text)
    I2C1_ER_IRQHandler                       0x080016cf   Thumb Code     0  startup_stm32f10x_hd.o(.text)
    I2C1_EV_IRQHandler                       0x080016cf   Thumb Code     0  startup_stm32f10x_hd.o(.text)
    I2C2_ER_IRQHandler                       0x080016cf   Thumb Code     0  startup_stm32f10x_hd.o(.text)
    I2C2_EV_IRQHandler                       0x080016cf   Thumb Code     0  startup_stm32f10x_hd.o(.text)
    PVD_IRQHandler                           0x080016cf   Thumb Code     0  startup_stm32f10x_hd.o(.text)
    RCC_IRQHandler                           0x080016cf   Thumb Code     0  startup_stm32f10x_hd.o(.text)
    RTCAlarm_IRQHandler                      0x080016cf   Thumb Code     0  startup_stm32f10x_hd.o(.text)
    RTC_IRQHandler                           0x080016cf   Thumb Code     0  startup_stm32f10x_hd.o(.text)
    SDIO_IRQHandler                          0x080016cf   Thumb Code     0  startup_stm32f10x_hd.o(.text)
    SPI1_IRQHandler                          0x080016cf   Thumb Code     0  startup_stm32f10x_hd.o(.text)
    SPI2_IRQHandler                          0x080016cf   Thumb Code     0  startup_stm32f10x_hd.o(.text)
    SPI3_IRQHandler                          0x080016cf   Thumb Code     0  startup_stm32f10x_hd.o(.text)
    TAMPER_IRQHandler                        0x080016cf   Thumb Code     0  startup_stm32f10x_hd.o(.text)
    TIM1_BRK_IRQHandler                      0x080016cf   Thumb Code     0  startup_stm32f10x_hd.o(.text)
    TIM1_CC_IRQHandler                       0x080016cf   Thumb Code     0  startup_stm32f10x_hd.o(.text)
    TIM1_TRG_COM_IRQHandler                  0x080016cf   Thumb Code     0  startup_stm32f10x_hd.o(.text)
    TIM1_UP_IRQHandler                       0x080016cf   Thumb Code     0  startup_stm32f10x_hd.o(.text)
    TIM2_IRQHandler                          0x080016cf   Thumb Code     0  startup_stm32f10x_hd.o(.text)
    TIM4_IRQHandler                          0x080016cf   Thumb Code     0  startup_stm32f10x_hd.o(.text)
    TIM5_IRQHandler                          0x080016cf   Thumb Code     0  startup_stm32f10x_hd.o(.text)
    TIM6_IRQHandler                          0x080016cf   Thumb Code     0  startup_stm32f10x_hd.o(.text)
    TIM7_IRQHandler                          0x080016cf   Thumb Code     0  startup_stm32f10x_hd.o(.text)
    TIM8_BRK_IRQHandler                      0x080016cf   Thumb Code     0  startup_stm32f10x_hd.o(.text)
    TIM8_CC_IRQHandler                       0x080016cf   Thumb Code     0  startup_stm32f10x_hd.o(.text)
    TIM8_TRG_COM_IRQHandler                  0x080016cf   Thumb Code     0  startup_stm32f10x_hd.o(.text)
    TIM8_UP_IRQHandler                       0x080016cf   Thumb Code     0  startup_stm32f10x_hd.o(.text)
    UART4_IRQHandler                         0x080016cf   Thumb Code     0  startup_stm32f10x_hd.o(.text)
    UART5_IRQHandler                         0x080016cf   Thumb Code     0  startup_stm32f10x_hd.o(.text)
    USART3_IRQHandler                        0x080016cf   Thumb Code     0  startup_stm32f10x_hd.o(.text)
    USBWakeUp_IRQHandler                     0x080016cf   Thumb Code     0  startup_stm32f10x_hd.o(.text)
    USB_HP_CAN1_TX_IRQHandler                0x080016cf   Thumb Code     0  startup_stm32f10x_hd.o(.text)
    USB_LP_CAN1_RX0_IRQHandler               0x080016cf   Thumb Code     0  startup_stm32f10x_hd.o(.text)
    WWDG_IRQHandler                          0x080016cf   Thumb Code     0  startup_stm32f10x_hd.o(.text)
    __user_initial_stackheap                 0x080016d1   Thumb Code     0  startup_stm32f10x_hd.o(.text)
    NVIC_PriorityGroupConfig                 0x080016f5   Thumb Code    10  misc.o(.text)
    NVIC_Init                                0x080016ff   Thumb Code   100  misc.o(.text)
    NVIC_SetVectorTable                      0x08001763   Thumb Code    14  misc.o(.text)
    NVIC_SystemLPConfig                      0x08001771   Thumb Code    34  misc.o(.text)
    SysTick_CLKSourceConfig                  0x08001793   Thumb Code    40  misc.o(.text)
    GPIO_DeInit                              0x080017d1   Thumb Code   172  stm32f10x_gpio.o(.text)
    GPIO_AFIODeInit                          0x0800187d   Thumb Code    20  stm32f10x_gpio.o(.text)
    GPIO_Init                                0x08001891   Thumb Code   278  stm32f10x_gpio.o(.text)
    GPIO_StructInit                          0x080019a7   Thumb Code    16  stm32f10x_gpio.o(.text)
    GPIO_ReadInputDataBit                    0x080019b7   Thumb Code    18  stm32f10x_gpio.o(.text)
    GPIO_ReadInputData                       0x080019c9   Thumb Code     8  stm32f10x_gpio.o(.text)
    GPIO_ReadOutputDataBit                   0x080019d1   Thumb Code    18  stm32f10x_gpio.o(.text)
    GPIO_ReadOutputData                      0x080019e3   Thumb Code     8  stm32f10x_gpio.o(.text)
    GPIO_SetBits                             0x080019eb   Thumb Code     4  stm32f10x_gpio.o(.text)
    GPIO_ResetBits                           0x080019ef   Thumb Code     4  stm32f10x_gpio.o(.text)
    GPIO_WriteBit                            0x080019f3   Thumb Code    10  stm32f10x_gpio.o(.text)
    GPIO_Write                               0x080019fd   Thumb Code     4  stm32f10x_gpio.o(.text)
    GPIO_PinLockConfig                       0x08001a01   Thumb Code    18  stm32f10x_gpio.o(.text)
    GPIO_EventOutputConfig                   0x08001a13   Thumb Code    26  stm32f10x_gpio.o(.text)
    GPIO_EventOutputCmd                      0x08001a2d   Thumb Code     6  stm32f10x_gpio.o(.text)
    GPIO_PinRemapConfig                      0x08001a33   Thumb Code   138  stm32f10x_gpio.o(.text)
    GPIO_EXTILineConfig                      0x08001abd   Thumb Code    66  stm32f10x_gpio.o(.text)
    GPIO_ETH_MediaInterfaceConfig            0x08001aff   Thumb Code     8  stm32f10x_gpio.o(.text)
    RCC_DeInit                               0x08001b2d   Thumb Code    64  stm32f10x_rcc.o(.text)
    RCC_HSEConfig                            0x08001b6d   Thumb Code    70  stm32f10x_rcc.o(.text)
    RCC_GetFlagStatus                        0x08001bb3   Thumb Code    56  stm32f10x_rcc.o(.text)
    RCC_WaitForHSEStartUp                    0x08001beb   Thumb Code    56  stm32f10x_rcc.o(.text)
    RCC_AdjustHSICalibrationValue            0x08001c23   Thumb Code    20  stm32f10x_rcc.o(.text)
    RCC_HSICmd                               0x08001c37   Thumb Code     6  stm32f10x_rcc.o(.text)
    RCC_PLLConfig                            0x08001c3d   Thumb Code    24  stm32f10x_rcc.o(.text)
    RCC_PLLCmd                               0x08001c55   Thumb Code     6  stm32f10x_rcc.o(.text)
    RCC_SYSCLKConfig                         0x08001c5b   Thumb Code    18  stm32f10x_rcc.o(.text)
    RCC_GetSYSCLKSource                      0x08001c6d   Thumb Code    10  stm32f10x_rcc.o(.text)
    RCC_HCLKConfig                           0x08001c77   Thumb Code    18  stm32f10x_rcc.o(.text)
    RCC_PCLK1Config                          0x08001c89   Thumb Code    18  stm32f10x_rcc.o(.text)
    RCC_PCLK2Config                          0x08001c9b   Thumb Code    20  stm32f10x_rcc.o(.text)
    RCC_ITConfig                             0x08001caf   Thumb Code    26  stm32f10x_rcc.o(.text)
    RCC_USBCLKConfig                         0x08001cc9   Thumb Code     8  stm32f10x_rcc.o(.text)
    RCC_ADCCLKConfig                         0x08001cd1   Thumb Code    18  stm32f10x_rcc.o(.text)
    RCC_LSEConfig                            0x08001ce3   Thumb Code    50  stm32f10x_rcc.o(.text)
    RCC_LSICmd                               0x08001d15   Thumb Code     6  stm32f10x_rcc.o(.text)
    RCC_RTCCLKConfig                         0x08001d1b   Thumb Code    12  stm32f10x_rcc.o(.text)
    RCC_RTCCLKCmd                            0x08001d27   Thumb Code     8  stm32f10x_rcc.o(.text)
    RCC_GetClocksFreq                        0x08001d2f   Thumb Code   192  stm32f10x_rcc.o(.text)
    RCC_AHBPeriphClockCmd                    0x08001def   Thumb Code    26  stm32f10x_rcc.o(.text)
    RCC_APB2PeriphClockCmd                   0x08001e09   Thumb Code    26  stm32f10x_rcc.o(.text)
    RCC_APB1PeriphClockCmd                   0x08001e23   Thumb Code    26  stm32f10x_rcc.o(.text)
    RCC_APB2PeriphResetCmd                   0x08001e3d   Thumb Code    26  stm32f10x_rcc.o(.text)
    RCC_APB1PeriphResetCmd                   0x08001e57   Thumb Code    26  stm32f10x_rcc.o(.text)
    RCC_BackupResetCmd                       0x08001e71   Thumb Code     8  stm32f10x_rcc.o(.text)
    RCC_ClockSecuritySystemCmd               0x08001e79   Thumb Code     6  stm32f10x_rcc.o(.text)
    RCC_MCOConfig                            0x08001e7f   Thumb Code     6  stm32f10x_rcc.o(.text)
    RCC_ClearFlag                            0x08001e85   Thumb Code    14  stm32f10x_rcc.o(.text)
    RCC_GetITStatus                          0x08001e93   Thumb Code    20  stm32f10x_rcc.o(.text)
    RCC_ClearITPendingBit                    0x08001ea7   Thumb Code     6  stm32f10x_rcc.o(.text)
    USART_DeInit                             0x08001ed1   Thumb Code   134  stm32f10x_usart.o(.text)
    USART_Init                               0x08001f57   Thumb Code   210  stm32f10x_usart.o(.text)
    USART_StructInit                         0x08002029   Thumb Code    24  stm32f10x_usart.o(.text)
    USART_ClockInit                          0x08002041   Thumb Code    34  stm32f10x_usart.o(.text)
    USART_ClockStructInit                    0x08002063   Thumb Code    12  stm32f10x_usart.o(.text)
    USART_Cmd                                0x0800206f   Thumb Code    24  stm32f10x_usart.o(.text)
    USART_ITConfig                           0x08002087   Thumb Code    74  stm32f10x_usart.o(.text)
    USART_DMACmd                             0x080020d1   Thumb Code    18  stm32f10x_usart.o(.text)
    USART_SetAddress                         0x080020e3   Thumb Code    18  stm32f10x_usart.o(.text)
    USART_WakeUpConfig                       0x080020f5   Thumb Code    18  stm32f10x_usart.o(.text)
    USART_ReceiverWakeUpCmd                  0x08002107   Thumb Code    24  stm32f10x_usart.o(.text)
    USART_LINBreakDetectLengthConfig         0x0800211f   Thumb Code    18  stm32f10x_usart.o(.text)
    USART_LINCmd                             0x08002131   Thumb Code    24  stm32f10x_usart.o(.text)
    USART_SendData                           0x08002149   Thumb Code     8  stm32f10x_usart.o(.text)
    USART_ReceiveData                        0x08002151   Thumb Code    10  stm32f10x_usart.o(.text)
    USART_SendBreak                          0x0800215b   Thumb Code    10  stm32f10x_usart.o(.text)
    USART_SetGuardTime                       0x08002165   Thumb Code    16  stm32f10x_usart.o(.text)
    USART_SetPrescaler                       0x08002175   Thumb Code    16  stm32f10x_usart.o(.text)
    USART_SmartCardCmd                       0x08002185   Thumb Code    24  stm32f10x_usart.o(.text)
    USART_SmartCardNACKCmd                   0x0800219d   Thumb Code    24  stm32f10x_usart.o(.text)
    USART_HalfDuplexCmd                      0x080021b5   Thumb Code    24  stm32f10x_usart.o(.text)
    USART_OverSampling8Cmd                   0x080021cd   Thumb Code    22  stm32f10x_usart.o(.text)
    USART_OneBitMethodCmd                    0x080021e3   Thumb Code    24  stm32f10x_usart.o(.text)
    USART_IrDAConfig                         0x080021fb   Thumb Code    18  stm32f10x_usart.o(.text)
    USART_IrDACmd                            0x0800220d   Thumb Code    24  stm32f10x_usart.o(.text)
    USART_GetFlagStatus                      0x08002225   Thumb Code    26  stm32f10x_usart.o(.text)
    USART_ClearFlag                          0x0800223f   Thumb Code    18  stm32f10x_usart.o(.text)
    USART_GetITStatus                        0x08002251   Thumb Code    84  stm32f10x_usart.o(.text)
    USART_ClearITPendingBit                  0x080022a5   Thumb Code    52  stm32f10x_usart.o(.text)
    TIM_DeInit                               0x080022d9   Thumb Code   424  stm32f10x_tim.o(.text)
    TIM_TimeBaseInit                         0x08002481   Thumb Code   122  stm32f10x_tim.o(.text)
    TIM_OC1Init                              0x080024fb   Thumb Code   132  stm32f10x_tim.o(.text)
    TIM_OC2Init                              0x0800257f   Thumb Code   154  stm32f10x_tim.o(.text)
    TIM_OC3Init                              0x08002619   Thumb Code   150  stm32f10x_tim.o(.text)
    TIM_OC4Init                              0x080026af   Thumb Code   182  stm32f10x_tim.o(.text)
    TIM_SetIC4Prescaler                      0x08002765   Thumb Code    26  stm32f10x_tim.o(.text)
    TIM_SetIC3Prescaler                      0x08002801   Thumb Code    18  stm32f10x_tim.o(.text)
    TIM_SetIC2Prescaler                      0x0800288d   Thumb Code    26  stm32f10x_tim.o(.text)
    TIM_SetIC1Prescaler                      0x08002929   Thumb Code    18  stm32f10x_tim.o(.text)
    TIM_ICInit                               0x080029a7   Thumb Code   150  stm32f10x_tim.o(.text)
    TIM_PWMIConfig                           0x08002a3d   Thumb Code   124  stm32f10x_tim.o(.text)
    TIM_BDTRConfig                           0x08002ab9   Thumb Code    32  stm32f10x_tim.o(.text)
    TIM_TimeBaseStructInit                   0x08002ad9   Thumb Code    18  stm32f10x_tim.o(.text)
    TIM_OCStructInit                         0x08002aeb   Thumb Code    20  stm32f10x_tim.o(.text)
    TIM_ICStructInit                         0x08002aff   Thumb Code    18  stm32f10x_tim.o(.text)
    TIM_BDTRStructInit                       0x08002b11   Thumb Code    40  stm32f10x_tim.o(.text)
    TIM_Cmd                                  0x08002b39   Thumb Code    24  stm32f10x_tim.o(.text)
    TIM_CtrlPWMOutputs                       0x08002b51   Thumb Code    30  stm32f10x_tim.o(.text)
    TIM_ITConfig                             0x08002b6f   Thumb Code    18  stm32f10x_tim.o(.text)
    TIM_GenerateEvent                        0x08002b81   Thumb Code     4  stm32f10x_tim.o(.text)
    TIM_DMAConfig                            0x08002b85   Thumb Code    10  stm32f10x_tim.o(.text)
    TIM_DMACmd                               0x08002b8f   Thumb Code    18  stm32f10x_tim.o(.text)
    TIM_InternalClockConfig                  0x08002ba1   Thumb Code    12  stm32f10x_tim.o(.text)
    TIM_SelectInputTrigger                   0x08002bad   Thumb Code    18  stm32f10x_tim.o(.text)
    TIM_ITRxExternalClockConfig              0x08002bbf   Thumb Code    24  stm32f10x_tim.o(.text)
    TIM_TIxExternalClockConfig               0x08002bd7   Thumb Code    62  stm32f10x_tim.o(.text)
    TIM_ETRConfig                            0x08002c15   Thumb Code    28  stm32f10x_tim.o(.text)
    TIM_ETRClockMode1Config                  0x08002c31   Thumb Code    54  stm32f10x_tim.o(.text)
    TIM_ETRClockMode2Config                  0x08002c67   Thumb Code    32  stm32f10x_tim.o(.text)
    TIM_PrescalerConfig                      0x08002c87   Thumb Code     6  stm32f10x_tim.o(.text)
    TIM_CounterModeConfig                    0x08002c8d   Thumb Code    18  stm32f10x_tim.o(.text)
    TIM_EncoderInterfaceConfig               0x08002c9f   Thumb Code    66  stm32f10x_tim.o(.text)
    TIM_ForcedOC1Config                      0x08002ce1   Thumb Code    18  stm32f10x_tim.o(.text)
    TIM_ForcedOC2Config                      0x08002cf3   Thumb Code    26  stm32f10x_tim.o(.text)
    TIM_ForcedOC3Config                      0x08002d0d   Thumb Code    18  stm32f10x_tim.o(.text)
    TIM_ForcedOC4Config                      0x08002d1f   Thumb Code    26  stm32f10x_tim.o(.text)
    TIM_ARRPreloadConfig                     0x08002d39   Thumb Code    24  stm32f10x_tim.o(.text)
    TIM_SelectCOM                            0x08002d51   Thumb Code    24  stm32f10x_tim.o(.text)
    TIM_SelectCCDMA                          0x08002d69   Thumb Code    24  stm32f10x_tim.o(.text)
    TIM_CCPreloadControl                     0x08002d81   Thumb Code    24  stm32f10x_tim.o(.text)
    TIM_OC1PreloadConfig                     0x08002d99   Thumb Code    18  stm32f10x_tim.o(.text)
    TIM_OC2PreloadConfig                     0x08002dab   Thumb Code    26  stm32f10x_tim.o(.text)
    TIM_OC3PreloadConfig                     0x08002dc5   Thumb Code    18  stm32f10x_tim.o(.text)
    TIM_OC4PreloadConfig                     0x08002dd7   Thumb Code    26  stm32f10x_tim.o(.text)
    TIM_OC1FastConfig                        0x08002df1   Thumb Code    18  stm32f10x_tim.o(.text)
    TIM_OC2FastConfig                        0x08002e03   Thumb Code    26  stm32f10x_tim.o(.text)
    TIM_OC3FastConfig                        0x08002e1d   Thumb Code    18  stm32f10x_tim.o(.text)
    TIM_OC4FastConfig                        0x08002e2f   Thumb Code    26  stm32f10x_tim.o(.text)
    TIM_ClearOC1Ref                          0x08002e49   Thumb Code    18  stm32f10x_tim.o(.text)
    TIM_ClearOC2Ref                          0x08002e5b   Thumb Code    24  stm32f10x_tim.o(.text)
    TIM_ClearOC3Ref                          0x08002e73   Thumb Code    18  stm32f10x_tim.o(.text)
    TIM_ClearOC4Ref                          0x08002e85   Thumb Code    24  stm32f10x_tim.o(.text)
    TIM_OC1PolarityConfig                    0x08002e9d   Thumb Code    18  stm32f10x_tim.o(.text)
    TIM_OC1NPolarityConfig                   0x08002eaf   Thumb Code    18  stm32f10x_tim.o(.text)
    TIM_OC2PolarityConfig                    0x08002ec1   Thumb Code    26  stm32f10x_tim.o(.text)
    TIM_OC2NPolarityConfig                   0x08002edb   Thumb Code    26  stm32f10x_tim.o(.text)
    TIM_OC3PolarityConfig                    0x08002ef5   Thumb Code    26  stm32f10x_tim.o(.text)
    TIM_OC3NPolarityConfig                   0x08002f0f   Thumb Code    26  stm32f10x_tim.o(.text)
    TIM_OC4PolarityConfig                    0x08002f29   Thumb Code    26  stm32f10x_tim.o(.text)
    TIM_CCxCmd                               0x08002f43   Thumb Code    30  stm32f10x_tim.o(.text)
    TIM_CCxNCmd                              0x08002f61   Thumb Code    30  stm32f10x_tim.o(.text)
    TIM_SelectOCxM                           0x08002f7f   Thumb Code    82  stm32f10x_tim.o(.text)
    TIM_UpdateDisableConfig                  0x08002fd1   Thumb Code    24  stm32f10x_tim.o(.text)
    TIM_UpdateRequestConfig                  0x08002fe9   Thumb Code    24  stm32f10x_tim.o(.text)
    TIM_SelectHallSensor                     0x08003001   Thumb Code    24  stm32f10x_tim.o(.text)
    TIM_SelectOnePulseMode                   0x08003019   Thumb Code    18  stm32f10x_tim.o(.text)
    TIM_SelectOutputTrigger                  0x0800302b   Thumb Code    18  stm32f10x_tim.o(.text)
    TIM_SelectSlaveMode                      0x0800303d   Thumb Code    18  stm32f10x_tim.o(.text)
    TIM_SelectMasterSlaveMode                0x0800304f   Thumb Code    18  stm32f10x_tim.o(.text)
    TIM_SetCounter                           0x08003061   Thumb Code     4  stm32f10x_tim.o(.text)
    TIM_SetAutoreload                        0x08003065   Thumb Code     4  stm32f10x_tim.o(.text)
    TIM_SetCompare1                          0x08003069   Thumb Code     4  stm32f10x_tim.o(.text)
    TIM_SetCompare2                          0x0800306d   Thumb Code     4  stm32f10x_tim.o(.text)
    TIM_SetCompare3                          0x08003071   Thumb Code     4  stm32f10x_tim.o(.text)
    TIM_SetCompare4                          0x08003075   Thumb Code     6  stm32f10x_tim.o(.text)
    TIM_SetClockDivision                     0x0800307b   Thumb Code    18  stm32f10x_tim.o(.text)
    TIM_GetCapture1                          0x0800308d   Thumb Code     6  stm32f10x_tim.o(.text)
    TIM_GetCapture2                          0x08003093   Thumb Code     6  stm32f10x_tim.o(.text)
    TIM_GetCapture3                          0x08003099   Thumb Code     6  stm32f10x_tim.o(.text)
    TIM_GetCapture4                          0x0800309f   Thumb Code     8  stm32f10x_tim.o(.text)
    TIM_GetCounter                           0x080030a7   Thumb Code     6  stm32f10x_tim.o(.text)
    TIM_GetPrescaler                         0x080030ad   Thumb Code     6  stm32f10x_tim.o(.text)
    TIM_GetFlagStatus                        0x080030b3   Thumb Code    18  stm32f10x_tim.o(.text)
    TIM_ClearFlag                            0x080030c5   Thumb Code     6  stm32f10x_tim.o(.text)
    TIM_GetITStatus                          0x080030cb   Thumb Code    34  stm32f10x_tim.o(.text)
    TIM_ClearITPendingBit                    0x080030ed   Thumb Code     6  stm32f10x_tim.o(.text)
    vListInitialise                          0x080030f3   Thumb Code    26  list.o(.text)
    vListInitialiseItem                      0x0800310d   Thumb Code     6  list.o(.text)
    vListInsertEnd                           0x08003113   Thumb Code    24  list.o(.text)
    vListInsert                              0x0800312b   Thumb Code    52  list.o(.text)
    uxListRemove                             0x0800315f   Thumb Code    40  list.o(.text)
    xQueueGenericReset                       0x08003189   Thumb Code   136  queue.o(.text)
    xQueueGenericCreate                      0x0800323f   Thumb Code    78  queue.o(.text)
    xQueueGenericSend                        0x08003435   Thumb Code   456  queue.o(.text)
    xQueueCreateMutex                        0x08003619   Thumb Code    34  queue.o(.text)
    xQueueGiveMutexRecursive                 0x0800363b   Thumb Code    66  queue.o(.text)
    xQueueGenericReceive                     0x080036c1   Thumb Code   428  queue.o(.text)
    xQueueTakeMutexRecursive                 0x0800386d   Thumb Code    76  queue.o(.text)
    xQueueCreateCountingSemaphore            0x080038b9   Thumb Code    80  queue.o(.text)
    xQueueGenericSendFromISR                 0x08003909   Thumb Code   252  queue.o(.text)
    xQueueGiveFromISR                        0x08003a05   Thumb Code   228  queue.o(.text)
    xQueueReceiveFromISR                     0x08003ae9   Thumb Code   190  queue.o(.text)
    xQueuePeekFromISR                        0x08003ba7   Thumb Code   158  queue.o(.text)
    uxQueueMessagesWaiting                   0x08003c45   Thumb Code    36  queue.o(.text)
    uxQueueSpacesAvailable                   0x08003c69   Thumb Code    42  queue.o(.text)
    uxQueueMessagesWaitingFromISR            0x08003c93   Thumb Code    28  queue.o(.text)
    vQueueUnregisterQueue                    0x08003caf   Thumb Code    44  queue.o(.text)
    vQueueDelete                             0x08003cdb   Thumb Code    38  queue.o(.text)
    uxQueueGetQueueNumber                    0x08003d01   Thumb Code     6  queue.o(.text)
    vQueueSetQueueNumber                     0x08003d07   Thumb Code     4  queue.o(.text)
    ucQueueGetQueueType                      0x08003d0b   Thumb Code     8  queue.o(.text)
    xQueueIsQueueEmptyFromISR                0x08003d13   Thumb Code    36  queue.o(.text)
    xQueueIsQueueFullFromISR                 0x08003d37   Thumb Code    40  queue.o(.text)
    vQueueAddToRegistry                      0x08003d5f   Thumb Code    38  queue.o(.text)
    pcQueueGetName                           0x08003d85   Thumb Code    38  queue.o(.text)
    vQueueWaitForMessageRestricted           0x08003dab   Thumb Code    74  queue.o(.text)
    xQueueCreateSet                          0x08003df5   Thumb Code    20  queue.o(.text)
    xQueueAddToSet                           0x08003e09   Thumb Code    38  queue.o(.text)
    xQueueRemoveFromSet                      0x08003e2f   Thumb Code    48  queue.o(.text)
    xQueueSelectFromSet                      0x08003e5f   Thumb Code    26  queue.o(.text)
    xQueueSelectFromSetFromISR               0x08003e79   Thumb Code    22  queue.o(.text)
    xTaskCreate                              0x08004021   Thumb Code    96  tasks.o(.text)
    vTaskDelete                              0x080040bd   Thumb Code   192  tasks.o(.text)
    xTaskIncrementTick                       0x0800417d   Thumb Code   392  tasks.o(.text)
    xTaskResumeAll                           0x08004305   Thumb Code   218  tasks.o(.text)
    vTaskSuspendAll                          0x0800445b   Thumb Code    12  tasks.o(.text)
    vTaskDelayUntil                          0x08004467   Thumb Code   182  tasks.o(.text)
    vTaskDelay                               0x0800451d   Thumb Code    76  tasks.o(.text)
    eTaskGetState                            0x08004569   Thumb Code   106  tasks.o(.text)
    uxTaskPriorityGet                        0x080045d3   Thumb Code    30  tasks.o(.text)
    uxTaskPriorityGetFromISR                 0x080045f1   Thumb Code    62  tasks.o(.text)
    vTaskPrioritySet                         0x0800462f   Thumb Code   320  tasks.o(.text)
    vTaskSwitchContext                       0x0800476f   Thumb Code   114  tasks.o(.text)
    vTaskSuspend                             0x080047e1   Thumb Code   190  tasks.o(.text)
    vTaskResume                              0x080048eb   Thumb Code   122  tasks.o(.text)
    xTaskResumeFromISR                       0x08004965   Thumb Code   152  tasks.o(.text)
    vTaskStartScheduler                      0x08004a73   Thumb Code   112  tasks.o(.text)
    vTaskEndScheduler                        0x08004ae3   Thumb Code    32  tasks.o(.text)
    xTaskGetTickCount                        0x08004b03   Thumb Code     6  tasks.o(.text)
    xTaskGetTickCountFromISR                 0x08004b09   Thumb Code    16  tasks.o(.text)
    uxTaskGetNumberOfTasks                   0x08004b19   Thumb Code     6  tasks.o(.text)
    pcTaskGetName                            0x08004b1f   Thumb Code   114  tasks.o(.text)
    vTaskGetInfo                             0x08004ba7   Thumb Code   114  tasks.o(.text)
    uxTaskGetSystemState                     0x08004c83   Thumb Code   152  tasks.o(.text)
    vTaskPlaceOnEventList                    0x08004d1b   Thumb Code    46  tasks.o(.text)
    vTaskPlaceOnUnorderedEventList           0x08004d49   Thumb Code    88  tasks.o(.text)
    vTaskPlaceOnEventListRestricted          0x08004da1   Thumb Code    54  tasks.o(.text)
    xTaskRemoveFromEventList                 0x08004dd7   Thumb Code   122  tasks.o(.text)
    xTaskRemoveFromUnorderedEventList        0x08004e51   Thumb Code   142  tasks.o(.text)
    vTaskSetTimeOutState                     0x08004edf   Thumb Code    36  tasks.o(.text)
    xTaskCheckForTimeOut                     0x08004f03   Thumb Code   124  tasks.o(.text)
    vTaskMissedYield                         0x08004f7f   Thumb Code     8  tasks.o(.text)
    uxTaskGetTaskNumber                      0x08004f87   Thumb Code    66  tasks.o(.text)
    vTaskSetTaskNumber                       0x08004fc9   Thumb Code     8  tasks.o(.text)
    xTaskGetCurrentTaskHandle                0x08004fd1   Thumb Code     6  tasks.o(.text)
    xTaskGetSchedulerState                   0x08004fd7   Thumb Code    24  tasks.o(.text)
    vTaskPriorityInherit                     0x08004fef   Thumb Code   164  tasks.o(.text)
    xTaskPriorityDisinherit                  0x08005093   Thumb Code   176  tasks.o(.text)
    vTaskList                                0x0800516d   Thumb Code   204  tasks.o(.text)
    uxTaskResetEventItemValue                0x08005239   Thumb Code    24  tasks.o(.text)
    pvTaskIncrementMutexHeldCount            0x08005251   Thumb Code    26  tasks.o(.text)
    ulTaskNotifyTake                         0x0800526b   Thumb Code   108  tasks.o(.text)
    xTaskNotifyWait                          0x080052d7   Thumb Code   150  tasks.o(.text)
    xTaskGenericNotify                       0x0800536d   Thumb Code   276  tasks.o(.text)
    xTaskGenericNotifyFromISR                0x08005481   Thumb Code   282  tasks.o(.text)
    vTaskNotifyGiveFromISR                   0x0800559b   Thumb Code   200  tasks.o(.text)
    xTaskNotifyStateClear                    0x08005663   Thumb Code    48  tasks.o(.text)
    xTimerGenericCommand                     0x08005705   Thumb Code   118  timers.o(.text)
    xTimerCreateTimerTask                    0x08005a6d   Thumb Code    56  timers.o(.text)
    xTimerCreate                             0x08005b4b   Thumb Code    48  timers.o(.text)
    xTimerGetTimerDaemonTaskHandle           0x08005b7b   Thumb Code    38  timers.o(.text)
    xTimerGetPeriod                          0x08005ba1   Thumb Code    28  timers.o(.text)
    xTimerGetExpiryTime                      0x08005bbd   Thumb Code    30  timers.o(.text)
    pcTimerGetName                           0x08005bdb   Thumb Code    28  timers.o(.text)
    xTimerIsTimerActive                      0x08005bf7   Thumb Code    50  timers.o(.text)
    pvTimerGetTimerID                        0x08005c29   Thumb Code    38  timers.o(.text)
    vTimerSetTimerID                         0x08005c4f   Thumb Code    38  timers.o(.text)
    xTimerPendFunctionCallFromISR            0x08005c75   Thumb Code    48  timers.o(.text)
    xTimerPendFunctionCall                   0x08005ca5   Thumb Code    70  timers.o(.text)
    pxPortInitialiseStack                    0x08005d25   Thumb Code    30  port.o(.text)
    vPortSetupTimerInterrupt                 0x08005d43   Thumb Code    26  port.o(.text)
    xPortStartScheduler                      0x08005d5d   Thumb Code   140  port.o(.text)
    vPortEndScheduler                        0x08005de9   Thumb Code    34  port.o(.text)
    vPortEnterCritical                       0x08005e0b   Thumb Code    70  port.o(.text)
    vPortExitCritical                        0x08005e51   Thumb Code    48  port.o(.text)
    xPortSysTickHandler                      0x08005e81   Thumb Code    48  port.o(.text)
    vPortValidateInterruptPriority           0x08005eb1   Thumb Code    88  port.o(.text)
    pvPortMalloc                             0x08006023   Thumb Code   262  heap_4.o(.text)
    vPortFree                                0x08006129   Thumb Code   120  heap_4.o(.text)
    xPortGetFreeHeapSize                     0x080061a1   Thumb Code     6  heap_4.o(.text)
    xPortGetMinimumEverFreeHeapSize          0x080061a7   Thumb Code     6  heap_4.o(.text)
    vPortInitialiseBlocks                    0x080061ad   Thumb Code     2  heap_4.o(.text)
    __use_no_semihosting                     0x08006201   Thumb Code     2  use_no_semi_2.o(.text)
    __2printf                                0x08006205   Thumb Code    20  noretval__2printf.o(.text)
    __2sprintf                               0x0800621d   Thumb Code    34  noretval__2sprintf.o(.text)
    __printf                                 0x08006245   Thumb Code   104  __printf.o(.text)
    _printf_str                              0x080062ad   Thumb Code    82  _printf_str.o(.text)
    _printf_int_dec                          0x08006301   Thumb Code   104  _printf_dec.o(.text)
    strcpy                                   0x08006379   Thumb Code    72  strcpy.o(.text)
    strlen                                   0x080063c1   Thumb Code    62  strlen.o(.text)
    __aeabi_memcpy                           0x080063ff   Thumb Code     0  rt_memcpy_v6.o(.text)
    __rt_memcpy                              0x080063ff   Thumb Code   138  rt_memcpy_v6.o(.text)
    _memcpy_lastbytes                        0x08006465   Thumb Code     0  rt_memcpy_v6.o(.text)
    __aeabi_memset                           0x08006489   Thumb Code    16  aeabi_memset.o(.text)
    __use_two_region_memory                  0x08006499   Thumb Code     2  heapauxi.o(.text)
    __rt_heap_escrow$2region                 0x0800649b   Thumb Code     2  heapauxi.o(.text)
    __rt_heap_expand$2region                 0x0800649d   Thumb Code     2  heapauxi.o(.text)
    __I$use$semihosting                      0x0800649f   Thumb Code     0  use_no_semi.o(.text)
    __use_no_semihosting_swi                 0x0800649f   Thumb Code     2  use_no_semi.o(.text)
    _printf_int_common                       0x080064a1   Thumb Code   178  _printf_intcommon.o(.text)
    _printf_char_common                      0x0800655f   Thumb Code    32  _printf_char_common.o(.text)
    _sputc                                   0x08006585   Thumb Code    10  _sputc.o(.text)
    _printf_cs_common                        0x0800658f   Thumb Code    20  _printf_char.o(.text)
    _printf_char                             0x080065a3   Thumb Code    16  _printf_char.o(.text)
    _printf_string                           0x080065b3   Thumb Code     8  _printf_char.o(.text)
    _printf_char_file                        0x080065bd   Thumb Code    32  _printf_char_file.o(.text)
    __aeabi_memcpy4                          0x080065e1   Thumb Code     0  rt_memcpy_w.o(.text)
    __aeabi_memcpy8                          0x080065e1   Thumb Code     0  rt_memcpy_w.o(.text)
    __rt_memcpy_w                            0x080065e1   Thumb Code   100  rt_memcpy_w.o(.text)
    _memcpy_lastbytes_aligned                0x08006629   Thumb Code     0  rt_memcpy_w.o(.text)
    __aeabi_memclr                           0x08006645   Thumb Code     0  rt_memclr.o(.text)
    __rt_memclr                              0x08006645   Thumb Code    68  rt_memclr.o(.text)
    _memset                                  0x08006649   Thumb Code     0  rt_memclr.o(.text)
    ferror                                   0x08006689   Thumb Code     8  ferror.o(.text)
    __aeabi_memclr4                          0x08006691   Thumb Code     0  rt_memclr_w.o(.text)
    __aeabi_memclr8                          0x08006691   Thumb Code     0  rt_memclr_w.o(.text)
    __rt_memclr_w                            0x08006691   Thumb Code    78  rt_memclr_w.o(.text)
    _memset_w                                0x08006695   Thumb Code     0  rt_memclr_w.o(.text)
    __user_setup_stackheap                   0x080066df   Thumb Code    74  sys_stackheap_outer.o(.text)
    exit                                     0x08006729   Thumb Code    18  exit.o(.text)
    __user_libspace                          0x0800673d   Thumb Code     8  libspace.o(.text)
    __user_perproc_libspace                  0x0800673d   Thumb Code     0  libspace.o(.text)
    __user_perthread_libspace                0x0800673d   Thumb Code     0  libspace.o(.text)
    phase                                    0x08006744   Data           4  motor.o(.constdata)
    asc2_1206                                0x08006748   Data        1140  oled.o(.constdata)
    asc2_1608                                0x08006bbc   Data        1520  oled.o(.constdata)
    asc2_2412                                0x080071ac   Data        3420  oled.o(.constdata)
    F6x8                                     0x08007f08   Data         552  oled.o(.constdata)
    F8X16                                    0x08008130   Data        1520  oled.o(.constdata)
    Region$$Table$$Base                      0x08008738   Number         0  anon$$obj.o(Region$$Table)
    Region$$Table$$Limit                     0x08008758   Number         0  anon$$obj.o(Region$$Table)
    StartTask_Handler                        0x20000000   Data           4  main.o(.data)
    MotorTask_Handler                        0x20000004   Data           4  main.o(.data)
    Uart1Task_Handler                        0x20000008   Data           4  main.o(.data)
    Uart2Task_Handler                        0x2000000c   Data           4  main.o(.data)
    KeyTask_Handler                          0x20000010   Data           4  main.o(.data)
    sta_str                                  0x20000014   Data          12  main.o(.data)
    SystemCoreClock                          0x20000020   Data           4  system_stm32f10x.o(.data)
    AHBPrescTable                            0x20000024   Data          16  system_stm32f10x.o(.data)
    rgb                                      0x20000034   Data           3  light.o(.data)
    timeout                                  0x20000037   Data           1  timer.o(.data)
    motor_speed                              0x20000039   Data           1  motor.o(.data)
    motor_sta                                0x2000003a   Data           1  motor.o(.data)
    __stdout                                 0x20000040   Data           4  usart.o(.data)
    pxCurrentTCB                             0x20000058   Data           4  tasks.o(.data)
    OLED_GRAM                                0x200000cc   Data        1024  oled.o(.bss)
    u1rx                                     0x200004cc   Data         130  usart.o(.bss)
    u2rx                                     0x2000054e   Data         130  usart.o(.bss)
    xQueueRegistry                           0x200005d0   Data          64  queue.o(.bss)
    __libspace_start                         0x2000591c   Data          96  libspace.o(.bss)
    __temporary_stack_top$libspace           0x2000597c   Data           0  libspace.o(.bss)



==============================================================================

Memory Map of the image

  Image Entry point : 0x08000131

  Load Region LR_IROM1 (Base: 0x08000000, Size: 0x00008824, Max: 0x00080000, ABSOLUTE)

    Execution Region ER_IROM1 (Exec base: 0x08000000, Load base: 0x08000000, Size: 0x00008758, Max: 0x00080000, ABSOLUTE)

    Exec Addr    Load Addr    Size         Type   Attr      Idx    E Section Name        Object

    0x08000000   0x08000000   0x00000130   Data   RO          438    RESET               startup_stm32f10x_hd.o
    0x08000130   0x08000130   0x00000008   Code   RO          731  * !!!main             c_w.l(__main.o)
    0x08000138   0x08000138   0x00000034   Code   RO          909    !!!scatter          c_w.l(__scatter.o)
    0x0800016c   0x0800016c   0x0000001a   Code   RO          911    !!handler_copy      c_w.l(__scatter_copy.o)
    0x08000186   0x08000186   0x00000002   PAD
    0x08000188   0x08000188   0x0000001c   Code   RO          913    !!handler_zi        c_w.l(__scatter_zi.o)
    0x080001a4   0x080001a4   0x00000000   Code   RO          720    .ARM.Collect$$_printf_percent$$00000000  c_w.l(_printf_percent.o)
    0x080001a4   0x080001a4   0x00000006   Code   RO          718    .ARM.Collect$$_printf_percent$$00000009  c_w.l(_printf_d.o)
    0x080001aa   0x080001aa   0x00000006   Code   RO          719    .ARM.Collect$$_printf_percent$$0000000A  c_w.l(_printf_u.o)
    0x080001b0   0x080001b0   0x00000006   Code   RO          716    .ARM.Collect$$_printf_percent$$00000013  c_w.l(_printf_c.o)
    0x080001b6   0x080001b6   0x00000006   Code   RO          717    .ARM.Collect$$_printf_percent$$00000014  c_w.l(_printf_s.o)
    0x080001bc   0x080001bc   0x00000004   Code   RO          746    .ARM.Collect$$_printf_percent$$00000017  c_w.l(_printf_percent_end.o)
    0x080001c0   0x080001c0   0x00000002   Code   RO          783    .ARM.Collect$$libinit$$00000000  c_w.l(libinit.o)
    0x080001c2   0x080001c2   0x00000000   Code   RO          790    .ARM.Collect$$libinit$$00000002  c_w.l(libinit2.o)
    0x080001c2   0x080001c2   0x00000000   Code   RO          792    .ARM.Collect$$libinit$$00000004  c_w.l(libinit2.o)
    0x080001c2   0x080001c2   0x00000000   Code   RO          795    .ARM.Collect$$libinit$$0000000A  c_w.l(libinit2.o)
    0x080001c2   0x080001c2   0x00000000   Code   RO          797    .ARM.Collect$$libinit$$0000000C  c_w.l(libinit2.o)
    0x080001c2   0x080001c2   0x00000000   Code   RO          799    .ARM.Collect$$libinit$$0000000E  c_w.l(libinit2.o)
    0x080001c2   0x080001c2   0x00000000   Code   RO          802    .ARM.Collect$$libinit$$00000011  c_w.l(libinit2.o)
    0x080001c2   0x080001c2   0x00000000   Code   RO          804    .ARM.Collect$$libinit$$00000013  c_w.l(libinit2.o)
    0x080001c2   0x080001c2   0x00000000   Code   RO          806    .ARM.Collect$$libinit$$00000015  c_w.l(libinit2.o)
    0x080001c2   0x080001c2   0x00000000   Code   RO          808    .ARM.Collect$$libinit$$00000017  c_w.l(libinit2.o)
    0x080001c2   0x080001c2   0x00000000   Code   RO          810    .ARM.Collect$$libinit$$00000019  c_w.l(libinit2.o)
    0x080001c2   0x080001c2   0x00000000   Code   RO          812    .ARM.Collect$$libinit$$0000001B  c_w.l(libinit2.o)
    0x080001c2   0x080001c2   0x00000000   Code   RO          814    .ARM.Collect$$libinit$$0000001D  c_w.l(libinit2.o)
    0x080001c2   0x080001c2   0x00000000   Code   RO          816    .ARM.Collect$$libinit$$0000001F  c_w.l(libinit2.o)
    0x080001c2   0x080001c2   0x00000000   Code   RO          818    .ARM.Collect$$libinit$$00000021  c_w.l(libinit2.o)
    0x080001c2   0x080001c2   0x00000000   Code   RO          820    .ARM.Collect$$libinit$$00000023  c_w.l(libinit2.o)
    0x080001c2   0x080001c2   0x00000000   Code   RO          822    .ARM.Collect$$libinit$$00000025  c_w.l(libinit2.o)
    0x080001c2   0x080001c2   0x00000000   Code   RO          826    .ARM.Collect$$libinit$$0000002C  c_w.l(libinit2.o)
    0x080001c2   0x080001c2   0x00000000   Code   RO          828    .ARM.Collect$$libinit$$0000002E  c_w.l(libinit2.o)
    0x080001c2   0x080001c2   0x00000000   Code   RO          830    .ARM.Collect$$libinit$$00000030  c_w.l(libinit2.o)
    0x080001c2   0x080001c2   0x00000000   Code   RO          832    .ARM.Collect$$libinit$$00000032  c_w.l(libinit2.o)
    0x080001c2   0x080001c2   0x00000002   Code   RO          833    .ARM.Collect$$libinit$$00000033  c_w.l(libinit2.o)
    0x080001c4   0x080001c4   0x00000002   Code   RO          851    .ARM.Collect$$libshutdown$$00000000  c_w.l(libshutdown.o)
    0x080001c6   0x080001c6   0x00000000   Code   RO          861    .ARM.Collect$$libshutdown$$00000002  c_w.l(libshutdown2.o)
    0x080001c6   0x080001c6   0x00000000   Code   RO          863    .ARM.Collect$$libshutdown$$00000004  c_w.l(libshutdown2.o)
    0x080001c6   0x080001c6   0x00000000   Code   RO          866    .ARM.Collect$$libshutdown$$00000007  c_w.l(libshutdown2.o)
    0x080001c6   0x080001c6   0x00000000   Code   RO          869    .ARM.Collect$$libshutdown$$0000000A  c_w.l(libshutdown2.o)
    0x080001c6   0x080001c6   0x00000000   Code   RO          871    .ARM.Collect$$libshutdown$$0000000C  c_w.l(libshutdown2.o)
    0x080001c6   0x080001c6   0x00000000   Code   RO          874    .ARM.Collect$$libshutdown$$0000000F  c_w.l(libshutdown2.o)
    0x080001c6   0x080001c6   0x00000002   Code   RO          875    .ARM.Collect$$libshutdown$$00000010  c_w.l(libshutdown2.o)
    0x080001c8   0x080001c8   0x00000000   Code   RO          735    .ARM.Collect$$rtentry$$00000000  c_w.l(__rtentry.o)
    0x080001c8   0x080001c8   0x00000000   Code   RO          752    .ARM.Collect$$rtentry$$00000002  c_w.l(__rtentry2.o)
    0x080001c8   0x080001c8   0x00000006   Code   RO          764    .ARM.Collect$$rtentry$$00000004  c_w.l(__rtentry4.o)
    0x080001ce   0x080001ce   0x00000000   Code   RO          754    .ARM.Collect$$rtentry$$00000009  c_w.l(__rtentry2.o)
    0x080001ce   0x080001ce   0x00000004   Code   RO          755    .ARM.Collect$$rtentry$$0000000A  c_w.l(__rtentry2.o)
    0x080001d2   0x080001d2   0x00000000   Code   RO          757    .ARM.Collect$$rtentry$$0000000C  c_w.l(__rtentry2.o)
    0x080001d2   0x080001d2   0x00000008   Code   RO          758    .ARM.Collect$$rtentry$$0000000D  c_w.l(__rtentry2.o)
    0x080001da   0x080001da   0x00000002   Code   RO          787    .ARM.Collect$$rtexit$$00000000  c_w.l(rtexit.o)
    0x080001dc   0x080001dc   0x00000000   Code   RO          835    .ARM.Collect$$rtexit$$00000002  c_w.l(rtexit2.o)
    0x080001dc   0x080001dc   0x00000004   Code   RO          836    .ARM.Collect$$rtexit$$00000003  c_w.l(rtexit2.o)
    0x080001e0   0x080001e0   0x00000006   Code   RO          837    .ARM.Collect$$rtexit$$00000004  c_w.l(rtexit2.o)
    0x080001e6   0x080001e6   0x00000002   PAD
    0x080001e8   0x080001e8   0x00000096   Code   RO          633    .emb_text           port.o
    0x0800027e   0x0800027e   0x00000002   PAD
    0x08000280   0x08000280   0x00000344   Code   RO            1    .text               main.o
    0x080005c4   0x080005c4   0x00000014   Code   RO          173    .text               stm32f10x_it.o
    0x080005d8   0x080005d8   0x000001e0   Code   RO          214    .text               system_stm32f10x.o
    0x080007b8   0x080007b8   0x00000070   Code   RO          232    .text               mystr.o
    0x08000828   0x08000828   0x00000168   Code   RO          250    .text               light.o
    0x08000990   0x08000990   0x00000150   Code   RO          271    .text               timer.o
    0x08000ae0   0x08000ae0   0x000000d8   Code   RO          293    .text               key.o
    0x08000bb8   0x08000bb8   0x00000114   Code   RO          306    .text               motor.o
    0x08000ccc   0x08000ccc   0x000006b8   Code   RO          347    .text               oled.o
    0x08001384   0x08001384   0x00000104   Code   RO          366    .text               delay.o
    0x08001488   0x08001488   0x0000022c   Code   RO          397    .text               usart.o
    0x080016b4   0x080016b4   0x00000040   Code   RO          439    .text               startup_stm32f10x_hd.o
    0x080016f4   0x080016f4   0x000000dc   Code   RO          443    .text               misc.o
    0x080017d0   0x080017d0   0x0000035c   Code   RO          455    .text               stm32f10x_gpio.o
    0x08001b2c   0x08001b2c   0x000003a4   Code   RO          467    .text               stm32f10x_rcc.o
    0x08001ed0   0x08001ed0   0x00000408   Code   RO          481    .text               stm32f10x_usart.o
    0x080022d8   0x080022d8   0x00000e1a   Code   RO          493    .text               stm32f10x_tim.o
    0x080030f2   0x080030f2   0x00000094   Code   RO          554    .text               list.o
    0x08003186   0x08003186   0x00000002   PAD
    0x08003188   0x08003188   0x00000d0c   Code   RO          566    .text               queue.o
    0x08003e94   0x08003e94   0x00001820   Code   RO          587    .text               tasks.o
    0x080056b4   0x080056b4   0x00000640   Code   RO          618    .text               timers.o
    0x08005cf4   0x08005cf4   0x0000026c   Code   RO          634    .text               port.o
    0x08005f60   0x08005f60   0x000002a0   Code   RO          663    .text               heap_4.o
    0x08006200   0x08006200   0x00000002   Code   RO          680    .text               c_w.l(use_no_semi_2.o)
    0x08006202   0x08006202   0x00000002   PAD
    0x08006204   0x08006204   0x00000018   Code   RO          686    .text               c_w.l(noretval__2printf.o)
    0x0800621c   0x0800621c   0x00000028   Code   RO          688    .text               c_w.l(noretval__2sprintf.o)
    0x08006244   0x08006244   0x00000068   Code   RO          690    .text               c_w.l(__printf.o)
    0x080062ac   0x080062ac   0x00000052   Code   RO          692    .text               c_w.l(_printf_str.o)
    0x080062fe   0x080062fe   0x00000002   PAD
    0x08006300   0x08006300   0x00000078   Code   RO          694    .text               c_w.l(_printf_dec.o)
    0x08006378   0x08006378   0x00000048   Code   RO          721    .text               c_w.l(strcpy.o)
    0x080063c0   0x080063c0   0x0000003e   Code   RO          723    .text               c_w.l(strlen.o)
    0x080063fe   0x080063fe   0x0000008a   Code   RO          725    .text               c_w.l(rt_memcpy_v6.o)
    0x08006488   0x08006488   0x00000010   Code   RO          727    .text               c_w.l(aeabi_memset.o)
    0x08006498   0x08006498   0x00000006   Code   RO          729    .text               c_w.l(heapauxi.o)
    0x0800649e   0x0800649e   0x00000002   Code   RO          733    .text               c_w.l(use_no_semi.o)
    0x080064a0   0x080064a0   0x000000b2   Code   RO          736    .text               c_w.l(_printf_intcommon.o)
    0x08006552   0x08006552   0x00000002   PAD
    0x08006554   0x08006554   0x00000030   Code   RO          738    .text               c_w.l(_printf_char_common.o)
    0x08006584   0x08006584   0x0000000a   Code   RO          740    .text               c_w.l(_sputc.o)
    0x0800658e   0x0800658e   0x0000002c   Code   RO          742    .text               c_w.l(_printf_char.o)
    0x080065ba   0x080065ba   0x00000002   PAD
    0x080065bc   0x080065bc   0x00000024   Code   RO          744    .text               c_w.l(_printf_char_file.o)
    0x080065e0   0x080065e0   0x00000064   Code   RO          747    .text               c_w.l(rt_memcpy_w.o)
    0x08006644   0x08006644   0x00000044   Code   RO          749    .text               c_w.l(rt_memclr.o)
    0x08006688   0x08006688   0x00000008   Code   RO          768    .text               c_w.l(ferror.o)
    0x08006690   0x08006690   0x0000004e   Code   RO          772    .text               c_w.l(rt_memclr_w.o)
    0x080066de   0x080066de   0x0000004a   Code   RO          774    .text               c_w.l(sys_stackheap_outer.o)
    0x08006728   0x08006728   0x00000012   Code   RO          776    .text               c_w.l(exit.o)
    0x0800673a   0x0800673a   0x00000002   PAD
    0x0800673c   0x0800673c   0x00000008   Code   RO          784    .text               c_w.l(libspace.o)
    0x08006744   0x08006744   0x00000004   Data   RO          307    .constdata          motor.o
    0x08006748   0x08006748   0x00001fd8   Data   RO          349    .constdata          oled.o
    0x08008720   0x08008720   0x00000015   Data   RO            2    .conststring        main.o
    0x08008735   0x08008735   0x00000003   PAD
    0x08008738   0x08008738   0x00000020   Data   RO          907    Region$$Table       anon$$obj.o


    Execution Region RW_IRAM1 (Exec base: 0x20000000, Load base: 0x08008758, Size: 0x00005f80, Max: 0x00010000, ABSOLUTE)

    Exec Addr    Load Addr    Size         Type   Attr      Idx    E Section Name        Object

    0x20000000   0x08008758   0x00000020   Data   RW            3    .data               main.o
    0x20000020   0x08008778   0x00000014   Data   RW          215    .data               system_stm32f10x.o
    0x20000034   0x0800878c   0x00000003   Data   RW          251    .data               light.o
    0x20000037   0x0800878f   0x00000001   Data   RW          272    .data               timer.o
    0x20000038   0x08008790   0x00000001   Data   RW          294    .data               key.o
    0x20000039   0x08008791   0x00000002   Data   RW          308    .data               motor.o
    0x2000003b   0x08008793   0x00000001   PAD
    0x2000003c   0x08008794   0x00000004   Data   RW          367    .data               delay.o
    0x20000040   0x08008798   0x00000004   Data   RW          399    .data               usart.o
    0x20000044   0x0800879c   0x00000014   Data   RW          468    .data               stm32f10x_rcc.o
    0x20000058   0x080087b0   0x0000003c   Data   RW          589    .data               tasks.o
    0x20000094   0x080087ec   0x00000014   Data   RW          620    .data               timers.o
    0x200000a8   0x08008800   0x0000000c   Data   RW          635    .data               port.o
    0x200000b4   0x0800880c   0x00000018   Data   RW          665    .data               heap_4.o
    0x200000cc        -       0x00000400   Zero   RW          348    .bss                oled.o
    0x200004cc        -       0x00000104   Zero   RW          398    .bss                usart.o
    0x200005d0        -       0x00000040   Zero   RW          567    .bss                queue.o
    0x20000610        -       0x000002e4   Zero   RW          588    .bss                tasks.o
    0x200008f4        -       0x00000028   Zero   RW          619    .bss                timers.o
    0x2000091c        -       0x00005000   Zero   RW          664    .bss                heap_4.o
    0x2000591c        -       0x00000060   Zero   RW          785    .bss                c_w.l(libspace.o)
    0x2000597c   0x08008824   0x00000004   PAD
    0x20005980        -       0x00000200   Zero   RW          437    HEAP                startup_stm32f10x_hd.o
    0x20005b80        -       0x00000400   Zero   RW          436    STACK               startup_stm32f10x_hd.o


==============================================================================

Image component sizes


      Code (inc. data)   RO Data    RW Data    ZI Data      Debug   Object Name

       260         18          0          4          0       1437   delay.o
         0          0          0          0          0      10208   event_groups.o
       672         82          0         24      20480       3188   heap_4.o
       216         14          0          1          0        788   key.o
       360         10          0          3          0       1921   light.o
       148          0          0          0          0       1774   list.o
       836        208         21         32          0     265234   main.o
       220         22          0          0          0       1737   misc.o
       276         44          4          2          0     205557   motor.o
       112          0          0          0          0       3114   mystr.o
      1720         36       8152          0       1024       6742   oled.o
       770        100          0         12          0       7555   port.o
      3340         52          0          0         64      18690   queue.o
        64         26        304          0       1536        772   startup_stm32f10x_hd.o
       860         38          0          0          0       5673   stm32f10x_gpio.o
        20          0          0          0          0        879   stm32f10x_it.o
       932         36          0         20          0       8824   stm32f10x_rcc.o
      3610         88          0          0          0      22780   stm32f10x_tim.o
      1032         22          0          0          0       8396   stm32f10x_usart.o
         0          0          0          0          0         32   sys.o
       480         38          0         20          0       1647   system_stm32f10x.o
      6176        402          0         60        740      31880   tasks.o
       336         22          0          1          0       1396   timer.o
      1600        112          0         20         40       8768   timers.o
       556         26          0          4        260       4462   usart.o

    ----------------------------------------------------------------------
     24600       1396       8516        204      24144     623454   Object Totals
         0          0         32          0          0          0   (incl. Generated)
         4          0          3          1          0          0   (incl. Padding)

    ----------------------------------------------------------------------

      Code (inc. data)   RO Data    RW Data    ZI Data      Debug   Library Member Name

         8          0          0          0          0         68   __main.o
       104          0          0          0          0         84   __printf.o
         0          0          0          0          0          0   __rtentry.o
        12          0          0          0          0          0   __rtentry2.o
         6          0          0          0          0          0   __rtentry4.o
        52          8          0          0          0          0   __scatter.o
        26          0          0          0          0          0   __scatter_copy.o
        28          0          0          0          0          0   __scatter_zi.o
         6          0          0          0          0          0   _printf_c.o
        44          0          0          0          0        108   _printf_char.o
        48          6          0          0          0         96   _printf_char_common.o
        36          4          0          0          0         80   _printf_char_file.o
         6          0          0          0          0          0   _printf_d.o
       120         16          0          0          0         92   _printf_dec.o
       178          0          0          0          0         88   _printf_intcommon.o
         0          0          0          0          0          0   _printf_percent.o
         4          0          0          0          0          0   _printf_percent_end.o
         6          0          0          0          0          0   _printf_s.o
        82          0          0          0          0         80   _printf_str.o
         6          0          0          0          0          0   _printf_u.o
        10          0          0          0          0         68   _sputc.o
        16          0          0          0          0         68   aeabi_memset.o
        18          0          0          0          0         80   exit.o
         8          0          0          0          0         68   ferror.o
         6          0          0          0          0        152   heapauxi.o
         2          0          0          0          0          0   libinit.o
         2          0          0          0          0          0   libinit2.o
         2          0          0          0          0          0   libshutdown.o
         2          0          0          0          0          0   libshutdown2.o
         8          4          0          0         96         68   libspace.o
        24          4          0          0          0         84   noretval__2printf.o
        40          6          0          0          0         84   noretval__2sprintf.o
        68          0          0          0          0         68   rt_memclr.o
        78          0          0          0          0         80   rt_memclr_w.o
       138          0          0          0          0         68   rt_memcpy_v6.o
       100          0          0          0          0         80   rt_memcpy_w.o
         2          0          0          0          0          0   rtexit.o
        10          0          0          0          0          0   rtexit2.o
        72          0          0          0          0         80   strcpy.o
        62          0          0          0          0         76   strlen.o
        74          0          0          0          0         80   sys_stackheap_outer.o
         2          0          0          0          0         68   use_no_semi.o
         2          0          0          0          0         68   use_no_semi_2.o

    ----------------------------------------------------------------------
      1532         48          0          0        100       2036   Library Totals
        14          0          0          0          4          0   (incl. Padding)

    ----------------------------------------------------------------------

      Code (inc. data)   RO Data    RW Data    ZI Data      Debug   Library Name

      1518         48          0          0         96       2036   c_w.l

    ----------------------------------------------------------------------
      1532         48          0          0        100       2036   Library Totals

    ----------------------------------------------------------------------

==============================================================================


      Code (inc. data)   RO Data    RW Data    ZI Data      Debug   

     26132       1444       8516        204      24244     622262   Grand Totals
     26132       1444       8516        204      24244     622262   ELF Image Totals
     26132       1444       8516        204          0          0   ROM Totals

==============================================================================

    Total RO  Size (Code + RO Data)                34648 (  33.84kB)
    Total RW  Size (RW Data + ZI Data)             24448 (  23.88kB)
    Total ROM Size (Code + RO Data + RW Data)      34852 (  34.04kB)

==============================================================================

