Component: ARM Compiler 5.06 update 6 (build 750) Tool: armlink [4d35ed]

==============================================================================

Section Cross References

    main.o(.text) refers to mystr.o(.text) for mstrchr
    main.o(.text) refers to light.o(.text) for Light_String
    main.o(.text) refers to usart.o(.text) for RX_Clr
    main.o(.text) refers to tasks.o(.text) for vTaskDelay
    main.o(.text) refers to key.o(.text) for KEY_Scan
    main.o(.text) refers to port.o(.text) for vPortEnterCritical
    main.o(.text) refers to misc.o(.text) for NVIC_PriorityGroupConfig
    main.o(.text) refers to delay.o(.text) for delay_init
    main.o(.text) refers to timer.o(.text) for TIM3_Int_Init
    main.o(.text) refers to usart.o(.bss) for Usart2Rx
    main.o(.text) refers to main.o(.data) for KeyTask_Handler
    system_stm32f10x.o(.text) refers to system_stm32f10x.o(.data) for SystemCoreClock
    light.o(.text) refers to stm32f10x_tim.o(.text) for TIM_SetCompare1
    light.o(.text) refers to timer.o(.text) for TIM4_PWM_Init
    light.o(.text) refers to mystr.o(.text) for hex2int
    light.o(.text) refers to light.o(.data) for rgb
    timer.o(.text) refers to stm32f10x_rcc.o(.text) for RCC_APB1PeriphClockCmd
    timer.o(.text) refers to stm32f10x_tim.o(.text) for TIM_TimeBaseInit
    timer.o(.text) refers to misc.o(.text) for NVIC_Init
    timer.o(.text) refers to stm32f10x_gpio.o(.text) for GPIO_PinRemapConfig
    timer.o(.text) refers to timer.o(.data) for timeout
    timer.o(.text) refers to usart.o(.bss) for Usart2Rx
    key.o(.text) refers to stm32f10x_rcc.o(.text) for RCC_APB2PeriphClockCmd
    key.o(.text) refers to stm32f10x_gpio.o(.text) for GPIO_Init
    key.o(.text) refers to delay.o(.text) for delay_ms
    key.o(.text) refers to key.o(.data) for key_up
    delay.o(.text) refers to tasks.o(.text) for xTaskGetSchedulerState
    delay.o(.text) refers to port.o(.text) for xPortSysTickHandler
    delay.o(.text) refers to misc.o(.text) for SysTick_CLKSourceConfig
    delay.o(.text) refers to system_stm32f10x.o(.data) for SystemCoreClock
    delay.o(.text) refers to delay.o(.data) for fac_us
    usart.o(.text) refers (Special) to use_no_semi_2.o(.text) for __use_no_semihosting
    usart.o(.text) refers to stm32f10x_rcc.o(.text) for RCC_APB2PeriphClockCmd
    usart.o(.text) refers to stm32f10x_gpio.o(.text) for GPIO_Init
    usart.o(.text) refers to misc.o(.text) for NVIC_Init
    usart.o(.text) refers to stm32f10x_usart.o(.text) for USART_Init
    usart.o(.text) refers to usart.o(.bss) for Usart2Rx
    usart.o(.text) refers to timer.o(.data) for timeout
    usart.o(.bss) refers (Special) to use_no_semi_2.o(.text) for __use_no_semihosting
    usart.o(.data) refers (Special) to use_no_semi_2.o(.text) for __use_no_semihosting
    startup_stm32f10x_hd.o(STACK) refers (Special) to heapauxi.o(.text) for __use_two_region_memory
    startup_stm32f10x_hd.o(HEAP) refers (Special) to heapauxi.o(.text) for __use_two_region_memory
    startup_stm32f10x_hd.o(RESET) refers (Special) to heapauxi.o(.text) for __use_two_region_memory
    startup_stm32f10x_hd.o(RESET) refers to startup_stm32f10x_hd.o(STACK) for __initial_sp
    startup_stm32f10x_hd.o(RESET) refers to startup_stm32f10x_hd.o(.text) for Reset_Handler
    startup_stm32f10x_hd.o(RESET) refers to stm32f10x_it.o(.text) for NMI_Handler
    startup_stm32f10x_hd.o(RESET) refers to port.o(.emb_text) for SVC_Handler
    startup_stm32f10x_hd.o(RESET) refers to delay.o(.text) for SysTick_Handler
    startup_stm32f10x_hd.o(RESET) refers to timer.o(.text) for TIM3_IRQHandler
    startup_stm32f10x_hd.o(RESET) refers to usart.o(.text) for USART1_IRQHandler
    startup_stm32f10x_hd.o(.text) refers (Special) to heapauxi.o(.text) for __use_two_region_memory
    startup_stm32f10x_hd.o(.text) refers to system_stm32f10x.o(.text) for SystemInit
    startup_stm32f10x_hd.o(.text) refers to __main.o(!!!main) for __main
    startup_stm32f10x_hd.o(.text) refers to startup_stm32f10x_hd.o(HEAP) for Heap_Mem
    startup_stm32f10x_hd.o(.text) refers to startup_stm32f10x_hd.o(STACK) for Stack_Mem
    stm32f10x_gpio.o(.text) refers to stm32f10x_rcc.o(.text) for RCC_APB2PeriphResetCmd
    stm32f10x_rcc.o(.text) refers to stm32f10x_rcc.o(.data) for APBAHBPrescTable
    stm32f10x_usart.o(.text) refers to stm32f10x_rcc.o(.text) for RCC_APB2PeriphResetCmd
    stm32f10x_tim.o(.text) refers to stm32f10x_rcc.o(.text) for RCC_APB2PeriphResetCmd
    event_groups.o(.text) refers to _printf_percent.o(.ARM.Collect$$_printf_percent$$00000000) for _printf_percent
    event_groups.o(.text) refers to _printf_d.o(.ARM.Collect$$_printf_percent$$00000009) for _printf_d
    event_groups.o(.text) refers to _printf_s.o(.ARM.Collect$$_printf_percent$$00000014) for _printf_s
    event_groups.o(.text) refers to _printf_dec.o(.text) for _printf_int_dec
    event_groups.o(.text) refers to _printf_str.o(.text) for _printf_str
    event_groups.o(.text) refers to heap_4.o(.text) for pvPortMalloc
[...]
    ..\\SYSTEM\\sys\\sys.c                   0x00000000   Number         0  sys.o ABSOLUTE
    dc.s                                     0x00000000   Number         0  dc.o ABSOLUTE
    main.c                                   0x00000000   Number         0  main.o ABSOLUTE
    mystr.c                                  0x00000000   Number         0  mystr.o ABSOLUTE
    stm32f10x_it.c                           0x00000000   Number         0  stm32f10x_it.o ABSOLUTE
    system_stm32f10x.c                       0x00000000   Number         0  system_stm32f10x.o ABSOLUTE
    RESET                                    0x08000000   Section      304  startup_stm32f10x_hd.o(RESET)
    !!!main                                  0x08000130   Section        8  __main.o(!!!main)
    !!!scatter                               0x08000138   Section       52  __scatter.o(!!!scatter)
    !!handler_copy                           0x0800016c   Section       26  __scatter_copy.o(!!handler_copy)
    !!handler_zi                             0x08000188   Section       28  __scatter_zi.o(!!handler_zi)
    .ARM.Collect$$_printf_percent$$00000000  0x080001a4   Section        0  _printf_percent.o(.ARM.Collect$$_printf_percent$$00000000)
    .ARM.Collect$$_printf_percent$$00000009  0x080001a4   Section        6  _printf_d.o(.ARM.Collect$$_printf_percent$$00000009)
    .ARM.Collect$$_printf_percent$$0000000A  0x080001aa   Section        6  _printf_u.o(.ARM.Collect$$_printf_percent$$0000000A)
    .ARM.Collect$$_printf_percent$$00000013  0x080001b0   Section        6  _printf_c.o(.ARM.Collect$$_printf_percent$$00000013)
    .ARM.Collect$$_printf_percent$$00000014  0x080001b6   Section        6  _printf_s.o(.ARM.Collect$$_printf_percent$$00000014)
    .ARM.Collect$$_printf_percent$$00000017  0x080001bc   Section        4  _printf_percent_end.o(.ARM.Collect$$_printf_percent$$00000017)
    .ARM.Collect$$libinit$$00000000          0x080001c0   Section        2  libinit.o(.ARM.Collect$$libinit$$00000000)
    .ARM.Collect$$libinit$$00000002          0x080001c2   Section        0  libinit2.o(.ARM.Collect$$libinit$$00000002)
    .ARM.Collect$$libinit$$00000004          0x080001c2   Section        0  libinit2.o(.ARM.Collect$$libinit$$00000004)
    .ARM.Collect$$libinit$$0000000A          0x080001c2   Section        0  libinit2.o(.ARM.Collect$$libinit$$0000000A)
    .ARM.Collect$$libinit$$0000000C          0x080001c2   Section        0  libinit2.o(.ARM.Collect$$libinit$$0000000C)
    .ARM.Collect$$libinit$$0000000E          0x080001c2   Section        0  libinit2.o(.ARM.Collect$$libinit$$0000000E)
    .ARM.Collect$$libinit$$00000011          0x080001c2   Section        0  libinit2.o(.ARM.Collect$$libinit$$00000011)
    .ARM.Collect$$libinit$$00000013          0x080001c2   Section        0  libinit2.o(.ARM.Collect$$libinit$$00000013)
    .ARM.Collect$$libinit$$00000015          0x080001c2   Section        0  libinit2.o(.ARM.Collect$$libinit$$00000015)
    .ARM.Collect$$libinit$$00000017          0x080001c2   Section        0  libinit2.o(.ARM.Collect$$libinit$$00000017)
    .ARM.Collect$$libinit$$00000019          0x080001c2   Section        0  libinit2.o(.ARM.Collect$$libinit$$00000019)
    .ARM.Collect$$libinit$$0000001B          0x080001c2   Section        0  libinit2.o(.ARM.Collect$$libinit$$0000001B)
    .ARM.Collect$$libinit$$0000001D          0x080001c2   Section        0  libinit2.o(.ARM.Collect$$libinit$$0000001D)
    .ARM.Collect$$libinit$$0000001F          0x080001c2   Section        0  libinit2.o(.ARM.Collect$$libinit$$0000001F)
    .ARM.Collect$$libinit$$00000021          0x080001c2   Section        0  libinit2.o(.ARM.Collect$$libinit$$00000021)
    .ARM.Collect$$libinit$$00000023          0x080001c2   Section        0  libinit2.o(.ARM.Collect$$libinit$$00000023)
    .ARM.Collect$$libinit$$00000025          0x080001c2   Section        0  libinit2.o(.ARM.Collect$$libinit$$00000025)
    .ARM.Collect$$libinit$$0000002C          0x080001c2   Section        0  libinit2.o(.ARM.Collect$$libinit$$0000002C)
    .ARM.Collect$$libinit$$0000002E          0x080001c2   Section        0  libinit2.o(.ARM.Collect$$libinit$$0000002E)
    .ARM.Collect$$libinit$$00000030          0x080001c2   Section        0  libinit2.o(.ARM.Collect$$libinit$$00000030)
    .ARM.Collect$$libinit$$00000032          0x080001c2   Section        0  libinit2.o(.ARM.Collect$$libinit$$00000032)
    .ARM.Collect$$libinit$$00000033          0x080001c2   Section        2  libinit2.o(.ARM.Collect$$libinit$$00000033)
    .ARM.Collect$$libshutdown$$00000000      0x080001c4   Section        2  libshutdown.o(.ARM.Collect$$libshutdown$$00000000)
    .ARM.Collect$$libshutdown$$00000002      0x080001c6   Section        0  libshutdown2.o(.ARM.Collect$$libshutdown$$00000002)
    .ARM.Collect$$libshutdown$$00000004      0x080001c6   Section        0  libshutdown2.o(.ARM.Collect$$libshutdown$$00000004)
    .ARM.Collect$$libshutdown$$00000007      0x080001c6   Section        0  libshutdown2.o(.ARM.Collect$$libshutdown$$00000007)
    .ARM.Collect$$libshutdown$$0000000A      0x080001c6   Section        0  libshutdown2.o(.ARM.Collect$$libshutdown$$0000000A)
    .ARM.Collect$$libshutdown$$0000000C      0x080001c6   Section        0  libshutdown2.o(.ARM.Collect$$libshutdown$$0000000C)
    .ARM.Collect$$libshutdown$$0000000F      0x080001c6   Section        0  libshutdown2.o(.ARM.Collect$$libshutdown$$0000000F)
    .ARM.Collect$$libshutdown$$00000010      0x080001c6   Section        2  libshutdown2.o(.ARM.Collect$$libshutdown$$00000010)
    .ARM.Collect$$rtentry$$00000000          0x080001c8   Section        0  __rtentry.o(.ARM.Collect$$rtentry$$00000000)
    .ARM.Collect$$rtentry$$00000002          0x080001c8   Section        0  __rtentry2.o(.ARM.Collect$$rtentry$$00000002)
    .ARM.Collect$$rtentry$$00000004          0x080001c8   Section        6  __rtentry4.o(.ARM.Collect$$rtentry$$00000004)
    .ARM.Collect$$rtentry$$00000009          0x080001ce   Section        0  __rtentry2.o(.ARM.Collect$$rtentry$$00000009)
    .ARM.Collect$$rtentry$$0000000A          0x080001ce   Section        4  __rtentry2.o(.ARM.Collect$$rtentry$$0000000A)
    .ARM.Collect$$rtentry$$0000000C          0x080001d2   Section        0  __rtentry2.o(.ARM.Collect$$rtentry$$0000000C)
    .ARM.Collect$$rtentry$$0000000D          0x080001d2   Section        8  __rtentry2.o(.ARM.Collect$$rtentry$$0000000D)
    .ARM.Collect$$rtexit$$00000000           0x080001da   Section        2  rtexit.o(.ARM.Collect$$rtexit$$00000000)
    .ARM.Collect$$rtexit$$00000002           0x080001dc   Section        0  rtexit2.o(.ARM.Collect$$rtexit$$00000002)
    .ARM.Collect$$rtexit$$00000003           0x080001dc   Section        4  rtexit2.o(.ARM.Collect$$rtexit$$00000003)
    .ARM.Collect$$rtexit$$00000004           0x080001e0   Section        6  rtexit2.o(.ARM.Collect$$rtexit$$00000004)
    .emb_text                                0x080001e8   Section      150  port.o(.emb_text)
    .text                                    0x08000280   Section        0  main.o(.text)
    .text                                    0x080003f8   Section        0  stm32f10x_it.o(.text)
    .text                                    0x0800040c   Section        0  system_stm32f10x.o(.text)
    SetSysClockTo72                          0x0800040d   Thumb Code   214  system_stm32f10x.o(.text)
    SetSysClock                              0x080004e3   Thumb Code     8  system_stm32f10x.o(.text)
    .text                                    0x080005ec   Section        0  mystr.o(.text)
    .text                                    0x08000640   Section        0  light.o(.text)
    .text                                    0x080007a0   Section        0  timer.o(.text)
    .text                                    0x080008f0   Section        0  key.o(.text)
    .text                                    0x080009c8   Section        0  delay.o(.text)
    .text                                    0x08000acc   Section        0  usart.o(.text)
    .text                                    0x08000ce8   Section       64  startup_stm32f10x_hd.o(.text)
    .text                                    0x08000d28   Section        0  misc.o(.text)
    .text                                    0x08000e04   Section        0  stm32f10x_gpio.o(.text)
    .text                                    0x08001160   Section        0  stm32f10x_rcc.o(.text)
    .text                                    0x08001504   Section        0  stm32f10x_usart.o(.text)
    .text                                    0x0800190c   Section        0  stm32f10x_tim.o(.text)
    TI4_Config                               0x08001db3   Thumb Code   130  stm32f10x_tim.o(.text)
    TI3_Config                               0x08001e47   Thumb Code   122  stm32f10x_tim.o(.text)
    TI2_Config                               0x08001edb   Thumb Code   130  stm32f10x_tim.o(.text)
    TI1_Config                               0x08001f6f   Thumb Code   108  stm32f10x_tim.o(.text)
    .text                                    0x08002726   Section        0  list.o(.text)
    .text                                    0x080027bc   Section        0  queue.o(.text)
    prvInitialiseNewQueue                    0x08002845   Thumb Code    46  queue.o(.text)
    prvCopyDataToQueue                       0x080028c1   Thumb Code   124  queue.o(.text)
    prvNotifyQueueSetContainer               0x0800293d   Thumb Code   124  queue.o(.text)
    prvUnlockQueue                           0x080029b9   Thumb Code   146  queue.o(.text)
    prvIsQueueFull                           0x08002a4b   Thumb Code    30  queue.o(.text)
    prvInitialiseMutex                       0x08002c31   Thumb Code    28  queue.o(.text)
    prvIsQueueEmpty                          0x08002cb1   Thumb Code    26  queue.o(.text)
    prvCopyDataFromQueue                     0x08002ccb   Thumb Code    42  queue.o(.text)
    .text                                    0x080034c8   Section        0  tasks.o(.text)
    prvInitialiseTaskLists                   0x080034c9   Thumb Code    70  tasks.o(.text)
    prvAddNewTaskToReadyList                 0x0800350f   Thumb Code   156  tasks.o(.text)
    prvInitialiseNewTask                     0x080035ab   Thumb Code   170  tasks.o(.text)
    prvResetNextTaskUnblockTime              0x080036b5   Thumb Code    42  tasks.o(.text)
    prvDeleteTCB                             0x080036df   Thumb Code    18  tasks.o(.text)
    prvAddCurrentTaskToDelayedList           0x08003a13   Thumb Code   124  tasks.o(.text)
    prvTaskIsTaskSuspended                   0x08003ed3   Thumb Code    76  tasks.o(.text)
    prvCheckTasksWaitingTermination          0x08004031   Thumb Code    86  tasks.o(.text)
    prvIdleTask                              0x08004087   Thumb Code    32  tasks.o(.text)
    prvTaskCheckFreeStackSpace               0x080041c5   Thumb Code    22  tasks.o(.text)
    prvListTasksWithinSingleList             0x0800424d   Thumb Code   106  tasks.o(.text)
    prvWriteNameToBuffer                     0x08004777   Thumb Code    42  tasks.o(.text)
    .text                                    0x08004ce8   Section        0  timers.o(.text)
    prvInsertTimerInActiveList               0x08004ce9   Thumb Code    80  timers.o(.text)
    prvSwitchTimerLists                      0x08004daf   Thumb Code   140  timers.o(.text)
    prvSampleTimeNow                         0x08004e3b   Thumb Code    40  timers.o(.text)
    prvProcessReceivedCommands               0x08004e63   Thumb Code   254  timers.o(.text)
    prvProcessExpiredTimer                   0x08004f61   Thumb Code    84  timers.o(.text)
    prvProcessTimerOrBlockTask               0x08004fb5   Thumb Code   102  timers.o(.text)
    prvGetNextExpireTime                     0x0800501b   Thumb Code    36  timers.o(.text)
    prvTimerTask                             0x0800503f   Thumb Code    26  timers.o(.text)
    prvCheckForValidListAndQueue             0x08005059   Thumb Code    72  timers.o(.text)
    prvInitialiseNewTimer                    0x080050d9   Thumb Code   166  timers.o(.text)
    .text                                    0x08005328   Section        0  port.o(.text)
    prvTaskExitError                         0x08005329   Thumb Code    48  port.o(.text)
    .text                                    0x08005594   Section        0  heap_4.o(.text)
    prvInsertBlockIntoFreeList               0x08005595   Thumb Code    96  heap_4.o(.text)
    prvHeapInit                              0x080055f5   Thumb Code    98  heap_4.o(.text)
    .text                                    0x08005834   Section        2  use_no_semi_2.o(.text)
    .text                                    0x08005838   Section        0  noretval__2printf.o(.text)
    .text                                    0x08005850   Section        0  noretval__2sprintf.o(.text)
    .text                                    0x08005878   Section        0  __printf.o(.text)
    .text                                    0x080058e0   Section        0  _printf_str.o(.text)
    .text                                    0x08005934   Section        0  _printf_dec.o(.text)
    .text                                    0x080059ac   Section        0  strcpy.o(.text)
    .text                                    0x080059f4   Section        0  strlen.o(.text)
    .text                                    0x08005a32   Section      138  rt_memcpy_v6.o(.text)
    .text                                    0x08005abc   Section       16  aeabi_memset.o(.text)
    .text                                    0x08005acc   Section        0  heapauxi.o(.text)
    .text                                    0x08005ad2   Section        2  use_no_semi.o(.text)
    .text                                    0x08005ad4   Section        0  _printf_intcommon.o(.text)
    .text                                    0x08005b88   Section        0  _printf_char_common.o(.text)
    _printf_input_char                       0x08005b89   Thumb Code    10  _printf_char_common.o(.text)
    .text                                    0x08005bb8   Section        0  _sputc.o(.text)
    .text                                    0x08005bc2   Section        0  _printf_char.o(.text)
    .text                                    0x08005bf0   Section        0  _printf_char_file.o(.text)
    .text                                    0x08005c14   Section      100  rt_memcpy_w.o(.text)
    .text                                    0x08005c78   Section       68  rt_memclr.o(.text)
    .text                                    0x08005cbc   Section        0  ferror.o(.text)
    .text                                    0x08005cc4   Section       78  rt_memclr_w.o(.text)
    .text                                    0x08005d12   Section       74  sys_stackheap_outer.o(.text)
    .text                                    0x08005d5c   Section        0  exit.o(.text)
    .text                                    0x08005d70   Section        8  libspace.o(.text)
    .data                                    0x20000000   Section       12  main.o(.data)
    .data                                    0x2000000c   Section       20  system_stm32f10x.o(.data)
    .data                                    0x20000020   Section        3  light.o(.data)
    .data                                    0x20000023   Section        1  timer.o(.data)
    .data                                    0x20000024   Section        1  key.o(.data)
    key_up                                   0x20000024   Data           1  key.o(.data)
    .data                                    0x20000026   Section        4  delay.o(.data)
    fac_us                                   0x20000026   Data           1  delay.o(.data)
    fac_ms                                   0x20000028   Data           2  delay.o(.data)
    .data                                    0x2000002c   Section        4  usart.o(.data)
    .data                                    0x20000030   Section       20  stm32f10x_rcc.o(.data)
    APBAHBPrescTable                         0x20000030   Data          16  stm32f10x_rcc.o(.data)
    ADCPrescTable                            0x20000040   Data           4  stm32f10x_rcc.o(.data)
    .data                                    0x20000044   Section       60  tasks.o(.data)
    pxDelayedTaskList                        0x20000048   Data           4  tasks.o(.data)
    pxOverflowDelayedTaskList                0x2000004c   Data           4  tasks.o(.data)
    uxDeletedTasksWaitingCleanUp             0x20000050   Data           4  tasks.o(.data)
    uxCurrentNumberOfTasks                   0x20000054   Data           4  tasks.o(.data)
    xTickCount                               0x20000058   Data           4  tasks.o(.data)
    uxTopReadyPriority                       0x2000005c   Data           4  tasks.o(.data)
    xSchedulerRunning                        0x20000060   Data           4  tasks.o(.data)
    uxPendedTicks                            0x20000064   Data           4  tasks.o(.data)
    xYieldPending                            0x20000068   Data           4  tasks.o(.data)
    xNumOfOverflows                          0x2000006c   Data           4  tasks.o(.data)
    uxTaskNumber                             0x20000070   Data           4  tasks.o(.data)
    xNextTaskUnblockTime                     0x20000074   Data           4  tasks.o(.data)
    xIdleTaskHandle                          0x20000078   Data           4  tasks.o(.data)
    uxSchedulerSuspended                     0x2000007c   Data           4  tasks.o(.data)
    .data                                    0x20000080   Section       20  timers.o(.data)
    pxCurrentTimerList                       0x20000080   Data           4  timers.o(.data)
    pxOverflowTimerList                      0x20000084   Data           4  timers.o(.data)
    xTimerQueue                              0x20000088   Data           4  timers.o(.data)
    xTimerTaskHandle                         0x2000008c   Data           4  timers.o(.data)
    xLastTime                                0x20000090   Data           4  timers.o(.data)
    .data                                    0x20000094   Section       12  port.o(.data)
    uxCriticalNesting                        0x20000094   Data           4  port.o(.data)
    ucMaxSysCallPriority                     0x20000098   Data           1  port.o(.data)
    ulMaxPRIGROUPValue                       0x2000009c   Data           4  port.o(.data)
    .data                                    0x200000a0   Section       24  heap_4.o(.data)
    xStart                                   0x200000a0   Data           8  heap_4.o(.data)
    pxEnd                                    0x200000a8   Data           4  heap_4.o(.data)
    xFreeBytesRemaining                      0x200000ac   Data           4  heap_4.o(.data)
    xMinimumEverFreeBytesRemaining           0x200000b0   Data           4  heap_4.o(.data)
    xBlockAllocatedBit                       0x200000b4   Data           4  heap_4.o(.data)
    .bss                                     0x200000b8   Section      130  usart.o(.bss)
    .bss                                     0x2000013c   Section       64  queue.o(.bss)
    .bss                                     0x2000017c   Section      740  tasks.o(.bss)
    pxReadyTasksLists                        0x2000017c   Data         640  tasks.o(.bss)
    xDelayedTaskList1                        0x200003fc   Data          20  tasks.o(.bss)
    xDelayedTaskList2                        0x20000410   Data          20  tasks.o(.bss)
    xPendingReadyList                        0x20000424   Data          20  tasks.o(.bss)
    xTasksWaitingTermination                 0x20000438   Data          20  tasks.o(.bss)
    xSuspendedTaskList                       0x2000044c   Data          20  tasks.o(.bss)
    .bss                                     0x20000460   Section       40  timers.o(.bss)
    xActiveTimerList1                        0x20000460   Data          20  timers.o(.bss)
    xActiveTimerList2                        0x20000474   Data          20  timers.o(.bss)
    .bss                                     0x20000488   Section    20480  heap_4.o(.bss)
    ucHeap                                   0x20000488   Data       20480  heap_4.o(.bss)
    .bss                                     0x20005488   Section       96  libspace.o(.bss)
    HEAP                                     0x200054e8   Section      512  startup_stm32f10x_hd.o(HEAP)
    Heap_Mem                                 0x200054e8   Data         512  startup_stm32f10x_hd.o(HEAP)
    STACK                                    0x200056e8   Section     1024  startup_stm32f10x_hd.o(STACK)
    Stack_Mem                                0x200056e8   Data        1024  startup_stm32f10x_hd.o(STACK)
    __initial_sp                             0x20005ae8   Data           0  startup_stm32f10x_hd.o(STACK)

    Global Symbols

    Symbol Name                              Value     Ov Type        Size  Object(Section)

    BuildAttributes$$THM_ISAv4$P$D$K$B$S$PE$A:L22UL41UL21$X:L11$S22US41US21$IEEE1$IW$USESV6$~STKCKD$USESV7$~SHL$OSPACE$ROPI$EBA8$UX$STANDARDLIB$REQ8$PRES8$EABIv2 0x00000000   Number         0  anon$$obj.o ABSOLUTE
    __ARM_use_no_argv                        0x00000000   Number         0  main.o ABSOLUTE
    __ARM_exceptions_init                     - Undefined Weak Reference
    __alloca_initialize                       - Undefined Weak Reference
    __arm_preinit_                            - Undefined Weak Reference
    __cpp_initialize__aeabi_                  - Undefined Weak Reference
    __cxa_finalize                            - Undefined Weak Reference
    __rt_locale                               - Undefined Weak Reference
    __sigvec_lookup                           - Undefined Weak Reference
    _atexit_init                              - Undefined Weak Reference
    _call_atexit_fns                          - Undefined Weak Reference
    _clock_init                               - Undefined Weak Reference
    _fp_trap_init                             - Undefined Weak Reference
    _fp_trap_shutdown                         - Undefined Weak Reference
    _get_lc_collate                           - Undefined Weak Reference
    _get_lc_ctype                             - Undefined Weak Reference
    _get_lc_monetary                          - Undefined Weak Reference
    _get_lc_numeric                           - Undefined Weak Reference
    _get_lc_time                              - Undefined Weak Reference
    _getenv_init                              - Undefined Weak Reference
    _handle_redirection                       - Undefined Weak Reference
    _init_alloc                               - Undefined Weak Reference
    _init_user_alloc                          - Undefined Weak Reference
    _initio                                   - Undefined Weak Reference
    _mutex_acquire                            - Undefined Weak Reference
    _mutex_release                            - Undefined Weak Reference
    _printf_mbtowc                            - Undefined Weak Reference
    _printf_post_padding                      - Undefined Weak Reference
    _printf_pre_padding                       - Undefined Weak Reference
    _printf_truncate_signed                   - Undefined Weak Reference
    _printf_truncate_unsigned                 - Undefined Weak Reference
    _rand_init                                - Undefined Weak Reference
    _signal_finish                            - Undefined Weak Reference
    _signal_init                              - Undefined Weak Reference
    _terminate_alloc                          - Undefined Weak Reference
    _terminate_user_alloc                     - Undefined Weak Reference
    _terminateio                              - Undefined Weak Reference
    __Vectors_Size                           0x00000130   Number         0  startup_stm32f10x_hd.o ABSOLUTE
    __Vectors                                0x08000000   Data           4  startup_stm32f10x_hd.o(RESET)
    __Vectors_End                            0x08000130   Data           0  startup_stm32f10x_hd.o(RESET)
    __main                                   0x08000131   Thumb Code     8  __main.o(!!!main)
    __scatterload                            0x08000139   Thumb Code     0  __scatter.o(!!!scatter)
    __scatterload_rt2                        0x08000139   Thumb Code    44  __scatter.o(!!!scatter)
    __scatterload_rt2_thumb_only             0x08000139   Thumb Code     0  __scatter.o(!!!scatter)
    __scatterload_null                       0x08000147   Thumb Code     0  __scatter.o(!!!scatter)
    __scatterload_copy                       0x0800016d   Thumb Code    26  __scatter_copy.o(!!handler_copy)
    __scatterload_zeroinit                   0x08000189   Thumb Code    28  __scatter_zi.o(!!handler_zi)
    _printf_d                                0x080001a5   Thumb Code     0  _printf_d.o(.ARM.Collect$$_printf_percent$$00000009)
    _printf_percent                          0x080001a5   Thumb Code     0  _printf_percent.o(.ARM.Collect$$_printf_percent$$00000000)
    _printf_u                                0x080001ab   Thumb Code     0  _printf_u.o(.ARM.Collect$$_printf_percent$$0000000A)
    _printf_c                                0x080001b1   Thumb Code     0  _printf_c.o(.ARM.Collect$$_printf_percent$$00000013)
    _printf_s                                0x080001b7   Thumb Code     0  _printf_s.o(.ARM.Collect$$_printf_percent$$00000014)
    _printf_percent_end                      0x080001bd   Thumb Code     0  _printf_percent_end.o(.ARM.Collect$$_printf_percent$$00000017)
    __rt_lib_init                            0x080001c1   Thumb Code     0  libinit.o(.ARM.Collect$$libinit$$00000000)
    __rt_lib_init_alloca_1                   0x080001c3   Thumb Code     0  libinit2.o(.ARM.Collect$$libinit$$0000002E)
    __rt_lib_init_argv_1                     0x080001c3   Thumb Code     0  libinit2.o(.ARM.Collect$$libinit$$0000002C)
    __rt_lib_init_atexit_1                   0x080001c3   Thumb Code     0  libinit2.o(.ARM.Collect$$libinit$$0000001B)
    __rt_lib_init_clock_1                    0x080001c3   Thumb Code     0  libinit2.o(.ARM.Collect$$libinit$$00000021)
    __rt_lib_init_cpp_1                      0x080001c3   Thumb Code     0  libinit2.o(.ARM.Collect$$libinit$$00000032)
    __rt_lib_init_exceptions_1               0x080001c3   Thumb Code     0  libinit2.o(.ARM.Collect$$libinit$$00000030)
    __rt_lib_init_fp_1                       0x080001c3   Thumb Code     0  libinit2.o(.ARM.Collect$$libinit$$00000002)
    __rt_lib_init_fp_trap_1                  0x080001c3   Thumb Code     0  libinit2.o(.ARM.Collect$$libinit$$0000001F)
    __rt_lib_init_getenv_1                   0x080001c3   Thumb Code     0  libinit2.o(.ARM.Collect$$libinit$$00000023)
    __rt_lib_init_heap_1                     0x080001c3   Thumb Code     0  libinit2.o(.ARM.Collect$$libinit$$0000000A)
    __rt_lib_init_lc_collate_1               0x080001c3   Thumb Code     0  libinit2.o(.ARM.Collect$$libinit$$00000011)
    __rt_lib_init_lc_ctype_1                 0x080001c3   Thumb Code     0  libinit2.o(.ARM.Collect$$libinit$$00000013)
    __rt_lib_init_lc_monetary_1              0x080001c3   Thumb Code     0  libinit2.o(.ARM.Collect$$libinit$$00000015)
    __rt_lib_init_lc_numeric_1               0x080001c3   Thumb Code     0  libinit2.o(.ARM.Collect$$libinit$$00000017)
    __rt_lib_init_lc_time_1                  0x080001c3   Thumb Code     0  libinit2.o(.ARM.Collect$$libinit$$00000019)
    __rt_lib_init_preinit_1                  0x080001c3   Thumb Code     0  libinit2.o(.ARM.Collect$$libinit$$00000004)
    __rt_lib_init_rand_1                     0x080001c3   Thumb Code     0  libinit2.o(.ARM.Collect$$libinit$$0000000E)
    __rt_lib_init_return                     0x080001c3   Thumb Code     0  libinit2.o(.ARM.Collect$$libinit$$00000033)
    __rt_lib_init_signal_1                   0x080001c3   Thumb Code     0  libinit2.o(.ARM.Collect$$libinit$$0000001D)
    __rt_lib_init_stdio_1                    0x080001c3   Thumb Code     0  libinit2.o(.ARM.Collect$$libinit$$00000025)
    __rt_lib_init_user_alloc_1               0x080001c3   Thumb Code     0  libinit2.o(.ARM.Collect$$libinit$$0000000C)
    __rt_lib_shutdown                        0x080001c5   Thumb Code     0  libshutdown.o(.ARM.Collect$$libshutdown$$00000000)
    __rt_lib_shutdown_cpp_1                  0x080001c7   Thumb Code     0  libshutdown2.o(.ARM.Collect$$libshutdown$$00000002)
    __rt_lib_shutdown_fp_trap_1              0x080001c7   Thumb Code     0  libshutdown2.o(.ARM.Collect$$libshutdown$$00000007)
    __rt_lib_shutdown_heap_1                 0x080001c7   Thumb Code     0  libshutdown2.o(.ARM.Collect$$libshutdown$$0000000F)
    __rt_lib_shutdown_return                 0x080001c7   Thumb Code     0  libshutdown2.o(.ARM.Collect$$libshutdown$$00000010)
    __rt_lib_shutdown_signal_1               0x080001c7   Thumb Code     0  libshutdown2.o(.ARM.Collect$$libshutdown$$0000000A)
    __rt_lib_shutdown_stdio_1                0x080001c7   Thumb Code     0  libshutdown2.o(.ARM.Collect$$libshutdown$$00000004)
    __rt_lib_shutdown_user_alloc_1           0x080001c7   Thumb Code     0  libshutdown2.o(.ARM.Collect$$libshutdown$$0000000C)
    __rt_entry                               0x080001c9   Thumb Code     0  __rtentry.o(.ARM.Collect$$rtentry$$00000000)
    __rt_entry_presh_1                       0x080001c9   Thumb Code     0  __rtentry2.o(.ARM.Collect$$rtentry$$00000002)
    __rt_entry_sh                            0x080001c9   Thumb Code     0  __rtentry4.o(.ARM.Collect$$rtentry$$00000004)
    __rt_entry_li                            0x080001cf   Thumb Code     0  __rtentry2.o(.ARM.Collect$$rtentry$$0000000A)
    __rt_entry_postsh_1                      0x080001cf   Thumb Code     0  __rtentry2.o(.ARM.Collect$$rtentry$$00000009)
    __rt_entry_main                          0x080001d3   Thumb Code     0  __rtentry2.o(.ARM.Collect$$rtentry$$0000000D)
    __rt_entry_postli_1                      0x080001d3   Thumb Code     0  __rtentry2.o(.ARM.Collect$$rtentry$$0000000C)
    __rt_exit                                0x080001db   Thumb Code     0  rtexit.o(.ARM.Collect$$rtexit$$00000000)
    __rt_exit_ls                             0x080001dd   Thumb Code     0  rtexit2.o(.ARM.Collect$$rtexit$$00000003)
    __rt_exit_prels_1                        0x080001dd   Thumb Code     0  rtexit2.o(.ARM.Collect$$rtexit$$00000002)
    __rt_exit_exit                           0x080001e1   Thumb Code     0  rtexit2.o(.ARM.Collect$$rtexit$$00000004)
    SVC_Handler                              0x080001e9   Thumb Code    32  port.o(.emb_text)
    __asm___6_port_c_39a90d8d__prvStartFirstTask 0x0800020d   Thumb Code    28  port.o(.emb_text)
    PendSV_Handler                           0x0800022d   Thumb Code    72  port.o(.emb_text)
    vPortGetIPSR                             0x08000279   Thumb Code     6  port.o(.emb_text)
    uart2_task                               0x08000281   Thumb Code    46  main.o(.text)
    key_task                                 0x080002af   Thumb Code    44  main.o(.text)
    start_task                               0x080002db   Thumb Code    66  main.o(.text)
    main                                     0x0800031d   Thumb Code    76  main.o(.text)
    connect                                  0x08000369   Thumb Code    28  main.o(.text)
    NMI_Handler                              0x080003f9   Thumb Code     2  stm32f10x_it.o(.text)
    HardFault_Handler                        0x080003fb   Thumb Code     4  stm32f10x_it.o(.text)
    MemManage_Handler                        0x080003ff   Thumb Code     4  stm32f10x_it.o(.text)
    BusFault_Handler                         0x08000403   Thumb Code     4  stm32f10x_it.o(.text)
    UsageFault_Handler                       0x08000407   Thumb Code     4  stm32f10x_it.o(.text)
    DebugMon_Handler                         0x0800040b   Thumb Code     2  stm32f10x_it.o(.text)
    SystemInit                               0x080004eb   Thumb Code    78  system_stm32f10x.o(.text)
    SystemCoreClockUpdate                    0x08000539   Thumb Code   142  system_stm32f10x.o(.text)
    mstrclr                                  0x080005ed   Thumb Code    16  mystr.o(.text)
    mstrchr                                  0x080005fd   Thumb Code    26  mystr.o(.text)
    hex2int                                  0x08000617   Thumb Code    42  mystr.o(.text)
    Light_RGB                                0x08000641   Thumb Code    34  light.o(.text)
    Light_Init                               0x08000663   Thumb Code    16  light.o(.text)
    Set_RGB                                  0x08000673   Thumb Code    10  light.o(.text)
    Light_Char                               0x0800067d   Thumb Code   158  light.o(.text)
    Light_String                             0x0800071b   Thumb Code   124  light.o(.text)
    TIM3_Int_Init                            0x080007a1   Thumb Code    90  timer.o(.text)
    TIM3_IRQHandler                          0x080007fb   Thumb Code    60  timer.o(.text)
    TIM4_PWM_Init                            0x08000837   Thumb Code   164  timer.o(.text)
    KEY_Init                                 0x080008f1   Thumb Code    52  key.o(.text)
    KEY_Scan                                 0x08000925   Thumb Code   150  key.o(.text)
    SysTick_Handler                          0x080009c9   Thumb Code    16  delay.o(.text)
    delay_init                               0x080009d9   Thumb Code    74  delay.o(.text)
    delay_us                                 0x08000a23   Thumb Code    68  delay.o(.text)
    delay_ms                                 0x08000a67   Thumb Code    60  delay.o(.text)
    delay_xms                                0x08000aa3   Thumb Code    24  delay.o(.text)
    _sys_exit                                0x08000acd   Thumb Code     6  usart.o(.text)
    fputc                                    0x08000ad3   Thumb Code    24  usart.o(.text)
    USART1_Init                              0x08000aeb   Thumb Code   152  usart.o(.text)
    RX_Clr                                   0x08000b83   Thumb Code     8  usart.o(.text)
    USART2_Init                              0x08000b8b   Thumb Code   160  usart.o(.text)
    USART_SendString                         0x08000c2b   Thumb Code    46  usart.o(.text)
    USART1_IRQHandler                        0x08000c59   Thumb Code    46  usart.o(.text)
    USART2_IRQHandler                        0x08000c87   Thumb Code    76  usart.o(.text)
    Reset_Handler                            0x08000ce9   Thumb Code     8  startup_stm32f10x_hd.o(.text)
    ADC1_2_IRQHandler                        0x08000d03   Thumb Code     0  startup_stm32f10x_hd.o(.text)
    ADC3_IRQHandler                          0x08000d03   Thumb Code     0  startup_stm32f10x_hd.o(.text)
    CAN1_RX1_IRQHandler                      0x08000d03   Thumb Code     0  startup_stm32f10x_hd.o(.text)
    CAN1_SCE_IRQHandler                      0x08000d03   Thumb Code     0  startup_stm32f10x_hd.o(.text)
    DMA1_Channel1_IRQHandler                 0x08000d03   Thumb Code     0  startup_stm32f10x_hd.o(.text)
    DMA1_Channel2_IRQHandler                 0x08000d03   Thumb Code     0  startup_stm32f10x_hd.o(.text)
    DMA1_Channel3_IRQHandler                 0x08000d03   Thumb Code     0  startup_stm32f10x_hd.o(.text)
    DMA1_Channel4_IRQHandler                 0x08000d03   Thumb Code     0  startup_stm32f10x_hd.o(.text)
    DMA1_Channel5_IRQHandler                 0x08000d03   Thumb Code     0  startup_stm32f10x_hd.o(.text)
    DMA1_Channel6_IRQHandler                 0x08000d03   Thumb Code     0  startup_stm32f10x_hd.o(.text)
    DMA1_Channel7_IRQHandler                 0x08000d03   Thumb Code     0  startup_stm32f10x_hd.o(.text)
    DMA2_Channel1_IRQHandler                 0x08000d03   Thumb Code     0  startup_stm32f10x_hd.o(.text)
    DMA2_Channel2_IRQHandler                 0x08000d03   Thumb Code     0  startup_stm32f10x_hd.o(.text)
    DMA2_Channel3_IRQHandler                 0x08000d03   Thumb Code     0  startup_stm32f10x_hd.o(.text)
    DMA2_Channel4_5_IRQHandler               0x08000d03   Thumb Code     0  startup_stm32f10x_hd.o(.text)
    EXTI0_IRQHandler                         0x08000d03   Thumb Code     0  startup_stm32f10x_hd.o(.text)
    EXTI15_10_IRQHandler                     0x08000d03   Thumb Code     0  startup_stm32f10x_hd.o(.text)
    EXTI1_IRQHandler                         0x08000d03   Thumb Code     0  startup_stm32f10x_hd.o(.text)
    EXTI2_IRQHandler                         0x08000d03   Thumb Code     0  startup_stm32f10x_hd.o(.text)
    EXTI3_IRQHandler                         0x08000d03   Thumb Code     0  startup_stm32f10x_hd.o(.text)
    EXTI4_IRQHandler                         0x08000d03   Thumb Code     0  startup_stm32f10x_hd.o(.text)
    EXTI9_5_IRQHandler                       0x08000d03   Thumb Code     0  startup_stm32f10x_hd.o(.text)
    FLASH_IRQHandler                         0x08000d03   Thumb Code     0  startup_stm32f10x_hd.o(.text)
    FSMC_IRQHandler                          0x08000d03   Thumb Code     0  startup_stm32f10x_hd.o(.text)
    I2C1_ER_IRQHandler                       0x08000d03   Thumb Code     0  startup_stm32f10x_hd.o(.text)
    I2C1_EV_IRQHandler                       0x08000d03   Thumb Code     0  startup_stm32f10x_hd.o(.text)
    I2C2_ER_IRQHandler                       0x08000d03   Thumb Code     0  startup_stm32f10x_hd.o(.text)
    I2C2_EV_IRQHandler                       0x08000d03   Thumb Code     0  startup_stm32f10x_hd.o(.text)
    PVD_IRQHandler                           0x08000d03   Thumb Code     0  startup_stm32f10x_hd.o(.text)
    RCC_IRQHandler                           0x08000d03   Thumb Code     0  startup_stm32f10x_hd.o(.text)
    RTCAlarm_IRQHandler                      0x08000d03   Thumb Code     0  startup_stm32f10x_hd.o(.text)
    RTC_IRQHandler                           0x08000d03   Thumb Code     0  startup_stm32f10x_hd.o(.text)
    SDIO_IRQHandler                          0x08000d03   Thumb Code     0  startup_stm32f10x_hd.o(.text)
    SPI1_IRQHandler                          0x08000d03   Thumb Code     0  startup_stm32f10x_hd.o(.text)
    SPI2_IRQHandler                          0x08000d03   Thumb Code     0  startup_stm32f10x_hd.o(.text)
    SPI3_IRQHandler                          0x08000d03   Thumb Code     0  startup_stm32f10x_hd.o(.text)
    TAMPER_IRQHandler                        0x08000d03   Thumb Code     0  startup_stm32f10x_hd.o(.text)
    TIM1_BRK_IRQHandler                      0x08000d03   Thumb Code     0  startup_stm32f10x_hd.o(.text)
    TIM1_CC_IRQHandler                       0x08000d03   Thumb Code     0  startup_stm32f10x_hd.o(.text)
    TIM1_TRG_COM_IRQHandler                  0x08000d03   Thumb Code     0  startup_stm32f10x_hd.o(.text)
    TIM1_UP_IRQHandler                       0x08000d03   Thumb Code     0  startup_stm32f10x_hd.o(.text)
    TIM2_IRQHandler                          0x08000d03   Thumb Code     0  startup_stm32f10x_hd.o(.text)
    TIM4_IRQHandler                          0x08000d03   Thumb Code     0  startup_stm32f10x_hd.o(.text)
    TIM5_IRQHandler                          0x08000d03   Thumb Code     0  startup_stm32f10x_hd.o(.text)
    TIM6_IRQHandler                          0x08000d03   Thumb Code     0  startup_stm32f10x_hd.o(.text)
    TIM7_IRQHandler                          0x08000d03   Thumb Code     0  startup_stm32f10x_hd.o(.text)
    TIM8_BRK_IRQHandler                      0x08000d03   Thumb Code     0  startup_stm32f10x_hd.o(.text)
    TIM8_CC_IRQHandler                       0x08000d03   Thumb Code     0  startup_stm32f10x_hd.o(.text)
    TIM8_TRG_COM_IRQHandler                  0x08000d03   Thumb Code     0  startup_stm32f10x_hd.o(.text)
    TIM8_UP_IRQHandler                       0x08000d03   Thumb Code     0  startup_stm32f10x_hd.o(.text)
    UART4_IRQHandler                         0x08000d03   Thumb Code     0  startup_stm32f10x_hd.o(.text)
    UART5_IRQHandler                         0x08000d03   Thumb Code     0  startup_stm32f10x_hd.o(.text)
    USART3_IRQHandler                        0x08000d03   Thumb Code     0  startup_stm32f10x_hd.o(.text)
    USBWakeUp_IRQHandler                     0x08000d03   Thumb Code     0  startup_stm32f10x_hd.o(.text)
    USB_HP_CAN1_TX_IRQHandler                0x08000d03   Thumb Code     0  startup_stm32f10x_hd.o(.text)
    USB_LP_CAN1_RX0_IRQHandler               0x08000d03   Thumb Code     0  startup_stm32f10x_hd.o(.text)
    WWDG_IRQHandler                          0x08000d03   Thumb Code     0  startup_stm32f10x_hd.o(.text)
    __user_initial_stackheap                 0x08000d05   Thumb Code     0  startup_stm32f10x_hd.o(.text)
    NVIC_PriorityGroupConfig                 0x08000d29   Thumb Code    10  misc.o(.text)
    NVIC_Init                                0x08000d33   Thumb Code   100  misc.o(.text)
    NVIC_SetVectorTable                      0x08000d97   Thumb Code    14  misc.o(.text)
    NVIC_SystemLPConfig                      0x08000da5   Thumb Code    34  misc.o(.text)
    SysTick_CLKSourceConfig                  0x08000dc7   Thumb Code    40  misc.o(.text)
    GPIO_DeInit                              0x08000e05   Thumb Code   172  stm32f10x_gpio.o(.text)
    GPIO_AFIODeInit                          0x08000eb1   Thumb Code    20  stm32f10x_gpio.o(.text)
    GPIO_Init                                0x08000ec5   Thumb Code   278  stm32f10x_gpio.o(.text)
    GPIO_StructInit                          0x08000fdb   Thumb Code    16  stm32f10x_gpio.o(.text)
    GPIO_ReadInputDataBit                    0x08000feb   Thumb Code    18  stm32f10x_gpio.o(.text)
    GPIO_ReadInputData                       0x08000ffd   Thumb Code     8  stm32f10x_gpio.o(.text)
    GPIO_ReadOutputDataBit                   0x08001005   Thumb Code    18  stm32f10x_gpio.o(.text)
    GPIO_ReadOutputData                      0x08001017   Thumb Code     8  stm32f10x_gpio.o(.text)
    GPIO_SetBits                             0x0800101f   Thumb Code     4  stm32f10x_gpio.o(.text)
    GPIO_ResetBits                           0x08001023   Thumb Code     4  stm32f10x_gpio.o(.text)
    GPIO_WriteBit                            0x08001027   Thumb Code    10  stm32f10x_gpio.o(.text)
    GPIO_Write                               0x08001031   Thumb Code     4  stm32f10x_gpio.o(.text)
    GPIO_PinLockConfig                       0x08001035   Thumb Code    18  stm32f10x_gpio.o(.text)
    GPIO_EventOutputConfig                   0x08001047   Thumb Code    26  stm32f10x_gpio.o(.text)
    GPIO_EventOutputCmd                      0x08001061   Thumb Code     6  stm32f10x_gpio.o(.text)
    GPIO_PinRemapConfig                      0x08001067   Thumb Code   138  stm32f10x_gpio.o(.text)
    GPIO_EXTILineConfig                      0x080010f1   Thumb Code    66  stm32f10x_gpio.o(.text)
    GPIO_ETH_MediaInterfaceConfig            0x08001133   Thumb Code     8  stm32f10x_gpio.o(.text)
    RCC_DeInit                               0x08001161   Thumb Code    64  stm32f10x_rcc.o(.text)
    RCC_HSEConfig                            0x080011a1   Thumb Code    70  stm32f10x_rcc.o(.text)
    RCC_GetFlagStatus                        0x080011e7   Thumb Code    56  stm32f10x_rcc.o(.text)
    RCC_WaitForHSEStartUp                    0x0800121f   Thumb Code    56  stm32f10x_rcc.o(.text)
    RCC_AdjustHSICalibrationValue            0x08001257   Thumb Code    20  stm32f10x_rcc.o(.text)
    RCC_HSICmd                               0x0800126b   Thumb Code     6  stm32f10x_rcc.o(.text)
    RCC_PLLConfig                            0x08001271   Thumb Code    24  stm32f10x_rcc.o(.text)
    RCC_PLLCmd                               0x08001289   Thumb Code     6  stm32f10x_rcc.o(.text)
    RCC_SYSCLKConfig                         0x0800128f   Thumb Code    18  stm32f10x_rcc.o(.text)
    RCC_GetSYSCLKSource                      0x080012a1   Thumb Code    10  stm32f10x_rcc.o(.text)
    RCC_HCLKConfig                           0x080012ab   Thumb Code    18  stm32f10x_rcc.o(.text)
    RCC_PCLK1Config                          0x080012bd   Thumb Code    18  stm32f10x_rcc.o(.text)
    RCC_PCLK2Config                          0x080012cf   Thumb Code    20  stm32f10x_rcc.o(.text)
    RCC_ITConfig                             0x080012e3   Thumb Code    26  stm32f10x_rcc.o(.text)
    RCC_USBCLKConfig                         0x080012fd   Thumb Code     8  stm32f10x_rcc.o(.text)
    RCC_ADCCLKConfig                         0x08001305   Thumb Code    18  stm32f10x_rcc.o(.text)
    RCC_LSEConfig                            0x08001317   Thumb Code    50  stm32f10x_rcc.o(.text)
    RCC_LSICmd                               0x08001349   Thumb Code     6  stm32f10x_rcc.o(.text)
    RCC_RTCCLKConfig                         0x0800134f   Thumb Code    12  stm32f10x_rcc.o(.text)
    RCC_RTCCLKCmd                            0x0800135b   Thumb Code     8  stm32f10x_rcc.o(.text)
    RCC_GetClocksFreq                        0x08001363   Thumb Code   192  stm32f10x_rcc.o(.text)
    RCC_AHBPeriphClockCmd                    0x08001423   Thumb Code    26  stm32f10x_rcc.o(.text)
    RCC_APB2PeriphClockCmd                   0x0800143d   Thumb Code    26  stm32f10x_rcc.o(.text)
    RCC_APB1PeriphClockCmd                   0x08001457   Thumb Code    26  stm32f10x_rcc.o(.text)
    RCC_APB2PeriphResetCmd                   0x08001471   Thumb Code    26  stm32f10x_rcc.o(.text)
    RCC_APB1PeriphResetCmd                   0x0800148b   Thumb Code    26  stm32f10x_rcc.o(.text)
    RCC_BackupResetCmd                       0x080014a5   Thumb Code     8  stm32f10x_rcc.o(.text)
    RCC_ClockSecuritySystemCmd               0x080014ad   Thumb Code     6  stm32f10x_rcc.o(.text)
    RCC_MCOConfig                            0x080014b3   Thumb Code     6  stm32f10x_rcc.o(.text)
    RCC_ClearFlag                            0x080014b9   Thumb Code    14  stm32f10x_rcc.o(.text)
    RCC_GetITStatus                          0x080014c7   Thumb Code    20  stm32f10x_rcc.o(.text)
    RCC_ClearITPendingBit                    0x080014db   Thumb Code     6  stm32f10x_rcc.o(.text)
    USART_DeInit                             0x08001505   Thumb Code   134  stm32f10x_usart.o(.text)
    USART_Init                               0x0800158b   Thumb Code   210  stm32f10x_usart.o(.text)
    USART_StructInit                         0x0800165d   Thumb Code    24  stm32f10x_usart.o(.text)
    USART_ClockInit                          0x08001675   Thumb Code    34  stm32f10x_usart.o(.text)
    USART_ClockStructInit                    0x08001697   Thumb Code    12  stm32f10x_usart.o(.text)
    USART_Cmd                                0x080016a3   Thumb Code    24  stm32f10x_usart.o(.text)
    USART_ITConfig                           0x080016bb   Thumb Code    74  stm32f10x_usart.o(.text)
    USART_DMACmd                             0x08001705   Thumb Code    18  stm32f10x_usart.o(.text)
    USART_SetAddress                         0x08001717   Thumb Code    18  stm32f10x_usart.o(.text)
    USART_WakeUpConfig                       0x08001729   Thumb Code    18  stm32f10x_usart.o(.text)
    USART_ReceiverWakeUpCmd                  0x0800173b   Thumb Code    24  stm32f10x_usart.o(.text)
    USART_LINBreakDetectLengthConfig         0x08001753   Thumb Code    18  stm32f10x_usart.o(.text)
    USART_LINCmd                             0x08001765   Thumb Code    24  stm32f10x_usart.o(.text)
    USART_SendData                           0x0800177d   Thumb Code     8  stm32f10x_usart.o(.text)
    USART_ReceiveData                        0x08001785   Thumb Code    10  stm32f10x_usart.o(.text)
    USART_SendBreak                          0x0800178f   Thumb Code    10  stm32f10x_usart.o(.text)
    USART_SetGuardTime                       0x08001799   Thumb Code    16  stm32f10x_usart.o(.text)
    USART_SetPrescaler                       0x080017a9   Thumb Code    16  stm32f10x_usart.o(.text)
    USART_SmartCardCmd                       0x080017b9   Thumb Code    24  stm32f10x_usart.o(.text)
    USART_SmartCardNACKCmd                   0x080017d1   Thumb Code    24  stm32f10x_usart.o(.text)
    USART_HalfDuplexCmd                      0x080017e9   Thumb Code    24  stm32f10x_usart.o(.text)
    USART_OverSampling8Cmd                   0x08001801   Thumb Code    22  stm32f10x_usart.o(.text)
    USART_OneBitMethodCmd                    0x08001817   Thumb Code    24  stm32f10x_usart.o(.text)
    USART_IrDAConfig                         0x0800182f   Thumb Code    18  stm32f10x_usart.o(.text)
    USART_IrDACmd                            0x08001841   Thumb Code    24  stm32f10x_usart.o(.text)
    USART_GetFlagStatus                      0x08001859   Thumb Code    26  stm32f10x_usart.o(.text)
    USART_ClearFlag                          0x08001873   Thumb Code    18  stm32f10x_usart.o(.text)
    USART_GetITStatus                        0x08001885   Thumb Code    84  stm32f10x_usart.o(.text)
    USART_ClearITPendingBit                  0x080018d9   Thumb Code    52  stm32f10x_usart.o(.text)
    TIM_DeInit                               0x0800190d   Thumb Code   424  stm32f10x_tim.o(.text)
    TIM_TimeBaseInit                         0x08001ab5   Thumb Code   122  stm32f10x_tim.o(.text)
    TIM_OC1Init                              0x08001b2f   Thumb Code   132  stm32f10x_tim.o(.text)
    TIM_OC2Init                              0x08001bb3   Thumb Code   154  stm32f10x_tim.o(.text)
    TIM_OC3Init                              0x08001c4d   Thumb Code   150  stm32f10x_tim.o(.text)
    TIM_OC4Init                              0x08001ce3   Thumb Code   182  stm32f10x_tim.o(.text)
    TIM_SetIC4Prescaler                      0x08001d99   Thumb Code    26  stm32f10x_tim.o(.text)
    TIM_SetIC3Prescaler                      0x08001e35   Thumb Code    18  stm32f10x_tim.o(.text)
    TIM_SetIC2Prescaler                      0x08001ec1   Thumb Code    26  stm32f10x_tim.o(.text)
    TIM_SetIC1Prescaler                      0x08001f5d   Thumb Code    18  stm32f10x_tim.o(.text)
    TIM_ICInit                               0x08001fdb   Thumb Code   150  stm32f10x_tim.o(.text)
    TIM_PWMIConfig                           0x08002071   Thumb Code   124  stm32f10x_tim.o(.text)
    TIM_BDTRConfig                           0x080020ed   Thumb Code    32  stm32f10x_tim.o(.text)
    TIM_TimeBaseStructInit                   0x0800210d   Thumb Code    18  stm32f10x_tim.o(.text)
    TIM_OCStructInit                         0x0800211f   Thumb Code    20  stm32f10x_tim.o(.text)
    TIM_ICStructInit                         0x08002133   Thumb Code    18  stm32f10x_tim.o(.text)
    TIM_BDTRStructInit                       0x08002145   Thumb Code    40  stm32f10x_tim.o(.text)
    TIM_Cmd                                  0x0800216d   Thumb Code    24  stm32f10x_tim.o(.text)
    TIM_CtrlPWMOutputs                       0x08002185   Thumb Code    30  stm32f10x_tim.o(.text)
    TIM_ITConfig                             0x080021a3   Thumb Code    18  stm32f10x_tim.o(.text)
    TIM_GenerateEvent                        0x080021b5   Thumb Code     4  stm32f10x_tim.o(.text)
    TIM_DMAConfig                            0x080021b9   Thumb Code    10  stm32f10x_tim.o(.text)
    TIM_DMACmd                               0x080021c3   Thumb Code    18  stm32f10x_tim.o(.text)
    TIM_InternalClockConfig                  0x080021d5   Thumb Code    12  stm32f10x_tim.o(.text)
    TIM_SelectInputTrigger                   0x080021e1   Thumb Code    18  stm32f10x_tim.o(.text)
    TIM_ITRxExternalClockConfig              0x080021f3   Thumb Code    24  stm32f10x_tim.o(.text)
    TIM_TIxExternalClockConfig               0x0800220b   Thumb Code    62  stm32f10x_tim.o(.text)
    TIM_ETRConfig                            0x08002249   Thumb Code    28  stm32f10x_tim.o(.text)
    TIM_ETRClockMode1Config                  0x08002265   Thumb Code    54  stm32f10x_tim.o(.text)
    TIM_ETRClockMode2Config                  0x0800229b   Thumb Code    32  stm32f10x_tim.o(.text)
    TIM_PrescalerConfig                      0x080022bb   Thumb Code     6  stm32f10x_tim.o(.text)
    TIM_CounterModeConfig                    0x080022c1   Thumb Code    18  stm32f10x_tim.o(.text)
    TIM_EncoderInterfaceConfig               0x080022d3   Thumb Code    66  stm32f10x_tim.o(.text)
    TIM_ForcedOC1Config                      0x08002315   Thumb Code    18  stm32f10x_tim.o(.text)
    TIM_ForcedOC2Config                      0x08002327   Thumb Code    26  stm32f10x_tim.o(.text)
    TIM_ForcedOC3Config                      0x08002341   Thumb Code    18  stm32f10x_tim.o(.text)
    TIM_ForcedOC4Config                      0x08002353   Thumb Code    26  stm32f10x_tim.o(.text)
    TIM_ARRPreloadConfig                     0x0800236d   Thumb Code    24  stm32f10x_tim.o(.text)
    TIM_SelectCOM                            0x08002385   Thumb Code    24  stm32f10x_tim.o(.text)
    TIM_SelectCCDMA                          0x0800239d   Thumb Code    24  stm32f10x_tim.o(.text)
    TIM_CCPreloadControl                     0x080023b5   Thumb Code    24  stm32f10x_tim.o(.text)
    TIM_OC1PreloadConfig                     0x080023cd   Thumb Code    18  stm32f10x_tim.o(.text)
    TIM_OC2PreloadConfig                     0x080023df   Thumb Code    26  stm32f10x_tim.o(.text)
    TIM_OC3PreloadConfig                     0x080023f9   Thumb Code    18  stm32f10x_tim.o(.text)
    TIM_OC4PreloadConfig                     0x0800240b   Thumb Code    26  stm32f10x_tim.o(.text)
    TIM_OC1FastConfig                        0x08002425   Thumb Code    18  stm32f10x_tim.o(.text)
    TIM_OC2FastConfig                        0x08002437   Thumb Code    26  stm32f10x_tim.o(.text)
    TIM_OC3FastConfig                        0x08002451   Thumb Code    18  stm32f10x_tim.o(.text)
    TIM_OC4FastConfig                        0x08002463   Thumb Code    26  stm32f10x_tim.o(.text)
    TIM_ClearOC1Ref                          0x0800247d   Thumb Code    18  stm32f10x_tim.o(.text)
    TIM_ClearOC2Ref                          0x0800248f   Thumb Code    24  stm32f10x_tim.o(.text)
    TIM_ClearOC3Ref                          0x080024a7   Thumb Code    18  stm32f10x_tim.o(.text)
    TIM_ClearOC4Ref                          0x080024b9   Thumb Code    24  stm32f10x_tim.o(.text)
    TIM_OC1PolarityConfig                    0x080024d1   Thumb Code    18  stm32f10x_tim.o(.text)
    TIM_OC1NPolarityConfig                   0x080024e3   Thumb Code    18  stm32f10x_tim.o(.text)
    TIM_OC2PolarityConfig                    0x080024f5   Thumb Code    26  stm32f10x_tim.o(.text)
    TIM_OC2NPolarityConfig                   0x0800250f   Thumb Code    26  stm32f10x_tim.o(.text)
    TIM_OC3PolarityConfig                    0x08002529   Thumb Code    26  stm32f10x_tim.o(.text)
    TIM_OC3NPolarityConfig                   0x08002543   Thumb Code    26  stm32f10x_tim.o(.text)
    TIM_OC4PolarityConfig                    0x0800255d   Thumb Code    26  stm32f10x_tim.o(.text)
    TIM_CCxCmd                               0x08002577   Thumb Code    30  stm32f10x_tim.o(.text)
    TIM_CCxNCmd                              0x08002595   Thumb Code    30  stm32f10x_tim.o(.text)
    TIM_SelectOCxM                           0x080025b3   Thumb Code    82  stm32f10x_tim.o(.text)
    TIM_UpdateDisableConfig                  0x08002605   Thumb Code    24  stm32f10x_tim.o(.text)
    TIM_UpdateRequestConfig                  0x0800261d   Thumb Code    24  stm32f10x_tim.o(.text)
    TIM_SelectHallSensor                     0x08002635   Thumb Code    24  stm32f10x_tim.o(.text)
    TIM_SelectOnePulseMode                   0x0800264d   Thumb Code    18  stm32f10x_tim.o(.text)
    TIM_SelectOutputTrigger                  0x0800265f   Thumb Code    18  stm32f10x_tim.o(.text)
    TIM_SelectSlaveMode                      0x08002671   Thumb Code    18  stm32f10x_tim.o(.text)
    TIM_SelectMasterSlaveMode                0x08002683   Thumb Code    18  stm32f10x_tim.o(.text)
    TIM_SetCounter                           0x08002695   Thumb Code     4  stm32f10x_tim.o(.text)
    TIM_SetAutoreload                        0x08002699   Thumb Code     4  stm32f10x_tim.o(.text)
    TIM_SetCompare1                          0x0800269d   Thumb Code     4  stm32f10x_tim.o(.text)
    TIM_SetCompare2                          0x080026a1   Thumb Code     4  stm32f10x_tim.o(.text)
    TIM_SetCompare3                          0x080026a5   Thumb Code     4  stm32f10x_tim.o(.text)
    TIM_SetCompare4                          0x080026a9   Thumb Code     6  stm32f10x_tim.o(.text)
    TIM_SetClockDivision                     0x080026af   Thumb Code    18  stm32f10x_tim.o(.text)
    TIM_GetCapture1                          0x080026c1   Thumb Code     6  stm32f10x_tim.o(.text)
    TIM_GetCapture2                          0x080026c7   Thumb Code     6  stm32f10x_tim.o(.text)
    TIM_GetCapture3                          0x080026cd   Thumb Code     6  stm32f10x_tim.o(.text)
    TIM_GetCapture4                          0x080026d3   Thumb Code     8  stm32f10x_tim.o(.text)
    TIM_GetCounter                           0x080026db   Thumb Code     6  stm32f10x_tim.o(.text)
    TIM_GetPrescaler                         0x080026e1   Thumb Code     6  stm32f10x_tim.o(.text)
    TIM_GetFlagStatus                        0x080026e7   Thumb Code    18  stm32f10x_tim.o(.text)
    TIM_ClearFlag                            0x080026f9   Thumb Code     6  stm32f10x_tim.o(.text)
    TIM_GetITStatus                          0x080026ff   Thumb Code    34  stm32f10x_tim.o(.text)
    TIM_ClearITPendingBit                    0x08002721   Thumb Code     6  stm32f10x_tim.o(.text)
    vListInitialise                          0x08002727   Thumb Code    26  list.o(.text)
    vListInitialiseItem                      0x08002741   Thumb Code     6  list.o(.text)
    vListInsertEnd                           0x08002747   Thumb Code    24  list.o(.text)
    vListInsert                              0x0800275f   Thumb Code    52  list.o(.text)
    uxListRemove                             0x08002793   Thumb Code    40  list.o(.text)
    xQueueGenericReset                       0x080027bd   Thumb Code   136  queue.o(.text)
    xQueueGenericCreate                      0x08002873   Thumb Code    78  queue.o(.text)
    xQueueGenericSend                        0x08002a69   Thumb Code   456  queue.o(.text)
    xQueueCreateMutex                        0x08002c4d   Thumb Code    34  queue.o(.text)
    xQueueGiveMutexRecursive                 0x08002c6f   Thumb Code    66  queue.o(.text)
    xQueueGenericReceive                     0x08002cf5   Thumb Code   428  queue.o(.text)
    xQueueTakeMutexRecursive                 0x08002ea1   Thumb Code    76  queue.o(.text)
    xQueueCreateCountingSemaphore            0x08002eed   Thumb Code    80  queue.o(.text)
    xQueueGenericSendFromISR                 0x08002f3d   Thumb Code   252  queue.o(.text)
    xQueueGiveFromISR                        0x08003039   Thumb Code   228  queue.o(.text)
    xQueueReceiveFromISR                     0x0800311d   Thumb Code   190  queue.o(.text)
    xQueuePeekFromISR                        0x080031db   Thumb Code   158  queue.o(.text)
    uxQueueMessagesWaiting                   0x08003279   Thumb Code    36  queue.o(.text)
    uxQueueSpacesAvailable                   0x0800329d   Thumb Code    42  queue.o(.text)
    uxQueueMessagesWaitingFromISR            0x080032c7   Thumb Code    28  queue.o(.text)
    vQueueUnregisterQueue                    0x080032e3   Thumb Code    44  queue.o(.text)
    vQueueDelete                             0x0800330f   Thumb Code    38  queue.o(.text)
    uxQueueGetQueueNumber                    0x08003335   Thumb Code     6  queue.o(.text)
    vQueueSetQueueNumber                     0x0800333b   Thumb Code     4  queue.o(.text)
    ucQueueGetQueueType                      0x0800333f   Thumb Code     8  queue.o(.text)
    xQueueIsQueueEmptyFromISR                0x08003347   Thumb Code    36  queue.o(.text)
    xQueueIsQueueFullFromISR                 0x0800336b   Thumb Code    40  queue.o(.text)
    vQueueAddToRegistry                      0x08003393   Thumb Code    38  queue.o(.text)
    pcQueueGetName                           0x080033b9   Thumb Code    38  queue.o(.text)
    vQueueWaitForMessageRestricted           0x080033df   Thumb Code    74  queue.o(.text)
    xQueueCreateSet                          0x08003429   Thumb Code    20  queue.o(.text)
    xQueueAddToSet                           0x0800343d   Thumb Code    38  queue.o(.text)
    xQueueRemoveFromSet                      0x08003463   Thumb Code    48  queue.o(.text)
    xQueueSelectFromSet                      0x08003493   Thumb Code    26  queue.o(.text)
    xQueueSelectFromSetFromISR               0x080034ad   Thumb Code    22  queue.o(.text)
    xTaskCreate                              0x08003655   Thumb Code    96  tasks.o(.text)
    vTaskDelete                              0x080036f1   Thumb Code   192  tasks.o(.text)
    xTaskIncrementTick                       0x080037b1   Thumb Code   392  tasks.o(.text)
    xTaskResumeAll                           0x08003939   Thumb Code   218  tasks.o(.text)
    vTaskSuspendAll                          0x08003a8f   Thumb Code    12  tasks.o(.text)
    vTaskDelayUntil                          0x08003a9b   Thumb Code   182  tasks.o(.text)
    vTaskDelay                               0x08003b51   Thumb Code    76  tasks.o(.text)
    eTaskGetState                            0x08003b9d   Thumb Code   106  tasks.o(.text)
    uxTaskPriorityGet                        0x08003c07   Thumb Code    30  tasks.o(.text)
    uxTaskPriorityGetFromISR                 0x08003c25   Thumb Code    62  tasks.o(.text)
    vTaskPrioritySet                         0x08003c63   Thumb Code   320  tasks.o(.text)
    vTaskSwitchContext                       0x08003da3   Thumb Code   114  tasks.o(.text)
    vTaskSuspend                             0x08003e15   Thumb Code   190  tasks.o(.text)
    vTaskResume                              0x08003f1f   Thumb Code   122  tasks.o(.text)
    xTaskResumeFromISR                       0x08003f99   Thumb Code   152  tasks.o(.text)
    vTaskStartScheduler                      0x080040a7   Thumb Code   112  tasks.o(.text)
    vTaskEndScheduler                        0x08004117   Thumb Code    32  tasks.o(.text)
    xTaskGetTickCount                        0x08004137   Thumb Code     6  tasks.o(.text)
    xTaskGetTickCountFromISR                 0x0800413d   Thumb Code    16  tasks.o(.text)
    uxTaskGetNumberOfTasks                   0x0800414d   Thumb Code     6  tasks.o(.text)
    pcTaskGetName                            0x08004153   Thumb Code   114  tasks.o(.text)
    vTaskGetInfo                             0x080041db   Thumb Code   114  tasks.o(.text)
    uxTaskGetSystemState                     0x080042b7   Thumb Code   152  tasks.o(.text)
    vTaskPlaceOnEventList                    0x0800434f   Thumb Code    46  tasks.o(.text)
    vTaskPlaceOnUnorderedEventList           0x0800437d   Thumb Code    88  tasks.o(.text)
    vTaskPlaceOnEventListRestricted          0x080043d5   Thumb Code    54  tasks.o(.text)
    xTaskRemoveFromEventList                 0x0800440b   Thumb Code   122  tasks.o(.text)
    xTaskRemoveFromUnorderedEventList        0x08004485   Thumb Code   142  tasks.o(.text)
    vTaskSetTimeOutState                     0x08004513   Thumb Code    36  tasks.o(.text)
    xTaskCheckForTimeOut                     0x08004537   Thumb Code   124  tasks.o(.text)
    vTaskMissedYield                         0x080045b3   Thumb Code     8  tasks.o(.text)
    uxTaskGetTaskNumber                      0x080045bb   Thumb Code    66  tasks.o(.text)
    vTaskSetTaskNumber                       0x080045fd   Thumb Code     8  tasks.o(.text)
    xTaskGetCurrentTaskHandle                0x08004605   Thumb Code     6  tasks.o(.text)
    xTaskGetSchedulerState                   0x0800460b   Thumb Code    24  tasks.o(.text)
    vTaskPriorityInherit                     0x08004623   Thumb Code   164  tasks.o(.text)
    xTaskPriorityDisinherit                  0x080046c7   Thumb Code   176  tasks.o(.text)
    vTaskList                                0x080047a1   Thumb Code   204  tasks.o(.text)
    uxTaskResetEventItemValue                0x0800486d   Thumb Code    24  tasks.o(.text)
    pvTaskIncrementMutexHeldCount            0x08004885   Thumb Code    26  tasks.o(.text)
    ulTaskNotifyTake                         0x0800489f   Thumb Code   108  tasks.o(.text)
    xTaskNotifyWait                          0x0800490b   Thumb Code   150  tasks.o(.text)
    xTaskGenericNotify                       0x080049a1   Thumb Code   276  tasks.o(.text)
    xTaskGenericNotifyFromISR                0x08004ab5   Thumb Code   282  tasks.o(.text)
    vTaskNotifyGiveFromISR                   0x08004bcf   Thumb Code   200  tasks.o(.text)
    xTaskNotifyStateClear                    0x08004c97   Thumb Code    48  tasks.o(.text)
    xTimerGenericCommand                     0x08004d39   Thumb Code   118  timers.o(.text)
    xTimerCreateTimerTask                    0x080050a1   Thumb Code    56  timers.o(.text)
    xTimerCreate                             0x0800517f   Thumb Code    48  timers.o(.text)
    xTimerGetTimerDaemonTaskHandle           0x080051af   Thumb Code    38  timers.o(.text)
    xTimerGetPeriod                          0x080051d5   Thumb Code    28  timers.o(.text)
    xTimerGetExpiryTime                      0x080051f1   Thumb Code    30  timers.o(.text)
    pcTimerGetName                           0x0800520f   Thumb Code    28  timers.o(.text)
    xTimerIsTimerActive                      0x0800522b   Thumb Code    50  timers.o(.text)
    pvTimerGetTimerID                        0x0800525d   Thumb Code    38  timers.o(.text)
    vTimerSetTimerID                         0x08005283   Thumb Code    38  timers.o(.text)
    xTimerPendFunctionCallFromISR            0x080052a9   Thumb Code    48  timers.o(.text)
    xTimerPendFunctionCall                   0x080052d9   Thumb Code    70  timers.o(.text)
    pxPortInitialiseStack                    0x08005359   Thumb Code    30  port.o(.text)
    vPortSetupTimerInterrupt                 0x08005377   Thumb Code    26  port.o(.text)
    xPortStartScheduler                      0x08005391   Thumb Code   140  port.o(.text)
    vPortEndScheduler                        0x0800541d   Thumb Code    34  port.o(.text)
    vPortEnterCritical                       0x0800543f   Thumb Code    70  port.o(.text)
    vPortExitCritical                        0x08005485   Thumb Code    48  port.o(.text)
    xPortSysTickHandler                      0x080054b5   Thumb Code    48  port.o(.text)
    vPortValidateInterruptPriority           0x080054e5   Thumb Code    88  port.o(.text)
    pvPortMalloc                             0x08005657   Thumb Code   262  heap_4.o(.text)
    vPortFree                                0x0800575d   Thumb Code   120  heap_4.o(.text)
    xPortGetFreeHeapSize                     0x080057d5   Thumb Code     6  heap_4.o(.text)
    xPortGetMinimumEverFreeHeapSize          0x080057db   Thumb Code     6  heap_4.o(.text)
    vPortInitialiseBlocks                    0x080057e1   Thumb Code     2  heap_4.o(.text)
    __use_no_semihosting                     0x08005835   Thumb Code     2  use_no_semi_2.o(.text)
    __2printf                                0x08005839   Thumb Code    20  noretval__2printf.o(.text)
    __2sprintf                               0x08005851   Thumb Code    34  noretval__2sprintf.o(.text)
    __printf                                 0x08005879   Thumb Code   104  __printf.o(.text)
    _printf_str                              0x080058e1   Thumb Code    82  _printf_str.o(.text)
    _printf_int_dec                          0x08005935   Thumb Code   104  _printf_dec.o(.text)
    strcpy                                   0x080059ad   Thumb Code    72  strcpy.o(.text)
    strlen                                   0x080059f5   Thumb Code    62  strlen.o(.text)
    __aeabi_memcpy                           0x08005a33   Thumb Code     0  rt_memcpy_v6.o(.text)
    __rt_memcpy                              0x08005a33   Thumb Code   138  rt_memcpy_v6.o(.text)
    _memcpy_lastbytes                        0x08005a99   Thumb Code     0  rt_memcpy_v6.o(.text)
    __aeabi_memset                           0x08005abd   Thumb Code    16  aeabi_memset.o(.text)
    __use_two_region_memory                  0x08005acd   Thumb Code     2  heapauxi.o(.text)
    __rt_heap_escrow$2region                 0x08005acf   Thumb Code     2  heapauxi.o(.text)
    __rt_heap_expand$2region                 0x08005ad1   Thumb Code     2  heapauxi.o(.text)
    __I$use$semihosting                      0x08005ad3   Thumb Code     0  use_no_semi.o(.text)
    __use_no_semihosting_swi                 0x08005ad3   Thumb Code     2  use_no_semi.o(.text)
    _printf_int_common                       0x08005ad5   Thumb Code   178  _printf_intcommon.o(.text)
    _printf_char_common                      0x08005b93   Thumb Code    32  _printf_char_common.o(.text)
    _sputc                                   0x08005bb9   Thumb Code    10  _sputc.o(.text)
    _printf_cs_common                        0x08005bc3   Thumb Code    20  _printf_char.o(.text)
    _printf_char                             0x08005bd7   Thumb Code    16  _printf_char.o(.text)
    _printf_string                           0x08005be7   Thumb Code     8  _printf_char.o(.text)
    _printf_char_file                        0x08005bf1   Thumb Code    32  _printf_char_file.o(.text)
    __aeabi_memcpy4                          0x08005c15   Thumb Code     0  rt_memcpy_w.o(.text)
    __aeabi_memcpy8                          0x08005c15   Thumb Code     0  rt_memcpy_w.o(.text)
    __rt_memcpy_w                            0x08005c15   Thumb Code   100  rt_memcpy_w.o(.text)
    _memcpy_lastbytes_aligned                0x08005c5d   Thumb Code     0  rt_memcpy_w.o(.text)
    __aeabi_memclr                           0x08005c79   Thumb Code     0  rt_memclr.o(.text)
    __rt_memclr                              0x08005c79   Thumb Code    68  rt_memclr.o(.text)
    _memset                                  0x08005c7d   Thumb Code     0  rt_memclr.o(.text)
    ferror                                   0x08005cbd   Thumb Code     8  ferror.o(.text)
    __aeabi_memclr4                          0x08005cc5   Thumb Code     0  rt_memclr_w.o(.text)
    __aeabi_memclr8                          0x08005cc5   Thumb Code     0  rt_memclr_w.o(.text)
    __rt_memclr_w                            0x08005cc5   Thumb Code    78  rt_memclr_w.o(.text)
    _memset_w                                0x08005cc9   Thumb Code     0  rt_memclr_w.o(.text)
    __user_setup_stackheap                   0x08005d13   Thumb Code    74  sys_stackheap_outer.o(.text)
    exit                                     0x08005d5d   Thumb Code    18  exit.o(.text)
    __user_libspace                          0x08005d71   Thumb Code     8  libspace.o(.text)
    __user_perproc_libspace                  0x08005d71   Thumb Code     0  libspace.o(.text)
    __user_perthread_libspace                0x08005d71   Thumb Code     0  libspace.o(.text)
    Region$$Table$$Base                      0x08005d78   Number         0  anon$$obj.o(Region$$Table)
    Region$$Table$$Limit                     0x08005d98   Number         0  anon$$obj.o(Region$$Table)
    StartTask_Handler                        0x20000000   Data           4  main.o(.data)
    Uart2Task_Handler                        0x20000004   Data           4  main.o(.data)
    KeyTask_Handler                          0x20000008   Data           4  main.o(.data)
    SystemCoreClock                          0x2000000c   Data           4  system_stm32f10x.o(.data)
    AHBPrescTable                            0x20000010   Data          16  system_stm32f10x.o(.data)
    rgb                                      0x20000020   Data           3  light.o(.data)
    timeout                                  0x20000023   Data           1  timer.o(.data)
    __stdout                                 0x2000002c   Data           4  usart.o(.data)
    pxCurrentTCB                             0x20000044   Data           4  tasks.o(.data)
    Usart2Rx                                 0x200000b8   Data         130  usart.o(.bss)
    xQueueRegistry                           0x2000013c   Data          64  queue.o(.bss)
    __libspace_start                         0x20005488   Data          96  libspace.o(.bss)
    __temporary_stack_top$libspace           0x200054e8   Data           0  libspace.o(.bss)



==============================================================================

Memory Map of the image

  Image Entry point : 0x08000131

  Load Region LR_IROM1 (Base: 0x08000000, Size: 0x00005e50, Max: 0x00080000, ABSOLUTE)

    Execution Region ER_IROM1 (Exec base: 0x08000000, Load base: 0x08000000, Size: 0x00005d98, Max: 0x00080000, ABSOLUTE)

    Exec Addr    Load Addr    Size         Type   Attr      Idx    E Section Name        Object

    0x08000000   0x08000000   0x00000130   Data   RO          370    RESET               startup_stm32f10x_hd.o
    0x08000130   0x08000130   0x00000008   Code   RO          663  * !!!main             c_w.l(__main.o)
    0x08000138   0x08000138   0x00000034   Code   RO          841    !!!scatter          c_w.l(__scatter.o)
    0x0800016c   0x0800016c   0x0000001a   Code   RO          843    !!handler_copy      c_w.l(__scatter_copy.o)
    0x08000186   0x08000186   0x00000002   PAD
    0x08000188   0x08000188   0x0000001c   Code   RO          845    !!handler_zi        c_w.l(__scatter_zi.o)
    0x080001a4   0x080001a4   0x00000000   Code   RO          652    .ARM.Collect$$_printf_percent$$00000000  c_w.l(_printf_percent.o)
    0x080001a4   0x080001a4   0x00000006   Code   RO          650    .ARM.Collect$$_printf_percent$$00000009  c_w.l(_printf_d.o)
    0x080001aa   0x080001aa   0x00000006   Code   RO          651    .ARM.Collect$$_printf_percent$$0000000A  c_w.l(_printf_u.o)
    0x080001b0   0x080001b0   0x00000006   Code   RO          648    .ARM.Collect$$_printf_percent$$00000013  c_w.l(_printf_c.o)
    0x080001b6   0x080001b6   0x00000006   Code   RO          649    .ARM.Collect$$_printf_percent$$00000014  c_w.l(_printf_s.o)
    0x080001bc   0x080001bc   0x00000004   Code   RO          678    .ARM.Collect$$_printf_percent$$00000017  c_w.l(_printf_percent_end.o)
    0x080001c0   0x080001c0   0x00000002   Code   RO          715    .ARM.Collect$$libinit$$00000000  c_w.l(libinit.o)
    0x080001c2   0x080001c2   0x00000000   Code   RO          722    .ARM.Collect$$libinit$$00000002  c_w.l(libinit2.o)
    0x080001c2   0x080001c2   0x00000000   Code   RO          724    .ARM.Collect$$libinit$$00000004  c_w.l(libinit2.o)
    0x080001c2   0x080001c2   0x00000000   Code   RO          727    .ARM.Collect$$libinit$$0000000A  c_w.l(libinit2.o)
    0x080001c2   0x080001c2   0x00000000   Code   RO          729    .ARM.Collect$$libinit$$0000000C  c_w.l(libinit2.o)
    0x080001c2   0x080001c2   0x00000000   Code   RO          731    .ARM.Collect$$libinit$$0000000E  c_w.l(libinit2.o)
    0x080001c2   0x080001c2   0x00000000   Code   RO          734    .ARM.Collect$$libinit$$00000011  c_w.l(libinit2.o)
    0x080001c2   0x080001c2   0x00000000   Code   RO          736    .ARM.Collect$$libinit$$00000013  c_w.l(libinit2.o)
    0x080001c2   0x080001c2   0x00000000   Code   RO          738    .ARM.Collect$$libinit$$00000015  c_w.l(libinit2.o)
    0x080001c2   0x080001c2   0x00000000   Code   RO          740    .ARM.Collect$$libinit$$00000017  c_w.l(libinit2.o)
    0x080001c2   0x080001c2   0x00000000   Code   RO          742    .ARM.Collect$$libinit$$00000019  c_w.l(libinit2.o)
    0x080001c2   0x080001c2   0x00000000   Code   RO          744    .ARM.Collect$$libinit$$0000001B  c_w.l(libinit2.o)
    0x080001c2   0x080001c2   0x00000000   Code   RO          746    .ARM.Collect$$libinit$$0000001D  c_w.l(libinit2.o)
    0x080001c2   0x080001c2   0x00000000   Code   RO          748    .ARM.Collect$$libinit$$0000001F  c_w.l(libinit2.o)
    0x080001c2   0x080001c2   0x00000000   Code   RO          750    .ARM.Collect$$libinit$$00000021  c_w.l(libinit2.o)
    0x080001c2   0x080001c2   0x00000000   Code   RO          752    .ARM.Collect$$libinit$$00000023  c_w.l(libinit2.o)
    0x080001c2   0x080001c2   0x00000000   Code   RO          754    .ARM.Collect$$libinit$$00000025  c_w.l(libinit2.o)
    0x080001c2   0x080001c2   0x00000000   Code   RO          758    .ARM.Collect$$libinit$$0000002C  c_w.l(libinit2.o)
    0x080001c2   0x080001c2   0x00000000   Code   RO          760    .ARM.Collect$$libinit$$0000002E  c_w.l(libinit2.o)
    0x080001c2   0x080001c2   0x00000000   Code   RO          762    .ARM.Collect$$libinit$$00000030  c_w.l(libinit2.o)
    0x080001c2   0x080001c2   0x00000000   Code   RO          764    .ARM.Collect$$libinit$$00000032  c_w.l(libinit2.o)
    0x080001c2   0x080001c2   0x00000002   Code   RO          765    .ARM.Collect$$libinit$$00000033  c_w.l(libinit2.o)
    0x080001c4   0x080001c4   0x00000002   Code   RO          783    .ARM.Collect$$libshutdown$$00000000  c_w.l(libshutdown.o)
    0x080001c6   0x080001c6   0x00000000   Code   RO          793    .ARM.Collect$$libshutdown$$00000002  c_w.l(libshutdown2.o)
    0x080001c6   0x080001c6   0x00000000   Code   RO          795    .ARM.Collect$$libshutdown$$00000004  c_w.l(libshutdown2.o)
    0x080001c6   0x080001c6   0x00000000   Code   RO          798    .ARM.Collect$$libshutdown$$00000007  c_w.l(libshutdown2.o)
    0x080001c6   0x080001c6   0x00000000   Code   RO          801    .ARM.Collect$$libshutdown$$0000000A  c_w.l(libshutdown2.o)
    0x080001c6   0x080001c6   0x00000000   Code   RO          803    .ARM.Collect$$libshutdown$$0000000C  c_w.l(libshutdown2.o)
    0x080001c6   0x080001c6   0x00000000   Code   RO          806    .ARM.Collect$$libshutdown$$0000000F  c_w.l(libshutdown2.o)
    0x080001c6   0x080001c6   0x00000002   Code   RO          807    .ARM.Collect$$libshutdown$$00000010  c_w.l(libshutdown2.o)
    0x080001c8   0x080001c8   0x00000000   Code   RO          667    .ARM.Collect$$rtentry$$00000000  c_w.l(__rtentry.o)
    0x080001c8   0x080001c8   0x00000000   Code   RO          684    .ARM.Collect$$rtentry$$00000002  c_w.l(__rtentry2.o)
    0x080001c8   0x080001c8   0x00000006   Code   RO          696    .ARM.Collect$$rtentry$$00000004  c_w.l(__rtentry4.o)
    0x080001ce   0x080001ce   0x00000000   Code   RO          686    .ARM.Collect$$rtentry$$00000009  c_w.l(__rtentry2.o)
    0x080001ce   0x080001ce   0x00000004   Code   RO          687    .ARM.Collect$$rtentry$$0000000A  c_w.l(__rtentry2.o)
    0x080001d2   0x080001d2   0x00000000   Code   RO          689    .ARM.Collect$$rtentry$$0000000C  c_w.l(__rtentry2.o)
    0x080001d2   0x080001d2   0x00000008   Code   RO          690    .ARM.Collect$$rtentry$$0000000D  c_w.l(__rtentry2.o)
    0x080001da   0x080001da   0x00000002   Code   RO          719    .ARM.Collect$$rtexit$$00000000  c_w.l(rtexit.o)
    0x080001dc   0x080001dc   0x00000000   Code   RO          767    .ARM.Collect$$rtexit$$00000002  c_w.l(rtexit2.o)
    0x080001dc   0x080001dc   0x00000004   Code   RO          768    .ARM.Collect$$rtexit$$00000003  c_w.l(rtexit2.o)
    0x080001e0   0x080001e0   0x00000006   Code   RO          769    .ARM.Collect$$rtexit$$00000004  c_w.l(rtexit2.o)
    0x080001e6   0x080001e6   0x00000002   PAD
    0x080001e8   0x080001e8   0x00000096   Code   RO          565    .emb_text           port.o
    0x0800027e   0x0800027e   0x00000002   PAD
    0x08000280   0x08000280   0x00000178   Code   RO            1    .text               main.o
    0x080003f8   0x080003f8   0x00000014   Code   RO          165    .text               stm32f10x_it.o
    0x0800040c   0x0800040c   0x000001e0   Code   RO          206    .text               system_stm32f10x.o
    0x080005ec   0x080005ec   0x00000054   Code   RO          224    .text               mystr.o
    0x08000640   0x08000640   0x00000160   Code   RO          242    .text               light.o
    0x080007a0   0x080007a0   0x00000150   Code   RO          263    .text               timer.o
    0x080008f0   0x080008f0   0x000000d8   Code   RO          285    .text               key.o
    0x080009c8   0x080009c8   0x00000104   Code   RO          298    .text               delay.o
    0x08000acc   0x08000acc   0x0000021c   Code   RO          329    .text               usart.o
    0x08000ce8   0x08000ce8   0x00000040   Code   RO          371    .text               startup_stm32f10x_hd.o
    0x08000d28   0x08000d28   0x000000dc   Code   RO          375    .text               misc.o
    0x08000e04   0x08000e04   0x0000035c   Code   RO          387    .text               stm32f10x_gpio.o
    0x08001160   0x08001160   0x000003a4   Code   RO          399    .text               stm32f10x_rcc.o
    0x08001504   0x08001504   0x00000408   Code   RO          413    .text               stm32f10x_usart.o
    0x0800190c   0x0800190c   0x00000e1a   Code   RO          425    .text               stm32f10x_tim.o
    0x08002726   0x08002726   0x00000094   Code   RO          486    .text               list.o
    0x080027ba   0x080027ba   0x00000002   PAD
    0x080027bc   0x080027bc   0x00000d0c   Code   RO          498    .text               queue.o
    0x080034c8   0x080034c8   0x00001820   Code   RO          519    .text               tasks.o
    0x08004ce8   0x08004ce8   0x00000640   Code   RO          550    .text               timers.o
    0x08005328   0x08005328   0x0000026c   Code   RO          566    .text               port.o
    0x08005594   0x08005594   0x000002a0   Code   RO          595    .text               heap_4.o
    0x08005834   0x08005834   0x00000002   Code   RO          612    .text               c_w.l(use_no_semi_2.o)
    0x08005836   0x08005836   0x00000002   PAD
    0x08005838   0x08005838   0x00000018   Code   RO          618    .text               c_w.l(noretval__2printf.o)
    0x08005850   0x08005850   0x00000028   Code   RO          620    .text               c_w.l(noretval__2sprintf.o)
    0x08005878   0x08005878   0x00000068   Code   RO          622    .text               c_w.l(__printf.o)
    0x080058e0   0x080058e0   0x00000052   Code   RO          624    .text               c_w.l(_printf_str.o)
    0x08005932   0x08005932   0x00000002   PAD
    0x08005934   0x08005934   0x00000078   Code   RO          626    .text               c_w.l(_printf_dec.o)
    0x080059ac   0x080059ac   0x00000048   Code   RO          653    .text               c_w.l(strcpy.o)
    0x080059f4   0x080059f4   0x0000003e   Code   RO          655    .text               c_w.l(strlen.o)
    0x08005a32   0x08005a32   0x0000008a   Code   RO          657    .text               c_w.l(rt_memcpy_v6.o)
    0x08005abc   0x08005abc   0x00000010   Code   RO          659    .text               c_w.l(aeabi_memset.o)
    0x08005acc   0x08005acc   0x00000006   Code   RO          661    .text               c_w.l(heapauxi.o)
    0x08005ad2   0x08005ad2   0x00000002   Code   RO          665    .text               c_w.l(use_no_semi.o)
    0x08005ad4   0x08005ad4   0x000000b2   Code   RO          668    .text               c_w.l(_printf_intcommon.o)
    0x08005b86   0x08005b86   0x00000002   PAD
    0x08005b88   0x08005b88   0x00000030   Code   RO          670    .text               c_w.l(_printf_char_common.o)
    0x08005bb8   0x08005bb8   0x0000000a   Code   RO          672    .text               c_w.l(_sputc.o)
    0x08005bc2   0x08005bc2   0x0000002c   Code   RO          674    .text               c_w.l(_printf_char.o)
    0x08005bee   0x08005bee   0x00000002   PAD
    0x08005bf0   0x08005bf0   0x00000024   Code   RO          676    .text               c_w.l(_printf_char_file.o)
    0x08005c14   0x08005c14   0x00000064   Code   RO          679    .text               c_w.l(rt_memcpy_w.o)
    0x08005c78   0x08005c78   0x00000044   Code   RO          681    .text               c_w.l(rt_memclr.o)
    0x08005cbc   0x08005cbc   0x00000008   Code   RO          700    .text               c_w.l(ferror.o)
    0x08005cc4   0x08005cc4   0x0000004e   Code   RO          704    .text               c_w.l(rt_memclr_w.o)
    0x08005d12   0x08005d12   0x0000004a   Code   RO          706    .text               c_w.l(sys_stackheap_outer.o)
    0x08005d5c   0x08005d5c   0x00000012   Code   RO          708    .text               c_w.l(exit.o)
    0x08005d6e   0x08005d6e   0x00000002   PAD
    0x08005d70   0x08005d70   0x00000008   Code   RO          716    .text               c_w.l(libspace.o)
    0x08005d78   0x08005d78   0x00000020   Data   RO          839    Region$$Table       anon$$obj.o


    Execution Region RW_IRAM1 (Exec base: 0x20000000, Load base: 0x08005d98, Size: 0x00005ae8, Max: 0x00010000, ABSOLUTE)

    Exec Addr    Load Addr    Size         Type   Attr      Idx    E Section Name        Object

    0x20000000   0x08005d98   0x0000000c   Data   RW            2    .data               main.o
    0x2000000c   0x08005da4   0x00000014   Data   RW          207    .data               system_stm32f10x.o
    0x20000020   0x08005db8   0x00000003   Data   RW          243    .data               light.o
    0x20000023   0x08005dbb   0x00000001   Data   RW          264    .data               timer.o
    0x20000024   0x08005dbc   0x00000001   Data   RW          286    .data               key.o
    0x20000025   0x08005dbd   0x00000001   PAD
    0x20000026   0x08005dbe   0x00000004   Data   RW          299    .data               delay.o
    0x2000002a   0x08005dc2   0x00000002   PAD
    0x2000002c   0x08005dc4   0x00000004   Data   RW          331    .data               usart.o
    0x20000030   0x08005dc8   0x00000014   Data   RW          400    .data               stm32f10x_rcc.o
    0x20000044   0x08005ddc   0x0000003c   Data   RW          521    .data               tasks.o
    0x20000080   0x08005e18   0x00000014   Data   RW          552    .data               timers.o
    0x20000094   0x08005e2c   0x0000000c   Data   RW          567    .data               port.o
    0x200000a0   0x08005e38   0x00000018   Data   RW          597    .data               heap_4.o
    0x200000b8        -       0x00000082   Zero   RW          330    .bss                usart.o
    0x2000013a   0x08005e50   0x00000002   PAD
    0x2000013c        -       0x00000040   Zero   RW          499    .bss                queue.o
    0x2000017c        -       0x000002e4   Zero   RW          520    .bss                tasks.o
    0x20000460        -       0x00000028   Zero   RW          551    .bss                timers.o
    0x20000488        -       0x00005000   Zero   RW          596    .bss                heap_4.o
    0x20005488        -       0x00000060   Zero   RW          717    .bss                c_w.l(libspace.o)
    0x200054e8        -       0x00000200   Zero   RW          369    HEAP                startup_stm32f10x_hd.o
    0x200056e8        -       0x00000400   Zero   RW          368    STACK               startup_stm32f10x_hd.o


==============================================================================

Image component sizes


      Code (inc. data)   RO Data    RW Data    ZI Data      Debug   Object Name

       260         18          0          4          0       1473   delay.o
         0          0          0          0          0      10280   event_groups.o
       672         82          0         24      20480       3248   heap_4.o
       216         14          0          1          0        808   key.o
       352         10          0          3          0       1969   light.o
       148          0          0          0          0       1810   list.o
       376        116          0         12          0     264588   main.o
       220         22          0          0          0       1777   misc.o
        84          0          0          0          0       2886   mystr.o
       770        100          0         12          0       7643   port.o
      3340         52          0          0         64      18770   queue.o
        64         26        304          0       1536        788   startup_stm32f10x_hd.o
       860         38          0          0          0       5709   stm32f10x_gpio.o
        20          0          0          0          0        899   stm32f10x_it.o
       932         36          0         20          0       8876   stm32f10x_rcc.o
      3610         88          0          0          0      22816   stm32f10x_tim.o
      1032         22          0          0          0       8436   stm32f10x_usart.o
         0          0          0          0          0         32   sys.o
       480         38          0         20          0       1707   system_stm32f10x.o
      6176        402          0         60        740      31988   tasks.o
       336         22          0          1          0       1436   timer.o
      1600        112          0         20         40       8828   timers.o
       540         22          0          4        130       4529   usart.o

    ----------------------------------------------------------------------
     22092       1220        336        184      22992     411296   Object Totals
         0          0         32          0          0          0   (incl. Generated)
         4          0          0          3          2          0   (incl. Padding)

    ----------------------------------------------------------------------

      Code (inc. data)   RO Data    RW Data    ZI Data      Debug   Library Member Name

         8          0          0          0          0         68   __main.o
       104          0          0          0          0         84   __printf.o
         0          0          0          0          0          0   __rtentry.o
        12          0          0          0          0          0   __rtentry2.o
         6          0          0          0          0          0   __rtentry4.o
        52          8          0          0          0          0   __scatter.o
        26          0          0          0          0          0   __scatter_copy.o
        28          0          0          0          0          0   __scatter_zi.o
         6          0          0          0          0          0   _printf_c.o
        44          0          0          0          0        108   _printf_char.o
        48          6          0          0          0         96   _printf_char_common.o
        36          4          0          0          0         80   _printf_char_file.o
         6          0          0          0          0          0   _printf_d.o
       120         16          0          0          0         92   _printf_dec.o
       178          0          0          0          0         88   _printf_intcommon.o
         0          0          0          0          0          0   _printf_percent.o
         4          0          0          0          0          0   _printf_percent_end.o
         6          0          0          0          0          0   _printf_s.o
        82          0          0          0          0         80   _printf_str.o
         6          0          0          0          0          0   _printf_u.o
        10          0          0          0          0         68   _sputc.o
        16          0          0          0          0         68   aeabi_memset.o
        18          0          0          0          0         80   exit.o
         8          0          0          0          0         68   ferror.o
         6          0          0          0          0        152   heapauxi.o
         2          0          0          0          0          0   libinit.o
         2          0          0          0          0          0   libinit2.o
         2          0          0          0          0          0   libshutdown.o
         2          0          0          0          0          0   libshutdown2.o
         8          4          0          0         96         68   libspace.o
        24          4          0          0          0         84   noretval__2printf.o
        40          6          0          0          0         84   noretval__2sprintf.o
        68          0          0          0          0         68   rt_memclr.o
        78          0          0          0          0         80   rt_memclr_w.o
       138          0          0          0          0         68   rt_memcpy_v6.o
       100          0          0          0          0         80   rt_memcpy_w.o
         2          0          0          0          0          0   rtexit.o
        10          0          0          0          0          0   rtexit2.o
        72          0          0          0          0         80   strcpy.o
        62          0          0          0          0         76   strlen.o
        74          0          0          0          0         80   sys_stackheap_outer.o
         2          0          0          0          0         68   use_no_semi.o
         2          0          0          0          0         68   use_no_semi_2.o

    ----------------------------------------------------------------------
      1532         48          0          0         96       2036   Library Totals
        14          0          0          0          0          0   (incl. Padding)

    ----------------------------------------------------------------------

      Code (inc. data)   RO Data    RW Data    ZI Data      Debug   Library Name

      1518         48          0          0         96       2036   c_w.l

    ----------------------------------------------------------------------
      1532         48          0          0         96       2036   Library Totals

    ----------------------------------------------------------------------

==============================================================================


      Code (inc. data)   RO Data    RW Data    ZI Data      Debug   

     23624       1268        336        184      23088     410312   Grand Totals
     23624       1268        336        184      23088     410312   ELF Image Totals
     23624       1268        336        184          0          0   ROM Totals

==============================================================================

    Total RO  Size (Code + RO Data)                23960 (  23.40kB)
    Total RW  Size (RW Data + ZI Data)             23272 (  22.73kB)
    Total ROM Size (Code + RO Data + RW Data)      24144 (  23.58kB)

==============================================================================

